java.lang.StackOverflowError
	at java.base/java.util.HashMap.hash(HashMap.java:338)
	at java.base/java.util.HashMap.put(HashMap.java:610)
	at de.uka.ipd.sdq.stoex.analyser.visitors.ExpressionInferTypeVisitor.caseIntLiteral(ExpressionInferTypeVisitor.java:242)
	at de.uka.ipd.sdq.stoex.util.StoexSwitch.doSwitch(StoexSwitch.java:300)
	at org.eclipse.emf.ecore.util.Switch.doSwitch(Switch.java:53)
	at org.eclipse.emf.ecore.util.Switch.doSwitch(Switch.java:69)
	at de.uka.ipd.sdq.stoex.analyser.visitors.ExpressionInferTypeVisitor.getTypeOfChild(ExpressionInferTypeVisitor.java:333)
	at de.uka.ipd.sdq.stoex.analyser.visitors.ExpressionInferTypeVisitor.caseParenthesis(ExpressionInferTypeVisitor.java:294)
	at de.uka.ipd.sdq.stoex.util.StoexSwitch.doSwitch(StoexSwitch.java:267)
	at org.eclipse.emf.ecore.util.Switch.doSwitch(Switch.java:53)
	at org.eclipse.emf.ecore.util.Switch.doSwitch(Switch.java:69)
	at de.uka.ipd.sdq.stoex.analyser.visitors.ExpressionInferTypeVisitor.getTypeOfChild(ExpressionInferTypeVisitor.java:333)
	at de.uka.ipd.sdq.stoex.analyser.visitors.ExpressionInferTypeVisitor.caseProductExpression(ExpressionInferTypeVisitor.java:121)
	at de.uka.ipd.sdq.stoex.util.StoexSwitch.doSwitch(StoexSwitch.java:238)
	at org.eclipse.emf.ecore.util.Switch.doSwitch(Switch.java:53)
	at org.eclipse.emf.ecore.util.Switch.doSwitch(Switch.java:69)
	at de.uka.ipd.sdq.stoex.analyser.visitors.ExpressionInferTypeVisitor.getTypeOfChild(ExpressionInferTypeVisitor.java:333)
	at de.uka.ipd.sdq.stoex.analyser.visitors.ExpressionInferTypeVisitor.caseParenthesis(ExpressionInferTypeVisitor.java:294)
	at de.uka.ipd.sdq.stoex.util.StoexSwitch.doSwitch(StoexSwitch.java:267)
	at org.eclipse.emf.ecore.util.Switch.doSwitch(Switch.java:53)
	at org.eclipse.emf.ecore.util.Switch.doSwitch(Switch.java:69)
	at de.uka.ipd.sdq.stoex.analyser.visitors.ExpressionInferTypeVisitor.getTypeOfChild(ExpressionInferTypeVisitor.java:333)
	at de.uka.ipd.sdq.stoex.analyser.visitors.ExpressionInferTypeVisitor.caseProductExpression(ExpressionInferTypeVisitor.java:122)
	at de.uka.ipd.sdq.stoex.util.StoexSwitch.doSwitch(StoexSwitch.java:238)
	at org.eclipse.emf.ecore.util.Switch.doSwitch(Switch.java:53)
	at org.eclipse.emf.ecore.util.Switch.doSwitch(Switch.java:69)
	at org.palladiosimulator.solver.core.visitors.ExpressionHelper.getSolvedExpression(ExpressionHelper.java:159)
	at org.palladiosimulator.solver.core.visitors.ExpressionHelper.getSolvedExpression(ExpressionHelper.java:151)
	at org.palladiosimulator.solver.core.handler.InternalActionHandler.getSolvedResourceDemandSpecification(InternalActionHandler.java:141)
	at org.palladiosimulator.solver.core.handler.InternalActionHandler.createActualResourceDemand(InternalActionHandler.java:101)
	at org.palladiosimulator.solver.core.handler.InternalActionHandler.handle(InternalActionHandler.java:68)
	at org.palladiosimulator.solver.core.visitors.SeffVisitor.caseInternalAction(SeffVisitor.java:261)
	at org.palladiosimulator.pcm.seff.util.SeffSwitch.doSwitch(SeffSwitch.java:432)
	at org.eclipse.emf.ecore.util.Switch.doSwitch(Switch.java:53)
	at org.eclipse.emf.ecore.util.Switch.doSwitch(Switch.java:69)
	at org.palladiosimulator.solver.core.visitors.SeffVisitor.caseStartAction(SeffVisitor.java:378)
	at org.palladiosimulator.pcm.seff.util.SeffSwitch.doSwitch(SeffSwitch.java:197)
	at org.eclipse.emf.ecore.util.Switch.doSwitch(Switch.java:53)
	at org.eclipse.emf.ecore.util.Switch.doSwitch(Switch.java:69)
	at org.palladiosimulator.solver.core.visitors.SeffVisitor.caseResourceDemandingSEFF(SeffVisitor.java:343)
	at org.palladiosimulator.pcm.seff.util.SeffSwitch.doSwitch(SeffSwitch.java:218)
	at org.eclipse.emf.ecore.util.Switch.doSwitch(Switch.java:53)
	at org.eclipse.emf.ecore.util.Switch.doSwitch(Switch.java:69)
	at org.palladiosimulator.solver.core.handler.ExternalCallActionHandler.visitSEFF(ExternalCallActionHandler.java:115)
	at org.palladiosimulator.solver.core.handler.ExternalCallActionHandler.handle(ExternalCallActionHandler.java:87)
	at org.palladiosimulator.solver.core.visitors.SeffVisitor.caseExternalCallAction(SeffVisitor.java:210)
	at org.palladiosimulator.pcm.seff.util.SeffSwitch.doSwitch(SeffSwitch.java:305)
	at org.eclipse.emf.ecore.util.Switch.doSwitch(Switch.java:53)
	at org.eclipse.emf.ecore.util.Switch.doSwitch(Switch.java:69)
	at org.palladiosimulator.solver.core.visitors.SeffVisitor.caseStartAction(SeffVisitor.java:378)
	at org.palladiosimulator.pcm.seff.util.SeffSwitch.doSwitch(SeffSwitch.java:197)
	at org.eclipse.emf.ecore.util.Switch.doSwitch(Switch.java:53)
	at org.eclipse.emf.ecore.util.Switch.doSwitch(Switch.java:69)
	at org.palladiosimulator.solver.core.visitors.SeffVisitor.caseResourceDemandingBehaviour(SeffVisitor.java:327)
	at org.palladiosimulator.pcm.seff.util.SeffSwitch.doSwitch(SeffSwitch.java:135)
	at org.eclipse.emf.ecore.util.Switch.doSwitch(Switch.java:53)
	at org.eclipse.emf.ecore.util.Switch.doSwitch(Switch.java:69)
	at org.palladiosimulator.solver.core.handler.AbstractLoopActionHandler.visitLoopBody(AbstractLoopActionHandler.java:49)
	at org.palladiosimulator.solver.core.handler.LoopActionHandler.handle(LoopActionHandler.java:37)
	at org.palladiosimulator.solver.core.visitors.SeffVisitor.caseLoopAction(SeffVisitor.java:279)
	at org.palladiosimulator.pcm.seff.util.SeffSwitch.doSwitch(SeffSwitch.java:255)
	at org.eclipse.emf.ecore.util.Switch.doSwitch(Switch.java:53)
	at org.eclipse.emf.ecore.util.Switch.doSwitch(Switch.java:69)
	at org.palladiosimulator.solver.core.visitors.SeffVisitor.caseInternalAction(SeffVisitor.java:262)
	at org.palladiosimulator.pcm.seff.util.SeffSwitch.doSwitch(SeffSwitch.java:432)
	at org.eclipse.emf.ecore.util.Switch.doSwitch(Switch.java:53)
	at org.eclipse.emf.ecore.util.Switch.doSwitch(Switch.java:69)
	at org.palladiosimulator.solver.core.visitors.SeffVisitor.caseStartAction(SeffVisitor.java:378)
	at org.palladiosimulator.pcm.seff.util.SeffSwitch.doSwitch(SeffSwitch.java:197)
	at org.eclipse.emf.ecore.util.Switch.doSwitch(Switch.java:53)
	at org.eclipse.emf.ecore.util.Switch.doSwitch(Switch.java:69)
	at org.palladiosimulator.solver.core.visitors.SeffVisitor.caseResourceDemandingSEFF(SeffVisitor.java:343)
	at org.palladiosimulator.pcm.seff.util.SeffSwitch.doSwitch(SeffSwitch.java:218)
	at org.eclipse.emf.ecore.util.Switch.doSwitch(Switch.java:53)
	at org.eclipse.emf.ecore.util.Switch.doSwitch(Switch.java:69)
	at org.palladiosimulator.solver.core.handler.ExternalCallActionHandler.visitSEFF(ExternalCallActionHandler.java:115)
	at org.palladiosimulator.solver.core.handler.ExternalCallActionHandler.handle(ExternalCallActionHandler.java:87)
	at org.palladiosimulator.solver.core.visitors.SeffVisitor.caseExternalCallAction(SeffVisitor.java:210)
	at org.palladiosimulator.pcm.seff.util.SeffSwitch.doSwitch(SeffSwitch.java:305)
	at org.eclipse.emf.ecore.util.Switch.doSwitch(Switch.java:53)
	at org.eclipse.emf.ecore.util.Switch.doSwitch(Switch.java:69)
	at org.palladiosimulator.solver.core.visitors.SeffVisitor.caseStartAction(SeffVisitor.java:378)
	at org.palladiosimulator.pcm.seff.util.SeffSwitch.doSwitch(SeffSwitch.java:197)
	at org.eclipse.emf.ecore.util.Switch.doSwitch(Switch.java:53)
	at org.eclipse.emf.ecore.util.Switch.doSwitch(Switch.java:69)
	at org.palladiosimulator.solver.core.visitors.SeffVisitor.caseResourceDemandingBehaviour(SeffVisitor.java:327)
	at org.palladiosimulator.pcm.seff.util.SeffSwitch.doSwitch(SeffSwitch.java:135)
	at org.eclipse.emf.ecore.util.Switch.doSwitch(Switch.java:53)
	at org.eclipse.emf.ecore.util.Switch.doSwitch(Switch.java:69)
	at org.palladiosimulator.solver.core.handler.AbstractLoopActionHandler.visitLoopBody(AbstractLoopActionHandler.java:49)
	at org.palladiosimulator.solver.core.handler.LoopActionHandler.handle(LoopActionHandler.java:37)
	at org.palladiosimulator.solver.core.visitors.SeffVisitor.caseLoopAction(SeffVisitor.java:279)
	at org.palladiosimulator.pcm.seff.util.SeffSwitch.doSwitch(SeffSwitch.java:255)
	at org.eclipse.emf.ecore.util.Switch.doSwitch(Switch.java:53)
	at org.eclipse.emf.ecore.util.Switch.doSwitch(Switch.java:69)
	at org.palladiosimulator.solver.core.visitors.SeffVisitor.caseInternalAction(SeffVisitor.java:262)
	at org.palladiosimulator.pcm.seff.util.SeffSwitch.doSwitch(SeffSwitch.java:432)
	at org.eclipse.emf.ecore.util.Switch.doSwitch(Switch.java:53)
	at org.eclipse.emf.ecore.util.Switch.doSwitch(Switch.java:69)
	at org.palladiosimulator.solver.core.visitors.SeffVisitor.caseStartAction(SeffVisitor.java:378)
	at org.palladiosimulator.pcm.seff.util.SeffSwitch.doSwitch(SeffSwitch.java:197)
	at org.eclipse.emf.ecore.util.Switch.doSwitch(Switch.java:53)
	at org.eclipse.emf.ecore.util.Switch.doSwitch(Switch.java:69)
	at org.palladiosimulator.solver.core.visitors.SeffVisitor.caseResourceDemandingSEFF(SeffVisitor.java:343)
	at org.palladiosimulator.pcm.seff.util.SeffSwitch.doSwitch(SeffSwitch.java:218)
	at org.eclipse.emf.ecore.util.Switch.doSwitch(Switch.java:53)
	at org.eclipse.emf.ecore.util.Switch.doSwitch(Switch.java:69)
	at org.palladiosimulator.solver.core.handler.ExternalCallActionHandler.visitSEFF(ExternalCallActionHandler.java:115)
	at org.palladiosimulator.solver.core.handler.ExternalCallActionHandler.handle(ExternalCallActionHandler.java:87)
	at org.palladiosimulator.solver.core.visitors.SeffVisitor.caseExternalCallAction(SeffVisitor.java:210)
	at org.palladiosimulator.pcm.seff.util.SeffSwitch.doSwitch(SeffSwitch.java:305)
	at org.eclipse.emf.ecore.util.Switch.doSwitch(Switch.java:53)
	at org.eclipse.emf.ecore.util.Switch.doSwitch(Switch.java:69)
	at org.palladiosimulator.solver.core.visitors.SeffVisitor.caseStartAction(SeffVisitor.java:378)
	at org.palladiosimulator.pcm.seff.util.SeffSwitch.doSwitch(SeffSwitch.java:197)
	at org.eclipse.emf.ecore.util.Switch.doSwitch(Switch.java:53)
	at org.eclipse.emf.ecore.util.Switch.doSwitch(Switch.java:69)
	at org.palladiosimulator.solver.core.visitors.SeffVisitor.caseResourceDemandingBehaviour(SeffVisitor.java:327)
	at org.palladiosimulator.pcm.seff.util.SeffSwitch.doSwitch(SeffSwitch.java:135)
	at org.eclipse.emf.ecore.util.Switch.doSwitch(Switch.java:53)
	at org.eclipse.emf.ecore.util.Switch.doSwitch(Switch.java:69)
	at org.palladiosimulator.solver.core.handler.AbstractLoopActionHandler.visitLoopBody(AbstractLoopActionHandler.java:49)
	at org.palladiosimulator.solver.core.handler.LoopActionHandler.handle(LoopActionHandler.java:37)
	at org.palladiosimulator.solver.core.visitors.SeffVisitor.caseLoopAction(SeffVisitor.java:279)
	at org.palladiosimulator.pcm.seff.util.SeffSwitch.doSwitch(SeffSwitch.java:255)
	at org.eclipse.emf.ecore.util.Switch.doSwitch(Switch.java:53)
	at org.eclipse.emf.ecore.util.Switch.doSwitch(Switch.java:69)
	at org.palladiosimulator.solver.core.visitors.SeffVisitor.caseInternalAction(SeffVisitor.java:262)
	at org.palladiosimulator.pcm.seff.util.SeffSwitch.doSwitch(SeffSwitch.java:432)
	at org.eclipse.emf.ecore.util.Switch.doSwitch(Switch.java:53)
	at org.eclipse.emf.ecore.util.Switch.doSwitch(Switch.java:69)
	at org.palladiosimulator.solver.core.visitors.SeffVisitor.caseStartAction(SeffVisitor.java:378)
	at org.palladiosimulator.pcm.seff.util.SeffSwitch.doSwitch(SeffSwitch.java:197)
	at org.eclipse.emf.ecore.util.Switch.doSwitch(Switch.java:53)
	at org.eclipse.emf.ecore.util.Switch.doSwitch(Switch.java:69)
	at org.palladiosimulator.solver.core.visitors.SeffVisitor.caseResourceDemandingSEFF(SeffVisitor.java:343)
	at org.palladiosimulator.pcm.seff.util.SeffSwitch.doSwitch(SeffSwitch.java:218)
	at org.eclipse.emf.ecore.util.Switch.doSwitch(Switch.java:53)
	at org.eclipse.emf.ecore.util.Switch.doSwitch(Switch.java:69)
	at org.palladiosimulator.solver.core.handler.ExternalCallActionHandler.visitSEFF(ExternalCallActionHandler.java:115)
	at org.palladiosimulator.solver.core.handler.ExternalCallActionHandler.handle(ExternalCallActionHandler.java:87)
	at org.palladiosimulator.solver.core.visitors.SeffVisitor.caseExternalCallAction(SeffVisitor.java:210)
	at org.palladiosimulator.pcm.seff.util.SeffSwitch.doSwitch(SeffSwitch.java:305)
	at org.eclipse.emf.ecore.util.Switch.doSwitch(Switch.java:53)
	at org.eclipse.emf.ecore.util.Switch.doSwitch(Switch.java:69)
	at org.palladiosimulator.solver.core.visitors.SeffVisitor.caseStartAction(SeffVisitor.java:378)
	at org.palladiosimulator.pcm.seff.util.SeffSwitch.doSwitch(SeffSwitch.java:197)
	at org.eclipse.emf.ecore.util.Switch.doSwitch(Switch.java:53)
	at org.eclipse.emf.ecore.util.Switch.doSwitch(Switch.java:69)
	at org.palladiosimulator.solver.core.visitors.SeffVisitor.caseResourceDemandingBehaviour(SeffVisitor.java:327)
	at org.palladiosimulator.pcm.seff.util.SeffSwitch.doSwitch(SeffSwitch.java:135)
	at org.eclipse.emf.ecore.util.Switch.doSwitch(Switch.java:53)
	at org.eclipse.emf.ecore.util.Switch.doSwitch(Switch.java:69)
	at org.palladiosimulator.solver.core.handler.AbstractLoopActionHandler.visitLoopBody(AbstractLoopActionHandler.java:49)
	at org.palladiosimulator.solver.core.handler.LoopActionHandler.handle(LoopActionHandler.java:37)
	at org.palladiosimulator.solver.core.visitors.SeffVisitor.caseLoopAction(SeffVisitor.java:279)
	at org.palladiosimulator.pcm.seff.util.SeffSwitch.doSwitch(SeffSwitch.java:255)
	at org.eclipse.emf.ecore.util.Switch.doSwitch(Switch.java:53)
	at org.eclipse.emf.ecore.util.Switch.doSwitch(Switch.java:69)
	at org.palladiosimulator.solver.core.visitors.SeffVisitor.caseInternalAction(SeffVisitor.java:262)
	at org.palladiosimulator.pcm.seff.util.SeffSwitch.doSwitch(SeffSwitch.java:432)
	at org.eclipse.emf.ecore.util.Switch.doSwitch(Switch.java:53)
	at org.eclipse.emf.ecore.util.Switch.doSwitch(Switch.java:69)
	at org.palladiosimulator.solver.core.visitors.SeffVisitor.caseStartAction(SeffVisitor.java:378)
	at org.palladiosimulator.pcm.seff.util.SeffSwitch.doSwitch(SeffSwitch.java:197)
	at org.eclipse.emf.ecore.util.Switch.doSwitch(Switch.java:53)
	at org.eclipse.emf.ecore.util.Switch.doSwitch(Switch.java:69)
	at org.palladiosimulator.solver.core.visitors.SeffVisitor.caseResourceDemandingSEFF(SeffVisitor.java:343)
	at org.palladiosimulator.pcm.seff.util.SeffSwitch.doSwitch(SeffSwitch.java:218)
	at org.eclipse.emf.ecore.util.Switch.doSwitch(Switch.java:53)
	at org.eclipse.emf.ecore.util.Switch.doSwitch(Switch.java:69)
	at org.palladiosimulator.solver.core.handler.ExternalCallActionHandler.visitSEFF(ExternalCallActionHandler.java:115)
	at org.palladiosimulator.solver.core.handler.ExternalCallActionHandler.handle(ExternalCallActionHandler.java:87)
	at org.palladiosimulator.solver.core.visitors.SeffVisitor.caseExternalCallAction(SeffVisitor.java:210)
	at org.palladiosimulator.pcm.seff.util.SeffSwitch.doSwitch(SeffSwitch.java:305)
	at org.eclipse.emf.ecore.util.Switch.doSwitch(Switch.java:53)
	at org.eclipse.emf.ecore.util.Switch.doSwitch(Switch.java:69)
	at org.palladiosimulator.solver.core.visitors.SeffVisitor.caseStartAction(SeffVisitor.java:378)
	at org.palladiosimulator.pcm.seff.util.SeffSwitch.doSwitch(SeffSwitch.java:197)
	at org.eclipse.emf.ecore.util.Switch.doSwitch(Switch.java:53)
	at org.eclipse.emf.ecore.util.Switch.doSwitch(Switch.java:69)
	at org.palladiosimulator.solver.core.visitors.SeffVisitor.caseResourceDemandingBehaviour(SeffVisitor.java:327)
	at org.palladiosimulator.pcm.seff.util.SeffSwitch.doSwitch(SeffSwitch.java:135)
	at org.eclipse.emf.ecore.util.Switch.doSwitch(Switch.java:53)
	at org.eclipse.emf.ecore.util.Switch.doSwitch(Switch.java:69)
	at org.palladiosimulator.solver.core.handler.AbstractLoopActionHandler.visitLoopBody(AbstractLoopActionHandler.java:49)
	at org.palladiosimulator.solver.core.handler.LoopActionHandler.handle(LoopActionHandler.java:37)
	at org.palladiosimulator.solver.core.visitors.SeffVisitor.caseLoopAction(SeffVisitor.java:279)
	at org.palladiosimulator.pcm.seff.util.SeffSwitch.doSwitch(SeffSwitch.java:255)
	at org.eclipse.emf.ecore.util.Switch.doSwitch(Switch.java:53)
	at org.eclipse.emf.ecore.util.Switch.doSwitch(Switch.java:69)
	at org.palladiosimulator.solver.core.visitors.SeffVisitor.caseInternalAction(SeffVisitor.java:262)
	at org.palladiosimulator.pcm.seff.util.SeffSwitch.doSwitch(SeffSwitch.java:432)
	at org.eclipse.emf.ecore.util.Switch.doSwitch(Switch.java:53)
	at org.eclipse.emf.ecore.util.Switch.doSwitch(Switch.java:69)
	at org.palladiosimulator.solver.core.visitors.SeffVisitor.caseStartAction(SeffVisitor.java:378)
	at org.palladiosimulator.pcm.seff.util.SeffSwitch.doSwitch(SeffSwitch.java:197)
	at org.eclipse.emf.ecore.util.Switch.doSwitch(Switch.java:53)
	at org.eclipse.emf.ecore.util.Switch.doSwitch(Switch.java:69)
	at org.palladiosimulator.solver.core.visitors.SeffVisitor.caseResourceDemandingSEFF(SeffVisitor.java:343)
	at org.palladiosimulator.pcm.seff.util.SeffSwitch.doSwitch(SeffSwitch.java:218)
	at org.eclipse.emf.ecore.util.Switch.doSwitch(Switch.java:53)
	at org.eclipse.emf.ecore.util.Switch.doSwitch(Switch.java:69)
	at org.palladiosimulator.solver.core.handler.ExternalCallActionHandler.visitSEFF(ExternalCallActionHandler.java:115)
	at org.palladiosimulator.solver.core.handler.ExternalCallActionHandler.handle(ExternalCallActionHandler.java:87)
	at org.palladiosimulator.solver.core.visitors.SeffVisitor.caseExternalCallAction(SeffVisitor.java:210)
	at org.palladiosimulator.pcm.seff.util.SeffSwitch.doSwitch(SeffSwitch.java:305)
	at org.eclipse.emf.ecore.util.Switch.doSwitch(Switch.java:53)
	at org.eclipse.emf.ecore.util.Switch.doSwitch(Switch.java:69)
	at org.palladiosimulator.solver.core.visitors.SeffVisitor.caseStartAction(SeffVisitor.java:378)
	at org.palladiosimulator.pcm.seff.util.SeffSwitch.doSwitch(SeffSwitch.java:197)
	at org.eclipse.emf.ecore.util.Switch.doSwitch(Switch.java:53)
	at org.eclipse.emf.ecore.util.Switch.doSwitch(Switch.java:69)
	at org.palladiosimulator.solver.core.visitors.SeffVisitor.caseResourceDemandingBehaviour(SeffVisitor.java:327)
	at org.palladiosimulator.pcm.seff.util.SeffSwitch.doSwitch(SeffSwitch.java:135)
	at org.eclipse.emf.ecore.util.Switch.doSwitch(Switch.java:53)
	at org.eclipse.emf.ecore.util.Switch.doSwitch(Switch.java:69)
	at org.palladiosimulator.solver.core.handler.AbstractLoopActionHandler.visitLoopBody(AbstractLoopActionHandler.java:49)
	at org.palladiosimulator.solver.core.handler.LoopActionHandler.handle(LoopActionHandler.java:37)
	at org.palladiosimulator.solver.core.visitors.SeffVisitor.caseLoopAction(SeffVisitor.java:279)
	at org.palladiosimulator.pcm.seff.util.SeffSwitch.doSwitch(SeffSwitch.java:255)
	at org.eclipse.emf.ecore.util.Switch.doSwitch(Switch.java:53)
	at org.eclipse.emf.ecore.util.Switch.doSwitch(Switch.java:69)
	at org.palladiosimulator.solver.core.visitors.SeffVisitor.caseInternalAction(SeffVisitor.java:262)
	at org.palladiosimulator.pcm.seff.util.SeffSwitch.doSwitch(SeffSwitch.java:432)
	at org.eclipse.emf.ecore.util.Switch.doSwitch(Switch.java:53)
	at org.eclipse.emf.ecore.util.Switch.doSwitch(Switch.java:69)
	at org.palladiosimulator.solver.core.visitors.SeffVisitor.caseStartAction(SeffVisitor.java:378)
	at org.palladiosimulator.pcm.seff.util.SeffSwitch.doSwitch(SeffSwitch.java:197)
	at org.eclipse.emf.ecore.util.Switch.doSwitch(Switch.java:53)
	at org.eclipse.emf.ecore.util.Switch.doSwitch(Switch.java:69)
	at org.palladiosimulator.solver.core.visitors.SeffVisitor.caseResourceDemandingSEFF(SeffVisitor.java:343)
	at org.palladiosimulator.pcm.seff.util.SeffSwitch.doSwitch(SeffSwitch.java:218)
	at org.eclipse.emf.ecore.util.Switch.doSwitch(Switch.java:53)
	at org.eclipse.emf.ecore.util.Switch.doSwitch(Switch.java:69)
	at org.palladiosimulator.solver.core.handler.ExternalCallActionHandler.visitSEFF(ExternalCallActionHandler.java:115)
	at org.palladiosimulator.solver.core.handler.ExternalCallActionHandler.handle(ExternalCallActionHandler.java:87)
	at org.palladiosimulator.solver.core.visitors.SeffVisitor.caseExternalCallAction(SeffVisitor.java:210)
	at org.palladiosimulator.pcm.seff.util.SeffSwitch.doSwitch(SeffSwitch.java:305)
	at org.eclipse.emf.ecore.util.Switch.doSwitch(Switch.java:53)
	at org.eclipse.emf.ecore.util.Switch.doSwitch(Switch.java:69)
	at org.palladiosimulator.solver.core.visitors.SeffVisitor.caseStartAction(SeffVisitor.java:378)
	at org.palladiosimulator.pcm.seff.util.SeffSwitch.doSwitch(SeffSwitch.java:197)
	at org.eclipse.emf.ecore.util.Switch.doSwitch(Switch.java:53)
	at org.eclipse.emf.ecore.util.Switch.doSwitch(Switch.java:69)
	at org.palladiosimulator.solver.core.visitors.SeffVisitor.caseResourceDemandingBehaviour(SeffVisitor.java:327)
	at org.palladiosimulator.pcm.seff.util.SeffSwitch.doSwitch(SeffSwitch.java:135)
	at org.eclipse.emf.ecore.util.Switch.doSwitch(Switch.java:53)
	at org.eclipse.emf.ecore.util.Switch.doSwitch(Switch.java:69)
	at org.palladiosimulator.solver.core.handler.AbstractLoopActionHandler.visitLoopBody(AbstractLoopActionHandler.java:49)
	at org.palladiosimulator.solver.core.handler.LoopActionHandler.handle(LoopActionHandler.java:37)
	at org.palladiosimulator.solver.core.visitors.SeffVisitor.caseLoopAction(SeffVisitor.java:279)
	at org.palladiosimulator.pcm.seff.util.SeffSwitch.doSwitch(SeffSwitch.java:255)
	at org.eclipse.emf.ecore.util.Switch.doSwitch(Switch.java:53)
	at org.eclipse.emf.ecore.util.Switch.doSwitch(Switch.java:69)
	at org.palladiosimulator.solver.core.visitors.SeffVisitor.caseInternalAction(SeffVisitor.java:262)
	at org.palladiosimulator.pcm.seff.util.SeffSwitch.doSwitch(SeffSwitch.java:432)
	at org.eclipse.emf.ecore.util.Switch.doSwitch(Switch.java:53)
	at org.eclipse.emf.ecore.util.Switch.doSwitch(Switch.java:69)
	at org.palladiosimulator.solver.core.visitors.SeffVisitor.caseStartAction(SeffVisitor.java:378)
	at org.palladiosimulator.pcm.seff.util.SeffSwitch.doSwitch(SeffSwitch.java:197)
	at org.eclipse.emf.ecore.util.Switch.doSwitch(Switch.java:53)
	at org.eclipse.emf.ecore.util.Switch.doSwitch(Switch.java:69)
	at org.palladiosimulator.solver.core.visitors.SeffVisitor.caseResourceDemandingSEFF(SeffVisitor.java:343)
	at org.palladiosimulator.pcm.seff.util.SeffSwitch.doSwitch(SeffSwitch.java:218)
	at org.eclipse.emf.ecore.util.Switch.doSwitch(Switch.java:53)
	at org.eclipse.emf.ecore.util.Switch.doSwitch(Switch.java:69)
	at org.palladiosimulator.solver.core.handler.ExternalCallActionHandler.visitSEFF(ExternalCallActionHandler.java:115)
	at org.palladiosimulator.solver.core.handler.ExternalCallActionHandler.handle(ExternalCallActionHandler.java:87)
	at org.palladiosimulator.solver.core.visitors.SeffVisitor.caseExternalCallAction(SeffVisitor.java:210)
	at org.palladiosimulator.pcm.seff.util.SeffSwitch.doSwitch(SeffSwitch.java:305)
	at org.eclipse.emf.ecore.util.Switch.doSwitch(Switch.java:53)
	at org.eclipse.emf.ecore.util.Switch.doSwitch(Switch.java:69)
	at org.palladiosimulator.solver.core.visitors.SeffVisitor.caseStartAction(SeffVisitor.java:378)
	at org.palladiosimulator.pcm.seff.util.SeffSwitch.doSwitch(SeffSwitch.java:197)
	at org.eclipse.emf.ecore.util.Switch.doSwitch(Switch.java:53)
	at org.eclipse.emf.ecore.util.Switch.doSwitch(Switch.java:69)
	at org.palladiosimulator.solver.core.visitors.SeffVisitor.caseResourceDemandingBehaviour(SeffVisitor.java:327)
	at org.palladiosimulator.pcm.seff.util.SeffSwitch.doSwitch(SeffSwitch.java:135)
	at org.eclipse.emf.ecore.util.Switch.doSwitch(Switch.java:53)
	at org.eclipse.emf.ecore.util.Switch.doSwitch(Switch.java:69)
	at org.palladiosimulator.solver.core.handler.AbstractLoopActionHandler.visitLoopBody(AbstractLoopActionHandler.java:49)
	at org.palladiosimulator.solver.core.handler.LoopActionHandler.handle(LoopActionHandler.java:37)
	at org.palladiosimulator.solver.core.visitors.SeffVisitor.caseLoopAction(SeffVisitor.java:279)
	at org.palladiosimulator.pcm.seff.util.SeffSwitch.doSwitch(SeffSwitch.java:255)
	at org.eclipse.emf.ecore.util.Switch.doSwitch(Switch.java:53)
	at org.eclipse.emf.ecore.util.Switch.doSwitch(Switch.java:69)
	at org.palladiosimulator.solver.core.visitors.SeffVisitor.caseInternalAction(SeffVisitor.java:262)
	at org.palladiosimulator.pcm.seff.util.SeffSwitch.doSwitch(SeffSwitch.java:432)
	at org.eclipse.emf.ecore.util.Switch.doSwitch(Switch.java:53)
	at org.eclipse.emf.ecore.util.Switch.doSwitch(Switch.java:69)
	at org.palladiosimulator.solver.core.visitors.SeffVisitor.caseStartAction(SeffVisitor.java:378)
	at org.palladiosimulator.pcm.seff.util.SeffSwitch.doSwitch(SeffSwitch.java:197)
	at org.eclipse.emf.ecore.util.Switch.doSwitch(Switch.java:53)
	at org.eclipse.emf.ecore.util.Switch.doSwitch(Switch.java:69)
	at org.palladiosimulator.solver.core.visitors.SeffVisitor.caseResourceDemandingSEFF(SeffVisitor.java:343)
	at org.palladiosimulator.pcm.seff.util.SeffSwitch.doSwitch(SeffSwitch.java:218)
	at org.eclipse.emf.ecore.util.Switch.doSwitch(Switch.java:53)
	at org.eclipse.emf.ecore.util.Switch.doSwitch(Switch.java:69)
	at org.palladiosimulator.solver.core.handler.ExternalCallActionHandler.visitSEFF(ExternalCallActionHandler.java:115)
	at org.palladiosimulator.solver.core.handler.ExternalCallActionHandler.handle(ExternalCallActionHandler.java:87)
	at org.palladiosimulator.solver.core.visitors.SeffVisitor.caseExternalCallAction(SeffVisitor.java:210)
	at org.palladiosimulator.pcm.seff.util.SeffSwitch.doSwitch(SeffSwitch.java:305)
	at org.eclipse.emf.ecore.util.Switch.doSwitch(Switch.java:53)
	at org.eclipse.emf.ecore.util.Switch.doSwitch(Switch.java:69)
	at org.palladiosimulator.solver.core.visitors.SeffVisitor.caseStartAction(SeffVisitor.java:378)
	at org.palladiosimulator.pcm.seff.util.SeffSwitch.doSwitch(SeffSwitch.java:197)
	at org.eclipse.emf.ecore.util.Switch.doSwitch(Switch.java:53)
	at org.eclipse.emf.ecore.util.Switch.doSwitch(Switch.java:69)
	at org.palladiosimulator.solver.core.visitors.SeffVisitor.caseResourceDemandingBehaviour(SeffVisitor.java:327)
	at org.palladiosimulator.pcm.seff.util.SeffSwitch.doSwitch(SeffSwitch.java:135)
	at org.eclipse.emf.ecore.util.Switch.doSwitch(Switch.java:53)
	at org.eclipse.emf.ecore.util.Switch.doSwitch(Switch.java:69)
	at org.palladiosimulator.solver.core.handler.AbstractLoopActionHandler.visitLoopBody(AbstractLoopActionHandler.java:49)
	at org.palladiosimulator.solver.core.handler.LoopActionHandler.handle(LoopActionHandler.java:37)
	at org.palladiosimulator.solver.core.visitors.SeffVisitor.caseLoopAction(SeffVisitor.java:279)
	at org.palladiosimulator.pcm.seff.util.SeffSwitch.doSwitch(SeffSwitch.java:255)
	at org.eclipse.emf.ecore.util.Switch.doSwitch(Switch.java:53)
	at org.eclipse.emf.ecore.util.Switch.doSwitch(Switch.java:69)
	at org.palladiosimulator.solver.core.visitors.SeffVisitor.caseInternalAction(SeffVisitor.java:262)
	at org.palladiosimulator.pcm.seff.util.SeffSwitch.doSwitch(SeffSwitch.java:432)
	at org.eclipse.emf.ecore.util.Switch.doSwitch(Switch.java:53)
	at org.eclipse.emf.ecore.util.Switch.doSwitch(Switch.java:69)
	at org.palladiosimulator.solver.core.visitors.SeffVisitor.caseStartAction(SeffVisitor.java:378)
	at org.palladiosimulator.pcm.seff.util.SeffSwitch.doSwitch(SeffSwitch.java:197)
	at org.eclipse.emf.ecore.util.Switch.doSwitch(Switch.java:53)
	at org.eclipse.emf.ecore.util.Switch.doSwitch(Switch.java:69)
	at org.palladiosimulator.solver.core.visitors.SeffVisitor.caseResourceDemandingSEFF(SeffVisitor.java:343)
	at org.palladiosimulator.pcm.seff.util.SeffSwitch.doSwitch(SeffSwitch.java:218)
	at org.eclipse.emf.ecore.util.Switch.doSwitch(Switch.java:53)
	at org.eclipse.emf.ecore.util.Switch.doSwitch(Switch.java:69)
	at org.palladiosimulator.solver.core.handler.ExternalCallActionHandler.visitSEFF(ExternalCallActionHandler.java:115)
	at org.palladiosimulator.solver.core.handler.ExternalCallActionHandler.handle(ExternalCallActionHandler.java:87)
	at org.palladiosimulator.solver.core.visitors.SeffVisitor.caseExternalCallAction(SeffVisitor.java:210)
	at org.palladiosimulator.pcm.seff.util.SeffSwitch.doSwitch(SeffSwitch.java:305)
	at org.eclipse.emf.ecore.util.Switch.doSwitch(Switch.java:53)
	at org.eclipse.emf.ecore.util.Switch.doSwitch(Switch.java:69)
	at org.palladiosimulator.solver.core.visitors.SeffVisitor.caseStartAction(SeffVisitor.java:378)
	at org.palladiosimulator.pcm.seff.util.SeffSwitch.doSwitch(SeffSwitch.java:197)
	at org.eclipse.emf.ecore.util.Switch.doSwitch(Switch.java:53)
	at org.eclipse.emf.ecore.util.Switch.doSwitch(Switch.java:69)
	at org.palladiosimulator.solver.core.visitors.SeffVisitor.caseResourceDemandingBehaviour(SeffVisitor.java:327)
	at org.palladiosimulator.pcm.seff.util.SeffSwitch.doSwitch(SeffSwitch.java:135)
	at org.eclipse.emf.ecore.util.Switch.doSwitch(Switch.java:53)
	at org.eclipse.emf.ecore.util.Switch.doSwitch(Switch.java:69)
	at org.palladiosimulator.solver.core.handler.AbstractLoopActionHandler.visitLoopBody(AbstractLoopActionHandler.java:49)
	at org.palladiosimulator.solver.core.handler.LoopActionHandler.handle(LoopActionHandler.java:37)
	at org.palladiosimulator.solver.core.visitors.SeffVisitor.caseLoopAction(SeffVisitor.java:279)
	at org.palladiosimulator.pcm.seff.util.SeffSwitch.doSwitch(SeffSwitch.java:255)
	at org.eclipse.emf.ecore.util.Switch.doSwitch(Switch.java:53)
	at org.eclipse.emf.ecore.util.Switch.doSwitch(Switch.java:69)
	at org.palladiosimulator.solver.core.visitors.SeffVisitor.caseInternalAction(SeffVisitor.java:262)
	at org.palladiosimulator.pcm.seff.util.SeffSwitch.doSwitch(SeffSwitch.java:432)
	at org.eclipse.emf.ecore.util.Switch.doSwitch(Switch.java:53)
	at org.eclipse.emf.ecore.util.Switch.doSwitch(Switch.java:69)
	at org.palladiosimulator.solver.core.visitors.SeffVisitor.caseStartAction(SeffVisitor.java:378)
	at org.palladiosimulator.pcm.seff.util.SeffSwitch.doSwitch(SeffSwitch.java:197)
	at org.eclipse.emf.ecore.util.Switch.doSwitch(Switch.java:53)
	at org.eclipse.emf.ecore.util.Switch.doSwitch(Switch.java:69)
	at org.palladiosimulator.solver.core.visitors.SeffVisitor.caseResourceDemandingSEFF(SeffVisitor.java:343)
	at org.palladiosimulator.pcm.seff.util.SeffSwitch.doSwitch(SeffSwitch.java:218)
	at org.eclipse.emf.ecore.util.Switch.doSwitch(Switch.java:53)
	at org.eclipse.emf.ecore.util.Switch.doSwitch(Switch.java:69)
	at org.palladiosimulator.solver.core.handler.ExternalCallActionHandler.visitSEFF(ExternalCallActionHandler.java:115)
	at org.palladiosimulator.solver.core.handler.ExternalCallActionHandler.handle(ExternalCallActionHandler.java:87)
	at org.palladiosimulator.solver.core.visitors.SeffVisitor.caseExternalCallAction(SeffVisitor.java:210)
	at org.palladiosimulator.pcm.seff.util.SeffSwitch.doSwitch(SeffSwitch.java:305)
	at org.eclipse.emf.ecore.util.Switch.doSwitch(Switch.java:53)
	at org.eclipse.emf.ecore.util.Switch.doSwitch(Switch.java:69)
	at org.palladiosimulator.solver.core.visitors.SeffVisitor.caseStartAction(SeffVisitor.java:378)
	at org.palladiosimulator.pcm.seff.util.SeffSwitch.doSwitch(SeffSwitch.java:197)
	at org.eclipse.emf.ecore.util.Switch.doSwitch(Switch.java:53)
	at org.eclipse.emf.ecore.util.Switch.doSwitch(Switch.java:69)
	at org.palladiosimulator.solver.core.visitors.SeffVisitor.caseResourceDemandingBehaviour(SeffVisitor.java:327)
	at org.palladiosimulator.pcm.seff.util.SeffSwitch.doSwitch(SeffSwitch.java:135)
	at org.eclipse.emf.ecore.util.Switch.doSwitch(Switch.java:53)
	at org.eclipse.emf.ecore.util.Switch.doSwitch(Switch.java:69)
	at org.palladiosimulator.solver.core.handler.AbstractLoopActionHandler.visitLoopBody(AbstractLoopActionHandler.java:49)
	at org.palladiosimulator.solver.core.handler.LoopActionHandler.handle(LoopActionHandler.java:37)
	at org.palladiosimulator.solver.core.visitors.SeffVisitor.caseLoopAction(SeffVisitor.java:279)
	at org.palladiosimulator.pcm.seff.util.SeffSwitch.doSwitch(SeffSwitch.java:255)
	at org.eclipse.emf.ecore.util.Switch.doSwitch(Switch.java:53)
	at org.eclipse.emf.ecore.util.Switch.doSwitch(Switch.java:69)
	at org.palladiosimulator.solver.core.visitors.SeffVisitor.caseInternalAction(SeffVisitor.java:262)
	at org.palladiosimulator.pcm.seff.util.SeffSwitch.doSwitch(SeffSwitch.java:432)
	at org.eclipse.emf.ecore.util.Switch.doSwitch(Switch.java:53)
	at org.eclipse.emf.ecore.util.Switch.doSwitch(Switch.java:69)
	at org.palladiosimulator.solver.core.visitors.SeffVisitor.caseStartAction(SeffVisitor.java:378)
	at org.palladiosimulator.pcm.seff.util.SeffSwitch.doSwitch(SeffSwitch.java:197)
	at org.eclipse.emf.ecore.util.Switch.doSwitch(Switch.java:53)
	at org.eclipse.emf.ecore.util.Switch.doSwitch(Switch.java:69)
	at org.palladiosimulator.solver.core.visitors.SeffVisitor.caseResourceDemandingSEFF(SeffVisitor.java:343)
	at org.palladiosimulator.pcm.seff.util.SeffSwitch.doSwitch(SeffSwitch.java:218)
	at org.eclipse.emf.ecore.util.Switch.doSwitch(Switch.java:53)
	at org.eclipse.emf.ecore.util.Switch.doSwitch(Switch.java:69)
	at org.palladiosimulator.solver.core.handler.ExternalCallActionHandler.visitSEFF(ExternalCallActionHandler.java:115)
	at org.palladiosimulator.solver.core.handler.ExternalCallActionHandler.handle(ExternalCallActionHandler.java:87)
	at org.palladiosimulator.solver.core.visitors.SeffVisitor.caseExternalCallAction(SeffVisitor.java:210)
	at org.palladiosimulator.pcm.seff.util.SeffSwitch.doSwitch(SeffSwitch.java:305)
	at org.eclipse.emf.ecore.util.Switch.doSwitch(Switch.java:53)
	at org.eclipse.emf.ecore.util.Switch.doSwitch(Switch.java:69)
	at org.palladiosimulator.solver.core.visitors.SeffVisitor.caseStartAction(SeffVisitor.java:378)
	at org.palladiosimulator.pcm.seff.util.SeffSwitch.doSwitch(SeffSwitch.java:197)
	at org.eclipse.emf.ecore.util.Switch.doSwitch(Switch.java:53)
	at org.eclipse.emf.ecore.util.Switch.doSwitch(Switch.java:69)
	at org.palladiosimulator.solver.core.visitors.SeffVisitor.caseResourceDemandingBehaviour(SeffVisitor.java:327)
	at org.palladiosimulator.pcm.seff.util.SeffSwitch.doSwitch(SeffSwitch.java:135)
	at org.eclipse.emf.ecore.util.Switch.doSwitch(Switch.java:53)
	at org.eclipse.emf.ecore.util.Switch.doSwitch(Switch.java:69)
	at org.palladiosimulator.solver.core.handler.AbstractLoopActionHandler.visitLoopBody(AbstractLoopActionHandler.java:49)
	at org.palladiosimulator.solver.core.handler.LoopActionHandler.handle(LoopActionHandler.java:37)
	at org.palladiosimulator.solver.core.visitors.SeffVisitor.caseLoopAction(SeffVisitor.java:279)
	at org.palladiosimulator.pcm.seff.util.SeffSwitch.doSwitch(SeffSwitch.java:255)
	at org.eclipse.emf.ecore.util.Switch.doSwitch(Switch.java:53)
	at org.eclipse.emf.ecore.util.Switch.doSwitch(Switch.java:69)
	at org.palladiosimulator.solver.core.visitors.SeffVisitor.caseInternalAction(SeffVisitor.java:262)
	at org.palladiosimulator.pcm.seff.util.SeffSwitch.doSwitch(SeffSwitch.java:432)
	at org.eclipse.emf.ecore.util.Switch.doSwitch(Switch.java:53)
	at org.eclipse.emf.ecore.util.Switch.doSwitch(Switch.java:69)
	at org.palladiosimulator.solver.core.visitors.SeffVisitor.caseStartAction(SeffVisitor.java:378)
	at org.palladiosimulator.pcm.seff.util.SeffSwitch.doSwitch(SeffSwitch.java:197)
	at org.eclipse.emf.ecore.util.Switch.doSwitch(Switch.java:53)
	at org.eclipse.emf.ecore.util.Switch.doSwitch(Switch.java:69)
	at org.palladiosimulator.solver.core.visitors.SeffVisitor.caseResourceDemandingSEFF(SeffVisitor.java:343)
	at org.palladiosimulator.pcm.seff.util.SeffSwitch.doSwitch(SeffSwitch.java:218)
	at org.eclipse.emf.ecore.util.Switch.doSwitch(Switch.java:53)
	at org.eclipse.emf.ecore.util.Switch.doSwitch(Switch.java:69)
	at org.palladiosimulator.solver.core.handler.ExternalCallActionHandler.visitSEFF(ExternalCallActionHandler.java:115)
	at org.palladiosimulator.solver.core.handler.ExternalCallActionHandler.handle(ExternalCallActionHandler.java:87)
	at org.palladiosimulator.solver.core.visitors.SeffVisitor.caseExternalCallAction(SeffVisitor.java:210)
	at org.palladiosimulator.pcm.seff.util.SeffSwitch.doSwitch(SeffSwitch.java:305)
	at org.eclipse.emf.ecore.util.Switch.doSwitch(Switch.java:53)
	at org.eclipse.emf.ecore.util.Switch.doSwitch(Switch.java:69)
	at org.palladiosimulator.solver.core.visitors.SeffVisitor.caseStartAction(SeffVisitor.java:378)
	at org.palladiosimulator.pcm.seff.util.SeffSwitch.doSwitch(SeffSwitch.java:197)
	at org.eclipse.emf.ecore.util.Switch.doSwitch(Switch.java:53)
	at org.eclipse.emf.ecore.util.Switch.doSwitch(Switch.java:69)
	at org.palladiosimulator.solver.core.visitors.SeffVisitor.caseResourceDemandingBehaviour(SeffVisitor.java:327)
	at org.palladiosimulator.pcm.seff.util.SeffSwitch.doSwitch(SeffSwitch.java:135)
	at org.eclipse.emf.ecore.util.Switch.doSwitch(Switch.java:53)
	at org.eclipse.emf.ecore.util.Switch.doSwitch(Switch.java:69)
	at org.palladiosimulator.solver.core.handler.AbstractLoopActionHandler.visitLoopBody(AbstractLoopActionHandler.java:49)
	at org.palladiosimulator.solver.core.handler.LoopActionHandler.handle(LoopActionHandler.java:37)
	at org.palladiosimulator.solver.core.visitors.SeffVisitor.caseLoopAction(SeffVisitor.java:279)
	at org.palladiosimulator.pcm.seff.util.SeffSwitch.doSwitch(SeffSwitch.java:255)
	at org.eclipse.emf.ecore.util.Switch.doSwitch(Switch.java:53)
	at org.eclipse.emf.ecore.util.Switch.doSwitch(Switch.java:69)
	at org.palladiosimulator.solver.core.visitors.SeffVisitor.caseInternalAction(SeffVisitor.java:262)
	at org.palladiosimulator.pcm.seff.util.SeffSwitch.doSwitch(SeffSwitch.java:432)
	at org.eclipse.emf.ecore.util.Switch.doSwitch(Switch.java:53)
	at org.eclipse.emf.ecore.util.Switch.doSwitch(Switch.java:69)
	at org.palladiosimulator.solver.core.visitors.SeffVisitor.caseStartAction(SeffVisitor.java:378)
	at org.palladiosimulator.pcm.seff.util.SeffSwitch.doSwitch(SeffSwitch.java:197)
	at org.eclipse.emf.ecore.util.Switch.doSwitch(Switch.java:53)
	at org.eclipse.emf.ecore.util.Switch.doSwitch(Switch.java:69)
	at org.palladiosimulator.solver.core.visitors.SeffVisitor.caseResourceDemandingSEFF(SeffVisitor.java:343)
	at org.palladiosimulator.pcm.seff.util.SeffSwitch.doSwitch(SeffSwitch.java:218)
	at org.eclipse.emf.ecore.util.Switch.doSwitch(Switch.java:53)
	at org.eclipse.emf.ecore.util.Switch.doSwitch(Switch.java:69)
	at org.palladiosimulator.solver.core.handler.ExternalCallActionHandler.visitSEFF(ExternalCallActionHandler.java:115)
	at org.palladiosimulator.solver.core.handler.ExternalCallActionHandler.handle(ExternalCallActionHandler.java:87)
	at org.palladiosimulator.solver.core.visitors.SeffVisitor.caseExternalCallAction(SeffVisitor.java:210)
	at org.palladiosimulator.pcm.seff.util.SeffSwitch.doSwitch(SeffSwitch.java:305)
	at org.eclipse.emf.ecore.util.Switch.doSwitch(Switch.java:53)
	at org.eclipse.emf.ecore.util.Switch.doSwitch(Switch.java:69)
	at org.palladiosimulator.solver.core.visitors.SeffVisitor.caseStartAction(SeffVisitor.java:378)
	at org.palladiosimulator.pcm.seff.util.SeffSwitch.doSwitch(SeffSwitch.java:197)
	at org.eclipse.emf.ecore.util.Switch.doSwitch(Switch.java:53)
	at org.eclipse.emf.ecore.util.Switch.doSwitch(Switch.java:69)
	at org.palladiosimulator.solver.core.visitors.SeffVisitor.caseResourceDemandingBehaviour(SeffVisitor.java:327)
	at org.palladiosimulator.pcm.seff.util.SeffSwitch.doSwitch(SeffSwitch.java:135)
	at org.eclipse.emf.ecore.util.Switch.doSwitch(Switch.java:53)
	at org.eclipse.emf.ecore.util.Switch.doSwitch(Switch.java:69)
	at org.palladiosimulator.solver.core.handler.AbstractLoopActionHandler.visitLoopBody(AbstractLoopActionHandler.java:49)
	at org.palladiosimulator.solver.core.handler.LoopActionHandler.handle(LoopActionHandler.java:37)
	at org.palladiosimulator.solver.core.visitors.SeffVisitor.caseLoopAction(SeffVisitor.java:279)
	at org.palladiosimulator.pcm.seff.util.SeffSwitch.doSwitch(SeffSwitch.java:255)
	at org.eclipse.emf.ecore.util.Switch.doSwitch(Switch.java:53)
	at org.eclipse.emf.ecore.util.Switch.doSwitch(Switch.java:69)
	at org.palladiosimulator.solver.core.visitors.SeffVisitor.caseInternalAction(SeffVisitor.java:262)
	at org.palladiosimulator.pcm.seff.util.SeffSwitch.doSwitch(SeffSwitch.java:432)
	at org.eclipse.emf.ecore.util.Switch.doSwitch(Switch.java:53)
	at org.eclipse.emf.ecore.util.Switch.doSwitch(Switch.java:69)
	at org.palladiosimulator.solver.core.visitors.SeffVisitor.caseStartAction(SeffVisitor.java:378)
	at org.palladiosimulator.pcm.seff.util.SeffSwitch.doSwitch(SeffSwitch.java:197)
	at org.eclipse.emf.ecore.util.Switch.doSwitch(Switch.java:53)
	at org.eclipse.emf.ecore.util.Switch.doSwitch(Switch.java:69)
	at org.palladiosimulator.solver.core.visitors.SeffVisitor.caseResourceDemandingSEFF(SeffVisitor.java:343)
	at org.palladiosimulator.pcm.seff.util.SeffSwitch.doSwitch(SeffSwitch.java:218)
	at org.eclipse.emf.ecore.util.Switch.doSwitch(Switch.java:53)
	at org.eclipse.emf.ecore.util.Switch.doSwitch(Switch.java:69)
	at org.palladiosimulator.solver.core.handler.ExternalCallActionHandler.visitSEFF(ExternalCallActionHandler.java:115)
	at org.palladiosimulator.solver.core.handler.ExternalCallActionHandler.handle(ExternalCallActionHandler.java:87)
	at org.palladiosimulator.solver.core.visitors.SeffVisitor.caseExternalCallAction(SeffVisitor.java:210)
	at org.palladiosimulator.pcm.seff.util.SeffSwitch.doSwitch(SeffSwitch.java:305)
	at org.eclipse.emf.ecore.util.Switch.doSwitch(Switch.java:53)
	at org.eclipse.emf.ecore.util.Switch.doSwitch(Switch.java:69)
	at org.palladiosimulator.solver.core.visitors.SeffVisitor.caseStartAction(SeffVisitor.java:378)
	at org.palladiosimulator.pcm.seff.util.SeffSwitch.doSwitch(SeffSwitch.java:197)
	at org.eclipse.emf.ecore.util.Switch.doSwitch(Switch.java:53)
	at org.eclipse.emf.ecore.util.Switch.doSwitch(Switch.java:69)
	at org.palladiosimulator.solver.core.visitors.SeffVisitor.caseResourceDemandingBehaviour(SeffVisitor.java:327)
	at org.palladiosimulator.pcm.seff.util.SeffSwitch.doSwitch(SeffSwitch.java:135)
	at org.eclipse.emf.ecore.util.Switch.doSwitch(Switch.java:53)
	at org.eclipse.emf.ecore.util.Switch.doSwitch(Switch.java:69)
	at org.palladiosimulator.solver.core.handler.AbstractLoopActionHandler.visitLoopBody(AbstractLoopActionHandler.java:49)
	at org.palladiosimulator.solver.core.handler.LoopActionHandler.handle(LoopActionHandler.java:37)
	at org.palladiosimulator.solver.core.visitors.SeffVisitor.caseLoopAction(SeffVisitor.java:279)
	at org.palladiosimulator.pcm.seff.util.SeffSwitch.doSwitch(SeffSwitch.java:255)
	at org.eclipse.emf.ecore.util.Switch.doSwitch(Switch.java:53)
	at org.eclipse.emf.ecore.util.Switch.doSwitch(Switch.java:69)
	at org.palladiosimulator.solver.core.visitors.SeffVisitor.caseInternalAction(SeffVisitor.java:262)
	at org.palladiosimulator.pcm.seff.util.SeffSwitch.doSwitch(SeffSwitch.java:432)
	at org.eclipse.emf.ecore.util.Switch.doSwitch(Switch.java:53)
	at org.eclipse.emf.ecore.util.Switch.doSwitch(Switch.java:69)
	at org.palladiosimulator.solver.core.visitors.SeffVisitor.caseStartAction(SeffVisitor.java:378)
	at org.palladiosimulator.pcm.seff.util.SeffSwitch.doSwitch(SeffSwitch.java:197)
	at org.eclipse.emf.ecore.util.Switch.doSwitch(Switch.java:53)
	at org.eclipse.emf.ecore.util.Switch.doSwitch(Switch.java:69)
	at org.palladiosimulator.solver.core.visitors.SeffVisitor.caseResourceDemandingSEFF(SeffVisitor.java:343)
	at org.palladiosimulator.pcm.seff.util.SeffSwitch.doSwitch(SeffSwitch.java:218)
	at org.eclipse.emf.ecore.util.Switch.doSwitch(Switch.java:53)
	at org.eclipse.emf.ecore.util.Switch.doSwitch(Switch.java:69)
	at org.palladiosimulator.solver.core.handler.ExternalCallActionHandler.visitSEFF(ExternalCallActionHandler.java:115)
	at org.palladiosimulator.solver.core.handler.ExternalCallActionHandler.handle(ExternalCallActionHandler.java:87)
	at org.palladiosimulator.solver.core.visitors.SeffVisitor.caseExternalCallAction(SeffVisitor.java:210)
	at org.palladiosimulator.pcm.seff.util.SeffSwitch.doSwitch(SeffSwitch.java:305)
	at org.eclipse.emf.ecore.util.Switch.doSwitch(Switch.java:53)
	at org.eclipse.emf.ecore.util.Switch.doSwitch(Switch.java:69)
	at org.palladiosimulator.solver.core.visitors.SeffVisitor.caseStartAction(SeffVisitor.java:378)
	at org.palladiosimulator.pcm.seff.util.SeffSwitch.doSwitch(SeffSwitch.java:197)
	at org.eclipse.emf.ecore.util.Switch.doSwitch(Switch.java:53)
	at org.eclipse.emf.ecore.util.Switch.doSwitch(Switch.java:69)
	at org.palladiosimulator.solver.core.visitors.SeffVisitor.caseResourceDemandingBehaviour(SeffVisitor.java:327)
	at org.palladiosimulator.pcm.seff.util.SeffSwitch.doSwitch(SeffSwitch.java:135)
	at org.eclipse.emf.ecore.util.Switch.doSwitch(Switch.java:53)
	at org.eclipse.emf.ecore.util.Switch.doSwitch(Switch.java:69)
	at org.palladiosimulator.solver.core.handler.AbstractLoopActionHandler.visitLoopBody(AbstractLoopActionHandler.java:49)
	at org.palladiosimulator.solver.core.handler.LoopActionHandler.handle(LoopActionHandler.java:37)
	at org.palladiosimulator.solver.core.visitors.SeffVisitor.caseLoopAction(SeffVisitor.java:279)
	at org.palladiosimulator.pcm.seff.util.SeffSwitch.doSwitch(SeffSwitch.java:255)
	at org.eclipse.emf.ecore.util.Switch.doSwitch(Switch.java:53)
	at org.eclipse.emf.ecore.util.Switch.doSwitch(Switch.java:69)
	at org.palladiosimulator.solver.core.visitors.SeffVisitor.caseInternalAction(SeffVisitor.java:262)
	at org.palladiosimulator.pcm.seff.util.SeffSwitch.doSwitch(SeffSwitch.java:432)
	at org.eclipse.emf.ecore.util.Switch.doSwitch(Switch.java:53)
	at org.eclipse.emf.ecore.util.Switch.doSwitch(Switch.java:69)
	at org.palladiosimulator.solver.core.visitors.SeffVisitor.caseStartAction(SeffVisitor.java:378)
	at org.palladiosimulator.pcm.seff.util.SeffSwitch.doSwitch(SeffSwitch.java:197)
	at org.eclipse.emf.ecore.util.Switch.doSwitch(Switch.java:53)
	at org.eclipse.emf.ecore.util.Switch.doSwitch(Switch.java:69)
	at org.palladiosimulator.solver.core.visitors.SeffVisitor.caseResourceDemandingSEFF(SeffVisitor.java:343)
	at org.palladiosimulator.pcm.seff.util.SeffSwitch.doSwitch(SeffSwitch.java:218)
	at org.eclipse.emf.ecore.util.Switch.doSwitch(Switch.java:53)
	at org.eclipse.emf.ecore.util.Switch.doSwitch(Switch.java:69)
	at org.palladiosimulator.solver.core.handler.ExternalCallActionHandler.visitSEFF(ExternalCallActionHandler.java:115)
	at org.palladiosimulator.solver.core.handler.ExternalCallActionHandler.handle(ExternalCallActionHandler.java:87)
	at org.palladiosimulator.solver.core.visitors.SeffVisitor.caseExternalCallAction(SeffVisitor.java:210)
	at org.palladiosimulator.pcm.seff.util.SeffSwitch.doSwitch(SeffSwitch.java:305)
	at org.eclipse.emf.ecore.util.Switch.doSwitch(Switch.java:53)
	at org.eclipse.emf.ecore.util.Switch.doSwitch(Switch.java:69)
	at org.palladiosimulator.solver.core.visitors.SeffVisitor.caseStartAction(SeffVisitor.java:378)
	at org.palladiosimulator.pcm.seff.util.SeffSwitch.doSwitch(SeffSwitch.java:197)
	at org.eclipse.emf.ecore.util.Switch.doSwitch(Switch.java:53)
	at org.eclipse.emf.ecore.util.Switch.doSwitch(Switch.java:69)
	at org.palladiosimulator.solver.core.visitors.SeffVisitor.caseResourceDemandingBehaviour(SeffVisitor.java:327)
	at org.palladiosimulator.pcm.seff.util.SeffSwitch.doSwitch(SeffSwitch.java:135)
	at org.eclipse.emf.ecore.util.Switch.doSwitch(Switch.java:53)
	at org.eclipse.emf.ecore.util.Switch.doSwitch(Switch.java:69)
	at org.palladiosimulator.solver.core.handler.AbstractLoopActionHandler.visitLoopBody(AbstractLoopActionHandler.java:49)
	at org.palladiosimulator.solver.core.handler.LoopActionHandler.handle(LoopActionHandler.java:37)
	at org.palladiosimulator.solver.core.visitors.SeffVisitor.caseLoopAction(SeffVisitor.java:279)
	at org.palladiosimulator.pcm.seff.util.SeffSwitch.doSwitch(SeffSwitch.java:255)
	at org.eclipse.emf.ecore.util.Switch.doSwitch(Switch.java:53)
	at org.eclipse.emf.ecore.util.Switch.doSwitch(Switch.java:69)
	at org.palladiosimulator.solver.core.visitors.SeffVisitor.caseInternalAction(SeffVisitor.java:262)
	at org.palladiosimulator.pcm.seff.util.SeffSwitch.doSwitch(SeffSwitch.java:432)
	at org.eclipse.emf.ecore.util.Switch.doSwitch(Switch.java:53)
	at org.eclipse.emf.ecore.util.Switch.doSwitch(Switch.java:69)
	at org.palladiosimulator.solver.core.visitors.SeffVisitor.caseStartAction(SeffVisitor.java:378)
	at org.palladiosimulator.pcm.seff.util.SeffSwitch.doSwitch(SeffSwitch.java:197)
	at org.eclipse.emf.ecore.util.Switch.doSwitch(Switch.java:53)
	at org.eclipse.emf.ecore.util.Switch.doSwitch(Switch.java:69)
	at org.palladiosimulator.solver.core.visitors.SeffVisitor.caseResourceDemandingSEFF(SeffVisitor.java:343)
	at org.palladiosimulator.pcm.seff.util.SeffSwitch.doSwitch(SeffSwitch.java:218)
	at org.eclipse.emf.ecore.util.Switch.doSwitch(Switch.java:53)
	at org.eclipse.emf.ecore.util.Switch.doSwitch(Switch.java:69)
	at org.palladiosimulator.solver.core.handler.ExternalCallActionHandler.visitSEFF(ExternalCallActionHandler.java:115)
	at org.palladiosimulator.solver.core.handler.ExternalCallActionHandler.handle(ExternalCallActionHandler.java:87)
	at org.palladiosimulator.solver.core.visitors.SeffVisitor.caseExternalCallAction(SeffVisitor.java:210)
	at org.palladiosimulator.pcm.seff.util.SeffSwitch.doSwitch(SeffSwitch.java:305)
	at org.eclipse.emf.ecore.util.Switch.doSwitch(Switch.java:53)
	at org.eclipse.emf.ecore.util.Switch.doSwitch(Switch.java:69)
	at org.palladiosimulator.solver.core.visitors.SeffVisitor.caseStartAction(SeffVisitor.java:378)
	at org.palladiosimulator.pcm.seff.util.SeffSwitch.doSwitch(SeffSwitch.java:197)
	at org.eclipse.emf.ecore.util.Switch.doSwitch(Switch.java:53)
	at org.eclipse.emf.ecore.util.Switch.doSwitch(Switch.java:69)
	at org.palladiosimulator.solver.core.visitors.SeffVisitor.caseResourceDemandingBehaviour(SeffVisitor.java:327)
	at org.palladiosimulator.pcm.seff.util.SeffSwitch.doSwitch(SeffSwitch.java:135)
	at org.eclipse.emf.ecore.util.Switch.doSwitch(Switch.java:53)
	at org.eclipse.emf.ecore.util.Switch.doSwitch(Switch.java:69)
	at org.palladiosimulator.solver.core.handler.AbstractLoopActionHandler.visitLoopBody(AbstractLoopActionHandler.java:49)
	at org.palladiosimulator.solver.core.handler.LoopActionHandler.handle(LoopActionHandler.java:37)
	at org.palladiosimulator.solver.core.visitors.SeffVisitor.caseLoopAction(SeffVisitor.java:279)
	at org.palladiosimulator.pcm.seff.util.SeffSwitch.doSwitch(SeffSwitch.java:255)
	at org.eclipse.emf.ecore.util.Switch.doSwitch(Switch.java:53)
	at org.eclipse.emf.ecore.util.Switch.doSwitch(Switch.java:69)
	at org.palladiosimulator.solver.core.visitors.SeffVisitor.caseInternalAction(SeffVisitor.java:262)
	at org.palladiosimulator.pcm.seff.util.SeffSwitch.doSwitch(SeffSwitch.java:432)
	at org.eclipse.emf.ecore.util.Switch.doSwitch(Switch.java:53)
	at org.eclipse.emf.ecore.util.Switch.doSwitch(Switch.java:69)
	at org.palladiosimulator.solver.core.visitors.SeffVisitor.caseStartAction(SeffVisitor.java:378)
	at org.palladiosimulator.pcm.seff.util.SeffSwitch.doSwitch(SeffSwitch.java:197)
	at org.eclipse.emf.ecore.util.Switch.doSwitch(Switch.java:53)
	at org.eclipse.emf.ecore.util.Switch.doSwitch(Switch.java:69)
	at org.palladiosimulator.solver.core.visitors.SeffVisitor.caseResourceDemandingSEFF(SeffVisitor.java:343)
	at org.palladiosimulator.pcm.seff.util.SeffSwitch.doSwitch(SeffSwitch.java:218)
	at org.eclipse.emf.ecore.util.Switch.doSwitch(Switch.java:53)
	at org.eclipse.emf.ecore.util.Switch.doSwitch(Switch.java:69)
	at org.palladiosimulator.solver.core.handler.ExternalCallActionHandler.visitSEFF(ExternalCallActionHandler.java:115)
	at org.palladiosimulator.solver.core.handler.ExternalCallActionHandler.handle(ExternalCallActionHandler.java:87)
	at org.palladiosimulator.solver.core.visitors.SeffVisitor.caseExternalCallAction(SeffVisitor.java:210)
	at org.palladiosimulator.pcm.seff.util.SeffSwitch.doSwitch(SeffSwitch.java:305)
	at org.eclipse.emf.ecore.util.Switch.doSwitch(Switch.java:53)
	at org.eclipse.emf.ecore.util.Switch.doSwitch(Switch.java:69)
	at org.palladiosimulator.solver.core.visitors.SeffVisitor.caseStartAction(SeffVisitor.java:378)
	at org.palladiosimulator.pcm.seff.util.SeffSwitch.doSwitch(SeffSwitch.java:197)
	at org.eclipse.emf.ecore.util.Switch.doSwitch(Switch.java:53)
	at org.eclipse.emf.ecore.util.Switch.doSwitch(Switch.java:69)
	at org.palladiosimulator.solver.core.visitors.SeffVisitor.caseResourceDemandingBehaviour(SeffVisitor.java:327)
	at org.palladiosimulator.pcm.seff.util.SeffSwitch.doSwitch(SeffSwitch.java:135)
	at org.eclipse.emf.ecore.util.Switch.doSwitch(Switch.java:53)
	at org.eclipse.emf.ecore.util.Switch.doSwitch(Switch.java:69)
	at org.palladiosimulator.solver.core.handler.AbstractLoopActionHandler.visitLoopBody(AbstractLoopActionHandler.java:49)
	at org.palladiosimulator.solver.core.handler.LoopActionHandler.handle(LoopActionHandler.java:37)
	at org.palladiosimulator.solver.core.visitors.SeffVisitor.caseLoopAction(SeffVisitor.java:279)
	at org.palladiosimulator.pcm.seff.util.SeffSwitch.doSwitch(SeffSwitch.java:255)
	at org.eclipse.emf.ecore.util.Switch.doSwitch(Switch.java:53)
	at org.eclipse.emf.ecore.util.Switch.doSwitch(Switch.java:69)
	at org.palladiosimulator.solver.core.visitors.SeffVisitor.caseInternalAction(SeffVisitor.java:262)
	at org.palladiosimulator.pcm.seff.util.SeffSwitch.doSwitch(SeffSwitch.java:432)
	at org.eclipse.emf.ecore.util.Switch.doSwitch(Switch.java:53)
	at org.eclipse.emf.ecore.util.Switch.doSwitch(Switch.java:69)
	at org.palladiosimulator.solver.core.visitors.SeffVisitor.caseStartAction(SeffVisitor.java:378)
	at org.palladiosimulator.pcm.seff.util.SeffSwitch.doSwitch(SeffSwitch.java:197)
	at org.eclipse.emf.ecore.util.Switch.doSwitch(Switch.java:53)
	at org.eclipse.emf.ecore.util.Switch.doSwitch(Switch.java:69)
	at org.palladiosimulator.solver.core.visitors.SeffVisitor.caseResourceDemandingSEFF(SeffVisitor.java:343)
	at org.palladiosimulator.pcm.seff.util.SeffSwitch.doSwitch(SeffSwitch.java:218)
	at org.eclipse.emf.ecore.util.Switch.doSwitch(Switch.java:53)
	at org.eclipse.emf.ecore.util.Switch.doSwitch(Switch.java:69)
	at org.palladiosimulator.solver.core.handler.ExternalCallActionHandler.visitSEFF(ExternalCallActionHandler.java:115)
	at org.palladiosimulator.solver.core.handler.ExternalCallActionHandler.handle(ExternalCallActionHandler.java:87)
	at org.palladiosimulator.solver.core.visitors.SeffVisitor.caseExternalCallAction(SeffVisitor.java:210)
	at org.palladiosimulator.pcm.seff.util.SeffSwitch.doSwitch(SeffSwitch.java:305)
	at org.eclipse.emf.ecore.util.Switch.doSwitch(Switch.java:53)
	at org.eclipse.emf.ecore.util.Switch.doSwitch(Switch.java:69)
	at org.palladiosimulator.solver.core.visitors.SeffVisitor.caseStartAction(SeffVisitor.java:378)
	at org.palladiosimulator.pcm.seff.util.SeffSwitch.doSwitch(SeffSwitch.java:197)
	at org.eclipse.emf.ecore.util.Switch.doSwitch(Switch.java:53)
	at org.eclipse.emf.ecore.util.Switch.doSwitch(Switch.java:69)
	at org.palladiosimulator.solver.core.visitors.SeffVisitor.caseResourceDemandingBehaviour(SeffVisitor.java:327)
	at org.palladiosimulator.pcm.seff.util.SeffSwitch.doSwitch(SeffSwitch.java:135)
	at org.eclipse.emf.ecore.util.Switch.doSwitch(Switch.java:53)
	at org.eclipse.emf.ecore.util.Switch.doSwitch(Switch.java:69)
	at org.palladiosimulator.solver.core.handler.AbstractLoopActionHandler.visitLoopBody(AbstractLoopActionHandler.java:49)
	at org.palladiosimulator.solver.core.handler.LoopActionHandler.handle(LoopActionHandler.java:37)
	at org.palladiosimulator.solver.core.visitors.SeffVisitor.caseLoopAction(SeffVisitor.java:279)
	at org.palladiosimulator.pcm.seff.util.SeffSwitch.doSwitch(SeffSwitch.java:255)
	at org.eclipse.emf.ecore.util.Switch.doSwitch(Switch.java:53)
	at org.eclipse.emf.ecore.util.Switch.doSwitch(Switch.java:69)
	at org.palladiosimulator.solver.core.visitors.SeffVisitor.caseInternalAction(SeffVisitor.java:262)
	at org.palladiosimulator.pcm.seff.util.SeffSwitch.doSwitch(SeffSwitch.java:432)
	at org.eclipse.emf.ecore.util.Switch.doSwitch(Switch.java:53)
	at org.eclipse.emf.ecore.util.Switch.doSwitch(Switch.java:69)
	at org.palladiosimulator.solver.core.visitors.SeffVisitor.caseStartAction(SeffVisitor.java:378)
	at org.palladiosimulator.pcm.seff.util.SeffSwitch.doSwitch(SeffSwitch.java:197)
	at org.eclipse.emf.ecore.util.Switch.doSwitch(Switch.java:53)
	at org.eclipse.emf.ecore.util.Switch.doSwitch(Switch.java:69)
	at org.palladiosimulator.solver.core.visitors.SeffVisitor.caseResourceDemandingSEFF(SeffVisitor.java:343)
	at org.palladiosimulator.pcm.seff.util.SeffSwitch.doSwitch(SeffSwitch.java:218)
	at org.eclipse.emf.ecore.util.Switch.doSwitch(Switch.java:53)
	at org.eclipse.emf.ecore.util.Switch.doSwitch(Switch.java:69)
	at org.palladiosimulator.solver.core.handler.ExternalCallActionHandler.visitSEFF(ExternalCallActionHandler.java:115)
	at org.palladiosimulator.solver.core.handler.ExternalCallActionHandler.handle(ExternalCallActionHandler.java:87)
	at org.palladiosimulator.solver.core.visitors.SeffVisitor.caseExternalCallAction(SeffVisitor.java:210)
	at org.palladiosimulator.pcm.seff.util.SeffSwitch.doSwitch(SeffSwitch.java:305)
	at org.eclipse.emf.ecore.util.Switch.doSwitch(Switch.java:53)
	at org.eclipse.emf.ecore.util.Switch.doSwitch(Switch.java:69)
	at org.palladiosimulator.solver.core.visitors.SeffVisitor.caseStartAction(SeffVisitor.java:378)
	at org.palladiosimulator.pcm.seff.util.SeffSwitch.doSwitch(SeffSwitch.java:197)
	at org.eclipse.emf.ecore.util.Switch.doSwitch(Switch.java:53)
	at org.eclipse.emf.ecore.util.Switch.doSwitch(Switch.java:69)
	at org.palladiosimulator.solver.core.visitors.SeffVisitor.caseResourceDemandingBehaviour(SeffVisitor.java:327)
	at org.palladiosimulator.pcm.seff.util.SeffSwitch.doSwitch(SeffSwitch.java:135)
	at org.eclipse.emf.ecore.util.Switch.doSwitch(Switch.java:53)
	at org.eclipse.emf.ecore.util.Switch.doSwitch(Switch.java:69)
	at org.palladiosimulator.solver.core.handler.AbstractLoopActionHandler.visitLoopBody(AbstractLoopActionHandler.java:49)
	at org.palladiosimulator.solver.core.handler.LoopActionHandler.handle(LoopActionHandler.java:37)
	at org.palladiosimulator.solver.core.visitors.SeffVisitor.caseLoopAction(SeffVisitor.java:279)
	at org.palladiosimulator.pcm.seff.util.SeffSwitch.doSwitch(SeffSwitch.java:255)
	at org.eclipse.emf.ecore.util.Switch.doSwitch(Switch.java:53)
	at org.eclipse.emf.ecore.util.Switch.doSwitch(Switch.java:69)
	at org.palladiosimulator.solver.core.visitors.SeffVisitor.caseInternalAction(SeffVisitor.java:262)
	at org.palladiosimulator.pcm.seff.util.SeffSwitch.doSwitch(SeffSwitch.java:432)
	at org.eclipse.emf.ecore.util.Switch.doSwitch(Switch.java:53)
	at org.eclipse.emf.ecore.util.Switch.doSwitch(Switch.java:69)
	at org.palladiosimulator.solver.core.visitors.SeffVisitor.caseStartAction(SeffVisitor.java:378)
	at org.palladiosimulator.pcm.seff.util.SeffSwitch.doSwitch(SeffSwitch.java:197)
	at org.eclipse.emf.ecore.util.Switch.doSwitch(Switch.java:53)
	at org.eclipse.emf.ecore.util.Switch.doSwitch(Switch.java:69)
	at org.palladiosimulator.solver.core.visitors.SeffVisitor.caseResourceDemandingSEFF(SeffVisitor.java:343)
	at org.palladiosimulator.pcm.seff.util.SeffSwitch.doSwitch(SeffSwitch.java:218)
	at org.eclipse.emf.ecore.util.Switch.doSwitch(Switch.java:53)
	at org.eclipse.emf.ecore.util.Switch.doSwitch(Switch.java:69)
	at org.palladiosimulator.solver.core.handler.ExternalCallActionHandler.visitSEFF(ExternalCallActionHandler.java:115)
	at org.palladiosimulator.solver.core.handler.ExternalCallActionHandler.handle(ExternalCallActionHandler.java:87)
	at org.palladiosimulator.solver.core.visitors.SeffVisitor.caseExternalCallAction(SeffVisitor.java:210)
	at org.palladiosimulator.pcm.seff.util.SeffSwitch.doSwitch(SeffSwitch.java:305)
	at org.eclipse.emf.ecore.util.Switch.doSwitch(Switch.java:53)
	at org.eclipse.emf.ecore.util.Switch.doSwitch(Switch.java:69)
	at org.palladiosimulator.solver.core.visitors.SeffVisitor.caseStartAction(SeffVisitor.java:378)
	at org.palladiosimulator.pcm.seff.util.SeffSwitch.doSwitch(SeffSwitch.java:197)
	at org.eclipse.emf.ecore.util.Switch.doSwitch(Switch.java:53)
	at org.eclipse.emf.ecore.util.Switch.doSwitch(Switch.java:69)
	at org.palladiosimulator.solver.core.visitors.SeffVisitor.caseResourceDemandingBehaviour(SeffVisitor.java:327)
	at org.palladiosimulator.pcm.seff.util.SeffSwitch.doSwitch(SeffSwitch.java:135)
	at org.eclipse.emf.ecore.util.Switch.doSwitch(Switch.java:53)
	at org.eclipse.emf.ecore.util.Switch.doSwitch(Switch.java:69)
	at org.palladiosimulator.solver.core.handler.AbstractLoopActionHandler.visitLoopBody(AbstractLoopActionHandler.java:49)
	at org.palladiosimulator.solver.core.handler.LoopActionHandler.handle(LoopActionHandler.java:37)
	at org.palladiosimulator.solver.core.visitors.SeffVisitor.caseLoopAction(SeffVisitor.java:279)
	at org.palladiosimulator.pcm.seff.util.SeffSwitch.doSwitch(SeffSwitch.java:255)
	at org.eclipse.emf.ecore.util.Switch.doSwitch(Switch.java:53)
	at org.eclipse.emf.ecore.util.Switch.doSwitch(Switch.java:69)
	at org.palladiosimulator.solver.core.visitors.SeffVisitor.caseInternalAction(SeffVisitor.java:262)
	at org.palladiosimulator.pcm.seff.util.SeffSwitch.doSwitch(SeffSwitch.java:432)
	at org.eclipse.emf.ecore.util.Switch.doSwitch(Switch.java:53)
	at org.eclipse.emf.ecore.util.Switch.doSwitch(Switch.java:69)
	at org.palladiosimulator.solver.core.visitors.SeffVisitor.caseStartAction(SeffVisitor.java:378)
	at org.palladiosimulator.pcm.seff.util.SeffSwitch.doSwitch(SeffSwitch.java:197)
	at org.eclipse.emf.ecore.util.Switch.doSwitch(Switch.java:53)
	at org.eclipse.emf.ecore.util.Switch.doSwitch(Switch.java:69)
	at org.palladiosimulator.solver.core.visitors.SeffVisitor.caseResourceDemandingSEFF(SeffVisitor.java:343)
	at org.palladiosimulator.pcm.seff.util.SeffSwitch.doSwitch(SeffSwitch.java:218)
	at org.eclipse.emf.ecore.util.Switch.doSwitch(Switch.java:53)
	at org.eclipse.emf.ecore.util.Switch.doSwitch(Switch.java:69)
	at org.palladiosimulator.solver.core.handler.ExternalCallActionHandler.visitSEFF(ExternalCallActionHandler.java:115)
	at org.palladiosimulator.solver.core.handler.ExternalCallActionHandler.handle(ExternalCallActionHandler.java:87)
	at org.palladiosimulator.solver.core.visitors.SeffVisitor.caseExternalCallAction(SeffVisitor.java:210)
	at org.palladiosimulator.pcm.seff.util.SeffSwitch.doSwitch(SeffSwitch.java:305)
	at org.eclipse.emf.ecore.util.Switch.doSwitch(Switch.java:53)
	at org.eclipse.emf.ecore.util.Switch.doSwitch(Switch.java:69)
	at org.palladiosimulator.solver.core.visitors.SeffVisitor.caseStartAction(SeffVisitor.java:378)
	at org.palladiosimulator.pcm.seff.util.SeffSwitch.doSwitch(SeffSwitch.java:197)
	at org.eclipse.emf.ecore.util.Switch.doSwitch(Switch.java:53)
	at org.eclipse.emf.ecore.util.Switch.doSwitch(Switch.java:69)
	at org.palladiosimulator.solver.core.visitors.SeffVisitor.caseResourceDemandingBehaviour(SeffVisitor.java:327)
	at org.palladiosimulator.pcm.seff.util.SeffSwitch.doSwitch(SeffSwitch.java:135)
	at org.eclipse.emf.ecore.util.Switch.doSwitch(Switch.java:53)
	at org.eclipse.emf.ecore.util.Switch.doSwitch(Switch.java:69)
	at org.palladiosimulator.solver.core.handler.AbstractLoopActionHandler.visitLoopBody(AbstractLoopActionHandler.java:49)
	at org.palladiosimulator.solver.core.handler.LoopActionHandler.handle(LoopActionHandler.java:37)
	at org.palladiosimulator.solver.core.visitors.SeffVisitor.caseLoopAction(SeffVisitor.java:279)
	at org.palladiosimulator.pcm.seff.util.SeffSwitch.doSwitch(SeffSwitch.java:255)
	at org.eclipse.emf.ecore.util.Switch.doSwitch(Switch.java:53)
	at org.eclipse.emf.ecore.util.Switch.doSwitch(Switch.java:69)
	at org.palladiosimulator.solver.core.visitors.SeffVisitor.caseInternalAction(SeffVisitor.java:262)
	at org.palladiosimulator.pcm.seff.util.SeffSwitch.doSwitch(SeffSwitch.java:432)
	at org.eclipse.emf.ecore.util.Switch.doSwitch(Switch.java:53)
	at org.eclipse.emf.ecore.util.Switch.doSwitch(Switch.java:69)
	at org.palladiosimulator.solver.core.visitors.SeffVisitor.caseStartAction(SeffVisitor.java:378)
	at org.palladiosimulator.pcm.seff.util.SeffSwitch.doSwitch(SeffSwitch.java:197)
	at org.eclipse.emf.ecore.util.Switch.doSwitch(Switch.java:53)
	at org.eclipse.emf.ecore.util.Switch.doSwitch(Switch.java:69)
	at org.palladiosimulator.solver.core.visitors.SeffVisitor.caseResourceDemandingSEFF(SeffVisitor.java:343)
	at org.palladiosimulator.pcm.seff.util.SeffSwitch.doSwitch(SeffSwitch.java:218)
	at org.eclipse.emf.ecore.util.Switch.doSwitch(Switch.java:53)
	at org.eclipse.emf.ecore.util.Switch.doSwitch(Switch.java:69)
	at org.palladiosimulator.solver.core.handler.ExternalCallActionHandler.visitSEFF(ExternalCallActionHandler.java:115)
	at org.palladiosimulator.solver.core.handler.ExternalCallActionHandler.handle(ExternalCallActionHandler.java:87)
	at org.palladiosimulator.solver.core.visitors.SeffVisitor.caseExternalCallAction(SeffVisitor.java:210)
	at org.palladiosimulator.pcm.seff.util.SeffSwitch.doSwitch(SeffSwitch.java:305)
	at org.eclipse.emf.ecore.util.Switch.doSwitch(Switch.java:53)
	at org.eclipse.emf.ecore.util.Switch.doSwitch(Switch.java:69)
	at org.palladiosimulator.solver.core.visitors.SeffVisitor.caseStartAction(SeffVisitor.java:378)
	at org.palladiosimulator.pcm.seff.util.SeffSwitch.doSwitch(SeffSwitch.java:197)
	at org.eclipse.emf.ecore.util.Switch.doSwitch(Switch.java:53)
	at org.eclipse.emf.ecore.util.Switch.doSwitch(Switch.java:69)
	at org.palladiosimulator.solver.core.visitors.SeffVisitor.caseResourceDemandingBehaviour(SeffVisitor.java:327)
	at org.palladiosimulator.pcm.seff.util.SeffSwitch.doSwitch(SeffSwitch.java:135)
	at org.eclipse.emf.ecore.util.Switch.doSwitch(Switch.java:53)
	at org.eclipse.emf.ecore.util.Switch.doSwitch(Switch.java:69)
	at org.palladiosimulator.solver.core.handler.AbstractLoopActionHandler.visitLoopBody(AbstractLoopActionHandler.java:49)
	at org.palladiosimulator.solver.core.handler.LoopActionHandler.handle(LoopActionHandler.java:37)
	at org.palladiosimulator.solver.core.visitors.SeffVisitor.caseLoopAction(SeffVisitor.java:279)
	at org.palladiosimulator.pcm.seff.util.SeffSwitch.doSwitch(SeffSwitch.java:255)
	at org.eclipse.emf.ecore.util.Switch.doSwitch(Switch.java:53)
	at org.eclipse.emf.ecore.util.Switch.doSwitch(Switch.java:69)
	at org.palladiosimulator.solver.core.visitors.SeffVisitor.caseInternalAction(SeffVisitor.java:262)
	at org.palladiosimulator.pcm.seff.util.SeffSwitch.doSwitch(SeffSwitch.java:432)
	at org.eclipse.emf.ecore.util.Switch.doSwitch(Switch.java:53)
	at org.eclipse.emf.ecore.util.Switch.doSwitch(Switch.java:69)
	at org.palladiosimulator.solver.core.visitors.SeffVisitor.caseStartAction(SeffVisitor.java:378)
	at org.palladiosimulator.pcm.seff.util.SeffSwitch.doSwitch(SeffSwitch.java:197)
	at org.eclipse.emf.ecore.util.Switch.doSwitch(Switch.java:53)
	at org.eclipse.emf.ecore.util.Switch.doSwitch(Switch.java:69)
	at org.palladiosimulator.solver.core.visitors.SeffVisitor.caseResourceDemandingSEFF(SeffVisitor.java:343)
	at org.palladiosimulator.pcm.seff.util.SeffSwitch.doSwitch(SeffSwitch.java:218)
	at org.eclipse.emf.ecore.util.Switch.doSwitch(Switch.java:53)
	at org.eclipse.emf.ecore.util.Switch.doSwitch(Switch.java:69)
	at org.palladiosimulator.solver.core.handler.ExternalCallActionHandler.visitSEFF(ExternalCallActionHandler.java:115)
	at org.palladiosimulator.solver.core.handler.ExternalCallActionHandler.handle(ExternalCallActionHandler.java:87)
	at org.palladiosimulator.solver.core.visitors.SeffVisitor.caseExternalCallAction(SeffVisitor.java:210)
	at org.palladiosimulator.pcm.seff.util.SeffSwitch.doSwitch(SeffSwitch.java:305)
	at org.eclipse.emf.ecore.util.Switch.doSwitch(Switch.java:53)
	at org.eclipse.emf.ecore.util.Switch.doSwitch(Switch.java:69)
	at org.palladiosimulator.solver.core.visitors.SeffVisitor.caseStartAction(SeffVisitor.java:378)
	at org.palladiosimulator.pcm.seff.util.SeffSwitch.doSwitch(SeffSwitch.java:197)
	at org.eclipse.emf.ecore.util.Switch.doSwitch(Switch.java:53)
	at org.eclipse.emf.ecore.util.Switch.doSwitch(Switch.java:69)
	at org.palladiosimulator.solver.core.visitors.SeffVisitor.caseResourceDemandingBehaviour(SeffVisitor.java:327)
	at org.palladiosimulator.pcm.seff.util.SeffSwitch.doSwitch(SeffSwitch.java:135)
	at org.eclipse.emf.ecore.util.Switch.doSwitch(Switch.java:53)
	at org.eclipse.emf.ecore.util.Switch.doSwitch(Switch.java:69)
	at org.palladiosimulator.solver.core.handler.AbstractLoopActionHandler.visitLoopBody(AbstractLoopActionHandler.java:49)
	at org.palladiosimulator.solver.core.handler.LoopActionHandler.handle(LoopActionHandler.java:37)
	at org.palladiosimulator.solver.core.visitors.SeffVisitor.caseLoopAction(SeffVisitor.java:279)
	at org.palladiosimulator.pcm.seff.util.SeffSwitch.doSwitch(SeffSwitch.java:255)
	at org.eclipse.emf.ecore.util.Switch.doSwitch(Switch.java:53)
	at org.eclipse.emf.ecore.util.Switch.doSwitch(Switch.java:69)
	at org.palladiosimulator.solver.core.visitors.SeffVisitor.caseInternalAction(SeffVisitor.java:262)
	at org.palladiosimulator.pcm.seff.util.SeffSwitch.doSwitch(SeffSwitch.java:432)
	at org.eclipse.emf.ecore.util.Switch.doSwitch(Switch.java:53)
	at org.eclipse.emf.ecore.util.Switch.doSwitch(Switch.java:69)
	at org.palladiosimulator.solver.core.visitors.SeffVisitor.caseStartAction(SeffVisitor.java:378)
	at org.palladiosimulator.pcm.seff.util.SeffSwitch.doSwitch(SeffSwitch.java:197)
	at org.eclipse.emf.ecore.util.Switch.doSwitch(Switch.java:53)
	at org.eclipse.emf.ecore.util.Switch.doSwitch(Switch.java:69)
	at org.palladiosimulator.solver.core.visitors.SeffVisitor.caseResourceDemandingSEFF(SeffVisitor.java:343)
	at org.palladiosimulator.pcm.seff.util.SeffSwitch.doSwitch(SeffSwitch.java:218)
	at org.eclipse.emf.ecore.util.Switch.doSwitch(Switch.java:53)
	at org.eclipse.emf.ecore.util.Switch.doSwitch(Switch.java:69)
	at org.palladiosimulator.solver.core.handler.ExternalCallActionHandler.visitSEFF(ExternalCallActionHandler.java:115)
	at org.palladiosimulator.solver.core.handler.ExternalCallActionHandler.handle(ExternalCallActionHandler.java:87)
	at org.palladiosimulator.solver.core.visitors.SeffVisitor.caseExternalCallAction(SeffVisitor.java:210)
	at org.palladiosimulator.pcm.seff.util.SeffSwitch.doSwitch(SeffSwitch.java:305)
	at org.eclipse.emf.ecore.util.Switch.doSwitch(Switch.java:53)
	at org.eclipse.emf.ecore.util.Switch.doSwitch(Switch.java:69)
	at org.palladiosimulator.solver.core.visitors.SeffVisitor.caseStartAction(SeffVisitor.java:378)
	at org.palladiosimulator.pcm.seff.util.SeffSwitch.doSwitch(SeffSwitch.java:197)
	at org.eclipse.emf.ecore.util.Switch.doSwitch(Switch.java:53)
	at org.eclipse.emf.ecore.util.Switch.doSwitch(Switch.java:69)
	at org.palladiosimulator.solver.core.visitors.SeffVisitor.caseResourceDemandingBehaviour(SeffVisitor.java:327)
	at org.palladiosimulator.pcm.seff.util.SeffSwitch.doSwitch(SeffSwitch.java:135)
	at org.eclipse.emf.ecore.util.Switch.doSwitch(Switch.java:53)
	at org.eclipse.emf.ecore.util.Switch.doSwitch(Switch.java:69)
	at org.palladiosimulator.solver.core.handler.AbstractLoopActionHandler.visitLoopBody(AbstractLoopActionHandler.java:49)
	at org.palladiosimulator.solver.core.handler.LoopActionHandler.handle(LoopActionHandler.java:37)
	at org.palladiosimulator.solver.core.visitors.SeffVisitor.caseLoopAction(SeffVisitor.java:279)
	at org.palladiosimulator.pcm.seff.util.SeffSwitch.doSwitch(SeffSwitch.java:255)
	at org.eclipse.emf.ecore.util.Switch.doSwitch(Switch.java:53)
	at org.eclipse.emf.ecore.util.Switch.doSwitch(Switch.java:69)
	at org.palladiosimulator.solver.core.visitors.SeffVisitor.caseInternalAction(SeffVisitor.java:262)
	at org.palladiosimulator.pcm.seff.util.SeffSwitch.doSwitch(SeffSwitch.java:432)
	at org.eclipse.emf.ecore.util.Switch.doSwitch(Switch.java:53)
	at org.eclipse.emf.ecore.util.Switch.doSwitch(Switch.java:69)
	at org.palladiosimulator.solver.core.visitors.SeffVisitor.caseStartAction(SeffVisitor.java:378)
	at org.palladiosimulator.pcm.seff.util.SeffSwitch.doSwitch(SeffSwitch.java:197)
	at org.eclipse.emf.ecore.util.Switch.doSwitch(Switch.java:53)
	at org.eclipse.emf.ecore.util.Switch.doSwitch(Switch.java:69)
	at org.palladiosimulator.solver.core.visitors.SeffVisitor.caseResourceDemandingSEFF(SeffVisitor.java:343)
	at org.palladiosimulator.pcm.seff.util.SeffSwitch.doSwitch(SeffSwitch.java:218)
	at org.eclipse.emf.ecore.util.Switch.doSwitch(Switch.java:53)
	at org.eclipse.emf.ecore.util.Switch.doSwitch(Switch.java:69)
	at org.palladiosimulator.solver.core.handler.ExternalCallActionHandler.visitSEFF(ExternalCallActionHandler.java:115)
	at org.palladiosimulator.solver.core.handler.ExternalCallActionHandler.handle(ExternalCallActionHandler.java:87)
	at org.palladiosimulator.solver.core.visitors.SeffVisitor.caseExternalCallAction(SeffVisitor.java:210)
	at org.palladiosimulator.pcm.seff.util.SeffSwitch.doSwitch(SeffSwitch.java:305)
	at org.eclipse.emf.ecore.util.Switch.doSwitch(Switch.java:53)
	at org.eclipse.emf.ecore.util.Switch.doSwitch(Switch.java:69)
	at org.palladiosimulator.solver.core.visitors.SeffVisitor.caseStartAction(SeffVisitor.java:378)
	at org.palladiosimulator.pcm.seff.util.SeffSwitch.doSwitch(SeffSwitch.java:197)
	at org.eclipse.emf.ecore.util.Switch.doSwitch(Switch.java:53)
	at org.eclipse.emf.ecore.util.Switch.doSwitch(Switch.java:69)
	at org.palladiosimulator.solver.core.visitors.SeffVisitor.caseResourceDemandingBehaviour(SeffVisitor.java:327)
	at org.palladiosimulator.pcm.seff.util.SeffSwitch.doSwitch(SeffSwitch.java:135)
	at org.eclipse.emf.ecore.util.Switch.doSwitch(Switch.java:53)
	at org.eclipse.emf.ecore.util.Switch.doSwitch(Switch.java:69)
	at org.palladiosimulator.solver.core.handler.AbstractLoopActionHandler.visitLoopBody(AbstractLoopActionHandler.java:49)
	at org.palladiosimulator.solver.core.handler.LoopActionHandler.handle(LoopActionHandler.java:37)
	at org.palladiosimulator.solver.core.visitors.SeffVisitor.caseLoopAction(SeffVisitor.java:279)
	at org.palladiosimulator.pcm.seff.util.SeffSwitch.doSwitch(SeffSwitch.java:255)
	at org.eclipse.emf.ecore.util.Switch.doSwitch(Switch.java:53)
	at org.eclipse.emf.ecore.util.Switch.doSwitch(Switch.java:69)
	at org.palladiosimulator.solver.core.visitors.SeffVisitor.caseInternalAction(SeffVisitor.java:262)
	at org.palladiosimulator.pcm.seff.util.SeffSwitch.doSwitch(SeffSwitch.java:432)
	at org.eclipse.emf.ecore.util.Switch.doSwitch(Switch.java:53)
	at org.eclipse.emf.ecore.util.Switch.doSwitch(Switch.java:69)
	at org.palladiosimulator.solver.core.visitors.SeffVisitor.caseStartAction(SeffVisitor.java:378)
	at org.palladiosimulator.pcm.seff.util.SeffSwitch.doSwitch(SeffSwitch.java:197)
	at org.eclipse.emf.ecore.util.Switch.doSwitch(Switch.java:53)
	at org.eclipse.emf.ecore.util.Switch.doSwitch(Switch.java:69)
	at org.palladiosimulator.solver.core.visitors.SeffVisitor.caseResourceDemandingSEFF(SeffVisitor.java:343)
	at org.palladiosimulator.pcm.seff.util.SeffSwitch.doSwitch(SeffSwitch.java:218)
	at org.eclipse.emf.ecore.util.Switch.doSwitch(Switch.java:53)
	at org.eclipse.emf.ecore.util.Switch.doSwitch(Switch.java:69)
	at org.palladiosimulator.solver.core.handler.ExternalCallActionHandler.visitSEFF(ExternalCallActionHandler.java:115)
	at org.palladiosimulator.solver.core.handler.ExternalCallActionHandler.handle(ExternalCallActionHandler.java:87)
	at org.palladiosimulator.solver.core.visitors.SeffVisitor.caseExternalCallAction(SeffVisitor.java:210)
	at org.palladiosimulator.pcm.seff.util.SeffSwitch.doSwitch(SeffSwitch.java:305)
	at org.eclipse.emf.ecore.util.Switch.doSwitch(Switch.java:53)
	at org.eclipse.emf.ecore.util.Switch.doSwitch(Switch.java:69)
	at org.palladiosimulator.solver.core.visitors.SeffVisitor.caseStartAction(SeffVisitor.java:378)
	at org.palladiosimulator.pcm.seff.util.SeffSwitch.doSwitch(SeffSwitch.java:197)
	at org.eclipse.emf.ecore.util.Switch.doSwitch(Switch.java:53)
	at org.eclipse.emf.ecore.util.Switch.doSwitch(Switch.java:69)
	at org.palladiosimulator.solver.core.visitors.SeffVisitor.caseResourceDemandingBehaviour(SeffVisitor.java:327)
	at org.palladiosimulator.pcm.seff.util.SeffSwitch.doSwitch(SeffSwitch.java:135)
	at org.eclipse.emf.ecore.util.Switch.doSwitch(Switch.java:53)
	at org.eclipse.emf.ecore.util.Switch.doSwitch(Switch.java:69)
	at org.palladiosimulator.solver.core.handler.AbstractLoopActionHandler.visitLoopBody(AbstractLoopActionHandler.java:49)
	at org.palladiosimulator.solver.core.handler.LoopActionHandler.handle(LoopActionHandler.java:37)
	at org.palladiosimulator.solver.core.visitors.SeffVisitor.caseLoopAction(SeffVisitor.java:279)
	at org.palladiosimulator.pcm.seff.util.SeffSwitch.doSwitch(SeffSwitch.java:255)
	at org.eclipse.emf.ecore.util.Switch.doSwitch(Switch.java:53)
	at org.eclipse.emf.ecore.util.Switch.doSwitch(Switch.java:69)
	at org.palladiosimulator.solver.core.visitors.SeffVisitor.caseInternalAction(SeffVisitor.java:262)
	at org.palladiosimulator.pcm.seff.util.SeffSwitch.doSwitch(SeffSwitch.java:432)
	at org.eclipse.emf.ecore.util.Switch.doSwitch(Switch.java:53)
	at org.eclipse.emf.ecore.util.Switch.doSwitch(Switch.java:69)
	at org.palladiosimulator.solver.core.visitors.SeffVisitor.caseStartAction(SeffVisitor.java:378)
	at org.palladiosimulator.pcm.seff.util.SeffSwitch.doSwitch(SeffSwitch.java:197)
	at org.eclipse.emf.ecore.util.Switch.doSwitch(Switch.java:53)
	at org.eclipse.emf.ecore.util.Switch.doSwitch(Switch.java:69)
	at org.palladiosimulator.solver.core.visitors.SeffVisitor.caseResourceDemandingSEFF(SeffVisitor.java:343)
	at org.palladiosimulator.pcm.seff.util.SeffSwitch.doSwitch(SeffSwitch.java:218)
	at org.eclipse.emf.ecore.util.Switch.doSwitch(Switch.java:53)
	at org.eclipse.emf.ecore.util.Switch.doSwitch(Switch.java:69)
	at org.palladiosimulator.solver.core.handler.ExternalCallActionHandler.visitSEFF(ExternalCallActionHandler.java:115)
	at org.palladiosimulator.solver.core.handler.ExternalCallActionHandler.handle(ExternalCallActionHandler.java:87)
	at org.palladiosimulator.solver.core.visitors.SeffVisitor.caseExternalCallAction(SeffVisitor.java:210)
	at org.palladiosimulator.pcm.seff.util.SeffSwitch.doSwitch(SeffSwitch.java:305)
	at org.eclipse.emf.ecore.util.Switch.doSwitch(Switch.java:53)
	at org.eclipse.emf.ecore.util.Switch.doSwitch(Switch.java:69)
	at org.palladiosimulator.solver.core.visitors.SeffVisitor.caseStartAction(SeffVisitor.java:378)
	at org.palladiosimulator.pcm.seff.util.SeffSwitch.doSwitch(SeffSwitch.java:197)
	at org.eclipse.emf.ecore.util.Switch.doSwitch(Switch.java:53)
	at org.eclipse.emf.ecore.util.Switch.doSwitch(Switch.java:69)
	at org.palladiosimulator.solver.core.visitors.SeffVisitor.caseResourceDemandingBehaviour(SeffVisitor.java:327)
	at org.palladiosimulator.pcm.seff.util.SeffSwitch.doSwitch(SeffSwitch.java:135)
	at org.eclipse.emf.ecore.util.Switch.doSwitch(Switch.java:53)
	at org.eclipse.emf.ecore.util.Switch.doSwitch(Switch.java:69)
	at org.palladiosimulator.solver.core.handler.AbstractLoopActionHandler.visitLoopBody(AbstractLoopActionHandler.java:49)
	at org.palladiosimulator.solver.core.handler.LoopActionHandler.handle(LoopActionHandler.java:37)
	at org.palladiosimulator.solver.core.visitors.SeffVisitor.caseLoopAction(SeffVisitor.java:279)
	at org.palladiosimulator.pcm.seff.util.SeffSwitch.doSwitch(SeffSwitch.java:255)
	at org.eclipse.emf.ecore.util.Switch.doSwitch(Switch.java:53)
	at org.eclipse.emf.ecore.util.Switch.doSwitch(Switch.java:69)
	at org.palladiosimulator.solver.core.visitors.SeffVisitor.caseInternalAction(SeffVisitor.java:262)
	at org.palladiosimulator.pcm.seff.util.SeffSwitch.doSwitch(SeffSwitch.java:432)
	at org.eclipse.emf.ecore.util.Switch.doSwitch(Switch.java:53)
	at org.eclipse.emf.ecore.util.Switch.doSwitch(Switch.java:69)
	at org.palladiosimulator.solver.core.visitors.SeffVisitor.caseStartAction(SeffVisitor.java:378)
	at org.palladiosimulator.pcm.seff.util.SeffSwitch.doSwitch(SeffSwitch.java:197)
	at org.eclipse.emf.ecore.util.Switch.doSwitch(Switch.java:53)
	at org.eclipse.emf.ecore.util.Switch.doSwitch(Switch.java:69)
	at org.palladiosimulator.solver.core.visitors.SeffVisitor.caseResourceDemandingSEFF(SeffVisitor.java:343)
	at org.palladiosimulator.pcm.seff.util.SeffSwitch.doSwitch(SeffSwitch.java:218)
	at org.eclipse.emf.ecore.util.Switch.doSwitch(Switch.java:53)
	at org.eclipse.emf.ecore.util.Switch.doSwitch(Switch.java:69)
	at org.palladiosimulator.solver.core.handler.ExternalCallActionHandler.visitSEFF(ExternalCallActionHandler.java:115)
	at org.palladiosimulator.solver.core.handler.ExternalCallActionHandler.handle(ExternalCallActionHandler.java:87)
	at org.palladiosimulator.solver.core.visitors.SeffVisitor.caseExternalCallAction(SeffVisitor.java:210)
	at org.palladiosimulator.pcm.seff.util.SeffSwitch.doSwitch(SeffSwitch.java:305)
	at org.eclipse.emf.ecore.util.Switch.doSwitch(Switch.java:53)
	at org.eclipse.emf.ecore.util.Switch.doSwitch(Switch.java:69)
	at org.palladiosimulator.solver.core.visitors.SeffVisitor.caseStartAction(SeffVisitor.java:378)
	at org.palladiosimulator.pcm.seff.util.SeffSwitch.doSwitch(SeffSwitch.java:197)
	at org.eclipse.emf.ecore.util.Switch.doSwitch(Switch.java:53)
	at org.eclipse.emf.ecore.util.Switch.doSwitch(Switch.java:69)
	at org.palladiosimulator.solver.core.visitors.SeffVisitor.caseResourceDemandingBehaviour(SeffVisitor.java:327)
	at org.palladiosimulator.pcm.seff.util.SeffSwitch.doSwitch(SeffSwitch.java:135)
	at org.eclipse.emf.ecore.util.Switch.doSwitch(Switch.java:53)
	at org.eclipse.emf.ecore.util.Switch.doSwitch(Switch.java:69)
	at org.palladiosimulator.solver.core.handler.AbstractLoopActionHandler.visitLoopBody(AbstractLoopActionHandler.java:49)
	at org.palladiosimulator.solver.core.handler.LoopActionHandler.handle(LoopActionHandler.java:37)
	at org.palladiosimulator.solver.core.visitors.SeffVisitor.caseLoopAction(SeffVisitor.java:279)
	at org.palladiosimulator.pcm.seff.util.SeffSwitch.doSwitch(SeffSwitch.java:255)
	at org.eclipse.emf.ecore.util.Switch.doSwitch(Switch.java:53)
	at org.eclipse.emf.ecore.util.Switch.doSwitch(Switch.java:69)
	at org.palladiosimulator.solver.core.visitors.SeffVisitor.caseInternalAction(SeffVisitor.java:262)
	at org.palladiosimulator.pcm.seff.util.SeffSwitch.doSwitch(SeffSwitch.java:432)
	at org.eclipse.emf.ecore.util.Switch.doSwitch(Switch.java:53)
	at org.eclipse.emf.ecore.util.Switch.doSwitch(Switch.java:69)
	at org.palladiosimulator.solver.core.visitors.SeffVisitor.caseStartAction(SeffVisitor.java:378)
	at org.palladiosimulator.pcm.seff.util.SeffSwitch.doSwitch(SeffSwitch.java:197)
	at org.eclipse.emf.ecore.util.Switch.doSwitch(Switch.java:53)
	at org.eclipse.emf.ecore.util.Switch.doSwitch(Switch.java:69)
	at org.palladiosimulator.solver.core.visitors.SeffVisitor.caseResourceDemandingSEFF(SeffVisitor.java:343)
	at org.palladiosimulator.pcm.seff.util.SeffSwitch.doSwitch(SeffSwitch.java:218)
	at org.eclipse.emf.ecore.util.Switch.doSwitch(Switch.java:53)
	at org.eclipse.emf.ecore.util.Switch.doSwitch(Switch.java:69)
	at org.palladiosimulator.solver.core.handler.ExternalCallActionHandler.visitSEFF(ExternalCallActionHandler.java:115)
	at org.palladiosimulator.solver.core.handler.ExternalCallActionHandler.handle(ExternalCallActionHandler.java:87)
	at org.palladiosimulator.solver.core.visitors.SeffVisitor.caseExternalCallAction(SeffVisitor.java:210)
	at org.palladiosimulator.pcm.seff.util.SeffSwitch.doSwitch(SeffSwitch.java:305)
	at org.eclipse.emf.ecore.util.Switch.doSwitch(Switch.java:53)
	at org.eclipse.emf.ecore.util.Switch.doSwitch(Switch.java:69)
	at org.palladiosimulator.solver.core.visitors.SeffVisitor.caseStartAction(SeffVisitor.java:378)
	at org.palladiosimulator.pcm.seff.util.SeffSwitch.doSwitch(SeffSwitch.java:197)
	at org.eclipse.emf.ecore.util.Switch.doSwitch(Switch.java:53)
	at org.eclipse.emf.ecore.util.Switch.doSwitch(Switch.java:69)
	at org.palladiosimulator.solver.core.visitors.SeffVisitor.caseResourceDemandingBehaviour(SeffVisitor.java:327)
	at org.palladiosimulator.pcm.seff.util.SeffSwitch.doSwitch(SeffSwitch.java:135)
	at org.eclipse.emf.ecore.util.Switch.doSwitch(Switch.java:53)
	at org.eclipse.emf.ecore.util.Switch.doSwitch(Switch.java:69)
	at org.palladiosimulator.solver.core.handler.AbstractLoopActionHandler.visitLoopBody(AbstractLoopActionHandler.java:49)
	at org.palladiosimulator.solver.core.handler.LoopActionHandler.handle(LoopActionHandler.java:37)
	at org.palladiosimulator.solver.core.visitors.SeffVisitor.caseLoopAction(SeffVisitor.java:279)
	at org.palladiosimulator.pcm.seff.util.SeffSwitch.doSwitch(SeffSwitch.java:255)
	at org.eclipse.emf.ecore.util.Switch.doSwitch(Switch.java:53)
	at org.eclipse.emf.ecore.util.Switch.doSwitch(Switch.java:69)
	at org.palladiosimulator.solver.core.visitors.SeffVisitor.caseInternalAction(SeffVisitor.java:262)
