java.lang.StackOverflowError
	at org.eclipse.xtext.parser.antlr.AbstractInternalAntlrParser.parse(AbstractInternalAntlrParser.java:624)
	at org.eclipse.xtext.parser.antlr.AbstractAntlrParser.doParse(AbstractAntlrParser.java:103)
	at org.eclipse.xtext.parser.antlr.AbstractAntlrParser.parse(AbstractAntlrParser.java:85)
	at org.eclipse.xtext.parser.antlr.AbstractAntlrParser.doParse(AbstractAntlrParser.java:63)
	at org.eclipse.xtext.parser.AbstractParser.parse(AbstractParser.java:34)
	at org.palladiosimulator.commons.stoex.api.impl.generic.GenericStoExParserImpl.parse(GenericStoExParserImpl.java:38)
	at org.palladiosimulator.solver.core.visitors.ExpressionHelper.parseToExpression(ExpressionHelper.java:38)
	at org.palladiosimulator.solver.core.visitors.ExpressionHelper.getSolvedExpression(ExpressionHelper.java:150)
	at org.palladiosimulator.solver.core.handler.InternalActionHandler.getSolvedResourceDemandSpecification(InternalActionHandler.java:141)
	at org.palladiosimulator.solver.core.handler.InternalActionHandler.createActualResourceDemand(InternalActionHandler.java:101)
	at org.palladiosimulator.solver.core.handler.InternalActionHandler.handle(InternalActionHandler.java:68)
	at org.palladiosimulator.solver.core.visitors.SeffVisitor.caseInternalAction(SeffVisitor.java:261)
	at org.palladiosimulator.pcm.seff.util.SeffSwitch.doSwitch(SeffSwitch.java:432)
	at org.eclipse.emf.ecore.util.Switch.doSwitch(Switch.java:53)
	at org.eclipse.emf.ecore.util.Switch.doSwitch(Switch.java:69)
	at org.palladiosimulator.solver.core.visitors.SeffVisitor.caseStartAction(SeffVisitor.java:378)
	at org.palladiosimulator.pcm.seff.util.SeffSwitch.doSwitch(SeffSwitch.java:197)
	at org.eclipse.emf.ecore.util.Switch.doSwitch(Switch.java:53)
	at org.eclipse.emf.ecore.util.Switch.doSwitch(Switch.java:69)
	at org.palladiosimulator.solver.core.visitors.SeffVisitor.caseResourceDemandingSEFF(SeffVisitor.java:343)
	at org.palladiosimulator.pcm.seff.util.SeffSwitch.doSwitch(SeffSwitch.java:218)
	at org.eclipse.emf.ecore.util.Switch.doSwitch(Switch.java:53)
	at org.eclipse.emf.ecore.util.Switch.doSwitch(Switch.java:69)
	at org.palladiosimulator.solver.core.handler.ExternalCallActionHandler.visitSEFF(ExternalCallActionHandler.java:115)
	at org.palladiosimulator.solver.core.handler.ExternalCallActionHandler.handle(ExternalCallActionHandler.java:87)
	at org.palladiosimulator.solver.core.visitors.SeffVisitor.caseExternalCallAction(SeffVisitor.java:210)
	at org.palladiosimulator.pcm.seff.util.SeffSwitch.doSwitch(SeffSwitch.java:305)
	at org.eclipse.emf.ecore.util.Switch.doSwitch(Switch.java:53)
	at org.eclipse.emf.ecore.util.Switch.doSwitch(Switch.java:69)
	at org.palladiosimulator.solver.core.visitors.SeffVisitor.caseStartAction(SeffVisitor.java:378)
	at org.palladiosimulator.pcm.seff.util.SeffSwitch.doSwitch(SeffSwitch.java:197)
	at org.eclipse.emf.ecore.util.Switch.doSwitch(Switch.java:53)
	at org.eclipse.emf.ecore.util.Switch.doSwitch(Switch.java:69)
	at org.palladiosimulator.solver.core.visitors.SeffVisitor.caseResourceDemandingBehaviour(SeffVisitor.java:327)
	at org.palladiosimulator.pcm.seff.util.SeffSwitch.doSwitch(SeffSwitch.java:135)
	at org.eclipse.emf.ecore.util.Switch.doSwitch(Switch.java:53)
	at org.eclipse.emf.ecore.util.Switch.doSwitch(Switch.java:69)
	at org.palladiosimulator.solver.core.handler.AbstractLoopActionHandler.visitLoopBody(AbstractLoopActionHandler.java:49)
	at org.palladiosimulator.solver.core.handler.LoopActionHandler.handle(LoopActionHandler.java:37)
	at org.palladiosimulator.solver.core.visitors.SeffVisitor.caseLoopAction(SeffVisitor.java:279)
	at org.palladiosimulator.pcm.seff.util.SeffSwitch.doSwitch(SeffSwitch.java:255)
	at org.eclipse.emf.ecore.util.Switch.doSwitch(Switch.java:53)
	at org.eclipse.emf.ecore.util.Switch.doSwitch(Switch.java:69)
	at org.palladiosimulator.solver.core.visitors.SeffVisitor.caseInternalAction(SeffVisitor.java:262)
	at org.palladiosimulator.pcm.seff.util.SeffSwitch.doSwitch(SeffSwitch.java:432)
	at org.eclipse.emf.ecore.util.Switch.doSwitch(Switch.java:53)
	at org.eclipse.emf.ecore.util.Switch.doSwitch(Switch.java:69)
	at org.palladiosimulator.solver.core.visitors.SeffVisitor.caseStartAction(SeffVisitor.java:378)
	at org.palladiosimulator.pcm.seff.util.SeffSwitch.doSwitch(SeffSwitch.java:197)
	at org.eclipse.emf.ecore.util.Switch.doSwitch(Switch.java:53)
	at org.eclipse.emf.ecore.util.Switch.doSwitch(Switch.java:69)
	at org.palladiosimulator.solver.core.visitors.SeffVisitor.caseResourceDemandingSEFF(SeffVisitor.java:343)
	at org.palladiosimulator.pcm.seff.util.SeffSwitch.doSwitch(SeffSwitch.java:218)
	at org.eclipse.emf.ecore.util.Switch.doSwitch(Switch.java:53)
	at org.eclipse.emf.ecore.util.Switch.doSwitch(Switch.java:69)
	at org.palladiosimulator.solver.core.handler.ExternalCallActionHandler.visitSEFF(ExternalCallActionHandler.java:115)
	at org.palladiosimulator.solver.core.handler.ExternalCallActionHandler.handle(ExternalCallActionHandler.java:87)
	at org.palladiosimulator.solver.core.visitors.SeffVisitor.caseExternalCallAction(SeffVisitor.java:210)
	at org.palladiosimulator.pcm.seff.util.SeffSwitch.doSwitch(SeffSwitch.java:305)
	at org.eclipse.emf.ecore.util.Switch.doSwitch(Switch.java:53)
	at org.eclipse.emf.ecore.util.Switch.doSwitch(Switch.java:69)
	at org.palladiosimulator.solver.core.visitors.SeffVisitor.caseStartAction(SeffVisitor.java:378)
	at org.palladiosimulator.pcm.seff.util.SeffSwitch.doSwitch(SeffSwitch.java:197)
	at org.eclipse.emf.ecore.util.Switch.doSwitch(Switch.java:53)
	at org.eclipse.emf.ecore.util.Switch.doSwitch(Switch.java:69)
	at org.palladiosimulator.solver.core.visitors.SeffVisitor.caseResourceDemandingBehaviour(SeffVisitor.java:327)
	at org.palladiosimulator.pcm.seff.util.SeffSwitch.doSwitch(SeffSwitch.java:135)
	at org.eclipse.emf.ecore.util.Switch.doSwitch(Switch.java:53)
	at org.eclipse.emf.ecore.util.Switch.doSwitch(Switch.java:69)
	at org.palladiosimulator.solver.core.handler.AbstractLoopActionHandler.visitLoopBody(AbstractLoopActionHandler.java:49)
	at org.palladiosimulator.solver.core.handler.LoopActionHandler.handle(LoopActionHandler.java:37)
	at org.palladiosimulator.solver.core.visitors.SeffVisitor.caseLoopAction(SeffVisitor.java:279)
	at org.palladiosimulator.pcm.seff.util.SeffSwitch.doSwitch(SeffSwitch.java:255)
	at org.eclipse.emf.ecore.util.Switch.doSwitch(Switch.java:53)
	at org.eclipse.emf.ecore.util.Switch.doSwitch(Switch.java:69)
	at org.palladiosimulator.solver.core.visitors.SeffVisitor.caseInternalAction(SeffVisitor.java:262)
	at org.palladiosimulator.pcm.seff.util.SeffSwitch.doSwitch(SeffSwitch.java:432)
	at org.eclipse.emf.ecore.util.Switch.doSwitch(Switch.java:53)
	at org.eclipse.emf.ecore.util.Switch.doSwitch(Switch.java:69)
	at org.palladiosimulator.solver.core.visitors.SeffVisitor.caseStartAction(SeffVisitor.java:378)
	at org.palladiosimulator.pcm.seff.util.SeffSwitch.doSwitch(SeffSwitch.java:197)
	at org.eclipse.emf.ecore.util.Switch.doSwitch(Switch.java:53)
	at org.eclipse.emf.ecore.util.Switch.doSwitch(Switch.java:69)
	at org.palladiosimulator.solver.core.visitors.SeffVisitor.caseResourceDemandingSEFF(SeffVisitor.java:343)
	at org.palladiosimulator.pcm.seff.util.SeffSwitch.doSwitch(SeffSwitch.java:218)
	at org.eclipse.emf.ecore.util.Switch.doSwitch(Switch.java:53)
	at org.eclipse.emf.ecore.util.Switch.doSwitch(Switch.java:69)
	at org.palladiosimulator.solver.core.handler.ExternalCallActionHandler.visitSEFF(ExternalCallActionHandler.java:115)
	at org.palladiosimulator.solver.core.handler.ExternalCallActionHandler.handle(ExternalCallActionHandler.java:87)
	at org.palladiosimulator.solver.core.visitors.SeffVisitor.caseExternalCallAction(SeffVisitor.java:210)
	at org.palladiosimulator.pcm.seff.util.SeffSwitch.doSwitch(SeffSwitch.java:305)
	at org.eclipse.emf.ecore.util.Switch.doSwitch(Switch.java:53)
	at org.eclipse.emf.ecore.util.Switch.doSwitch(Switch.java:69)
	at org.palladiosimulator.solver.core.visitors.SeffVisitor.caseStartAction(SeffVisitor.java:378)
	at org.palladiosimulator.pcm.seff.util.SeffSwitch.doSwitch(SeffSwitch.java:197)
	at org.eclipse.emf.ecore.util.Switch.doSwitch(Switch.java:53)
	at org.eclipse.emf.ecore.util.Switch.doSwitch(Switch.java:69)
	at org.palladiosimulator.solver.core.visitors.SeffVisitor.caseResourceDemandingBehaviour(SeffVisitor.java:327)
	at org.palladiosimulator.pcm.seff.util.SeffSwitch.doSwitch(SeffSwitch.java:135)
	at org.eclipse.emf.ecore.util.Switch.doSwitch(Switch.java:53)
	at org.eclipse.emf.ecore.util.Switch.doSwitch(Switch.java:69)
	at org.palladiosimulator.solver.core.handler.AbstractLoopActionHandler.visitLoopBody(AbstractLoopActionHandler.java:49)
	at org.palladiosimulator.solver.core.handler.LoopActionHandler.handle(LoopActionHandler.java:37)
	at org.palladiosimulator.solver.core.visitors.SeffVisitor.caseLoopAction(SeffVisitor.java:279)
	at org.palladiosimulator.pcm.seff.util.SeffSwitch.doSwitch(SeffSwitch.java:255)
	at org.eclipse.emf.ecore.util.Switch.doSwitch(Switch.java:53)
	at org.eclipse.emf.ecore.util.Switch.doSwitch(Switch.java:69)
	at org.palladiosimulator.solver.core.visitors.SeffVisitor.caseInternalAction(SeffVisitor.java:262)
	at org.palladiosimulator.pcm.seff.util.SeffSwitch.doSwitch(SeffSwitch.java:432)
	at org.eclipse.emf.ecore.util.Switch.doSwitch(Switch.java:53)
	at org.eclipse.emf.ecore.util.Switch.doSwitch(Switch.java:69)
	at org.palladiosimulator.solver.core.visitors.SeffVisitor.caseStartAction(SeffVisitor.java:378)
	at org.palladiosimulator.pcm.seff.util.SeffSwitch.doSwitch(SeffSwitch.java:197)
	at org.eclipse.emf.ecore.util.Switch.doSwitch(Switch.java:53)
	at org.eclipse.emf.ecore.util.Switch.doSwitch(Switch.java:69)
	at org.palladiosimulator.solver.core.visitors.SeffVisitor.caseResourceDemandingSEFF(SeffVisitor.java:343)
	at org.palladiosimulator.pcm.seff.util.SeffSwitch.doSwitch(SeffSwitch.java:218)
	at org.eclipse.emf.ecore.util.Switch.doSwitch(Switch.java:53)
	at org.eclipse.emf.ecore.util.Switch.doSwitch(Switch.java:69)
	at org.palladiosimulator.solver.core.handler.ExternalCallActionHandler.visitSEFF(ExternalCallActionHandler.java:115)
	at org.palladiosimulator.solver.core.handler.ExternalCallActionHandler.handle(ExternalCallActionHandler.java:87)
	at org.palladiosimulator.solver.core.visitors.SeffVisitor.caseExternalCallAction(SeffVisitor.java:210)
	at org.palladiosimulator.pcm.seff.util.SeffSwitch.doSwitch(SeffSwitch.java:305)
	at org.eclipse.emf.ecore.util.Switch.doSwitch(Switch.java:53)
	at org.eclipse.emf.ecore.util.Switch.doSwitch(Switch.java:69)
	at org.palladiosimulator.solver.core.visitors.SeffVisitor.caseStartAction(SeffVisitor.java:378)
	at org.palladiosimulator.pcm.seff.util.SeffSwitch.doSwitch(SeffSwitch.java:197)
	at org.eclipse.emf.ecore.util.Switch.doSwitch(Switch.java:53)
	at org.eclipse.emf.ecore.util.Switch.doSwitch(Switch.java:69)
	at org.palladiosimulator.solver.core.visitors.SeffVisitor.caseResourceDemandingBehaviour(SeffVisitor.java:327)
	at org.palladiosimulator.pcm.seff.util.SeffSwitch.doSwitch(SeffSwitch.java:135)
	at org.eclipse.emf.ecore.util.Switch.doSwitch(Switch.java:53)
	at org.eclipse.emf.ecore.util.Switch.doSwitch(Switch.java:69)
	at org.palladiosimulator.solver.core.handler.AbstractLoopActionHandler.visitLoopBody(AbstractLoopActionHandler.java:49)
	at org.palladiosimulator.solver.core.handler.LoopActionHandler.handle(LoopActionHandler.java:37)
	at org.palladiosimulator.solver.core.visitors.SeffVisitor.caseLoopAction(SeffVisitor.java:279)
	at org.palladiosimulator.pcm.seff.util.SeffSwitch.doSwitch(SeffSwitch.java:255)
	at org.eclipse.emf.ecore.util.Switch.doSwitch(Switch.java:53)
	at org.eclipse.emf.ecore.util.Switch.doSwitch(Switch.java:69)
	at org.palladiosimulator.solver.core.visitors.SeffVisitor.caseInternalAction(SeffVisitor.java:262)
	at org.palladiosimulator.pcm.seff.util.SeffSwitch.doSwitch(SeffSwitch.java:432)
	at org.eclipse.emf.ecore.util.Switch.doSwitch(Switch.java:53)
	at org.eclipse.emf.ecore.util.Switch.doSwitch(Switch.java:69)
	at org.palladiosimulator.solver.core.visitors.SeffVisitor.caseStartAction(SeffVisitor.java:378)
	at org.palladiosimulator.pcm.seff.util.SeffSwitch.doSwitch(SeffSwitch.java:197)
	at org.eclipse.emf.ecore.util.Switch.doSwitch(Switch.java:53)
	at org.eclipse.emf.ecore.util.Switch.doSwitch(Switch.java:69)
	at org.palladiosimulator.solver.core.visitors.SeffVisitor.caseResourceDemandingSEFF(SeffVisitor.java:343)
	at org.palladiosimulator.pcm.seff.util.SeffSwitch.doSwitch(SeffSwitch.java:218)
	at org.eclipse.emf.ecore.util.Switch.doSwitch(Switch.java:53)
	at org.eclipse.emf.ecore.util.Switch.doSwitch(Switch.java:69)
	at org.palladiosimulator.solver.core.handler.ExternalCallActionHandler.visitSEFF(ExternalCallActionHandler.java:115)
	at org.palladiosimulator.solver.core.handler.ExternalCallActionHandler.handle(ExternalCallActionHandler.java:87)
	at org.palladiosimulator.solver.core.visitors.SeffVisitor.caseExternalCallAction(SeffVisitor.java:210)
	at org.palladiosimulator.pcm.seff.util.SeffSwitch.doSwitch(SeffSwitch.java:305)
	at org.eclipse.emf.ecore.util.Switch.doSwitch(Switch.java:53)
	at org.eclipse.emf.ecore.util.Switch.doSwitch(Switch.java:69)
	at org.palladiosimulator.solver.core.visitors.SeffVisitor.caseStartAction(SeffVisitor.java:378)
	at org.palladiosimulator.pcm.seff.util.SeffSwitch.doSwitch(SeffSwitch.java:197)
	at org.eclipse.emf.ecore.util.Switch.doSwitch(Switch.java:53)
	at org.eclipse.emf.ecore.util.Switch.doSwitch(Switch.java:69)
	at org.palladiosimulator.solver.core.visitors.SeffVisitor.caseResourceDemandingBehaviour(SeffVisitor.java:327)
	at org.palladiosimulator.pcm.seff.util.SeffSwitch.doSwitch(SeffSwitch.java:135)
	at org.eclipse.emf.ecore.util.Switch.doSwitch(Switch.java:53)
	at org.eclipse.emf.ecore.util.Switch.doSwitch(Switch.java:69)
	at org.palladiosimulator.solver.core.handler.AbstractLoopActionHandler.visitLoopBody(AbstractLoopActionHandler.java:49)
	at org.palladiosimulator.solver.core.handler.LoopActionHandler.handle(LoopActionHandler.java:37)
	at org.palladiosimulator.solver.core.visitors.SeffVisitor.caseLoopAction(SeffVisitor.java:279)
	at org.palladiosimulator.pcm.seff.util.SeffSwitch.doSwitch(SeffSwitch.java:255)
	at org.eclipse.emf.ecore.util.Switch.doSwitch(Switch.java:53)
	at org.eclipse.emf.ecore.util.Switch.doSwitch(Switch.java:69)
	at org.palladiosimulator.solver.core.visitors.SeffVisitor.caseInternalAction(SeffVisitor.java:262)
	at org.palladiosimulator.pcm.seff.util.SeffSwitch.doSwitch(SeffSwitch.java:432)
	at org.eclipse.emf.ecore.util.Switch.doSwitch(Switch.java:53)
	at org.eclipse.emf.ecore.util.Switch.doSwitch(Switch.java:69)
	at org.palladiosimulator.solver.core.visitors.SeffVisitor.caseStartAction(SeffVisitor.java:378)
	at org.palladiosimulator.pcm.seff.util.SeffSwitch.doSwitch(SeffSwitch.java:197)
	at org.eclipse.emf.ecore.util.Switch.doSwitch(Switch.java:53)
	at org.eclipse.emf.ecore.util.Switch.doSwitch(Switch.java:69)
	at org.palladiosimulator.solver.core.visitors.SeffVisitor.caseResourceDemandingSEFF(SeffVisitor.java:343)
	at org.palladiosimulator.pcm.seff.util.SeffSwitch.doSwitch(SeffSwitch.java:218)
	at org.eclipse.emf.ecore.util.Switch.doSwitch(Switch.java:53)
	at org.eclipse.emf.ecore.util.Switch.doSwitch(Switch.java:69)
	at org.palladiosimulator.solver.core.handler.ExternalCallActionHandler.visitSEFF(ExternalCallActionHandler.java:115)
	at org.palladiosimulator.solver.core.handler.ExternalCallActionHandler.handle(ExternalCallActionHandler.java:87)
	at org.palladiosimulator.solver.core.visitors.SeffVisitor.caseExternalCallAction(SeffVisitor.java:210)
	at org.palladiosimulator.pcm.seff.util.SeffSwitch.doSwitch(SeffSwitch.java:305)
	at org.eclipse.emf.ecore.util.Switch.doSwitch(Switch.java:53)
	at org.eclipse.emf.ecore.util.Switch.doSwitch(Switch.java:69)
	at org.palladiosimulator.solver.core.visitors.SeffVisitor.caseStartAction(SeffVisitor.java:378)
	at org.palladiosimulator.pcm.seff.util.SeffSwitch.doSwitch(SeffSwitch.java:197)
	at org.eclipse.emf.ecore.util.Switch.doSwitch(Switch.java:53)
	at org.eclipse.emf.ecore.util.Switch.doSwitch(Switch.java:69)
	at org.palladiosimulator.solver.core.visitors.SeffVisitor.caseResourceDemandingBehaviour(SeffVisitor.java:327)
	at org.palladiosimulator.pcm.seff.util.SeffSwitch.doSwitch(SeffSwitch.java:135)
	at org.eclipse.emf.ecore.util.Switch.doSwitch(Switch.java:53)
	at org.eclipse.emf.ecore.util.Switch.doSwitch(Switch.java:69)
	at org.palladiosimulator.solver.core.handler.AbstractLoopActionHandler.visitLoopBody(AbstractLoopActionHandler.java:49)
	at org.palladiosimulator.solver.core.handler.LoopActionHandler.handle(LoopActionHandler.java:37)
	at org.palladiosimulator.solver.core.visitors.SeffVisitor.caseLoopAction(SeffVisitor.java:279)
	at org.palladiosimulator.pcm.seff.util.SeffSwitch.doSwitch(SeffSwitch.java:255)
	at org.eclipse.emf.ecore.util.Switch.doSwitch(Switch.java:53)
	at org.eclipse.emf.ecore.util.Switch.doSwitch(Switch.java:69)
	at org.palladiosimulator.solver.core.visitors.SeffVisitor.caseInternalAction(SeffVisitor.java:262)
	at org.palladiosimulator.pcm.seff.util.SeffSwitch.doSwitch(SeffSwitch.java:432)
	at org.eclipse.emf.ecore.util.Switch.doSwitch(Switch.java:53)
	at org.eclipse.emf.ecore.util.Switch.doSwitch(Switch.java:69)
	at org.palladiosimulator.solver.core.visitors.SeffVisitor.caseStartAction(SeffVisitor.java:378)
	at org.palladiosimulator.pcm.seff.util.SeffSwitch.doSwitch(SeffSwitch.java:197)
	at org.eclipse.emf.ecore.util.Switch.doSwitch(Switch.java:53)
	at org.eclipse.emf.ecore.util.Switch.doSwitch(Switch.java:69)
	at org.palladiosimulator.solver.core.visitors.SeffVisitor.caseResourceDemandingSEFF(SeffVisitor.java:343)
	at org.palladiosimulator.pcm.seff.util.SeffSwitch.doSwitch(SeffSwitch.java:218)
	at org.eclipse.emf.ecore.util.Switch.doSwitch(Switch.java:53)
	at org.eclipse.emf.ecore.util.Switch.doSwitch(Switch.java:69)
	at org.palladiosimulator.solver.core.handler.ExternalCallActionHandler.visitSEFF(ExternalCallActionHandler.java:115)
	at org.palladiosimulator.solver.core.handler.ExternalCallActionHandler.handle(ExternalCallActionHandler.java:87)
	at org.palladiosimulator.solver.core.visitors.SeffVisitor.caseExternalCallAction(SeffVisitor.java:210)
	at org.palladiosimulator.pcm.seff.util.SeffSwitch.doSwitch(SeffSwitch.java:305)
	at org.eclipse.emf.ecore.util.Switch.doSwitch(Switch.java:53)
	at org.eclipse.emf.ecore.util.Switch.doSwitch(Switch.java:69)
	at org.palladiosimulator.solver.core.visitors.SeffVisitor.caseStartAction(SeffVisitor.java:378)
	at org.palladiosimulator.pcm.seff.util.SeffSwitch.doSwitch(SeffSwitch.java:197)
	at org.eclipse.emf.ecore.util.Switch.doSwitch(Switch.java:53)
	at org.eclipse.emf.ecore.util.Switch.doSwitch(Switch.java:69)
	at org.palladiosimulator.solver.core.visitors.SeffVisitor.caseResourceDemandingBehaviour(SeffVisitor.java:327)
	at org.palladiosimulator.pcm.seff.util.SeffSwitch.doSwitch(SeffSwitch.java:135)
	at org.eclipse.emf.ecore.util.Switch.doSwitch(Switch.java:53)
	at org.eclipse.emf.ecore.util.Switch.doSwitch(Switch.java:69)
	at org.palladiosimulator.solver.core.handler.AbstractLoopActionHandler.visitLoopBody(AbstractLoopActionHandler.java:49)
	at org.palladiosimulator.solver.core.handler.LoopActionHandler.handle(LoopActionHandler.java:37)
	at org.palladiosimulator.solver.core.visitors.SeffVisitor.caseLoopAction(SeffVisitor.java:279)
	at org.palladiosimulator.pcm.seff.util.SeffSwitch.doSwitch(SeffSwitch.java:255)
	at org.eclipse.emf.ecore.util.Switch.doSwitch(Switch.java:53)
	at org.eclipse.emf.ecore.util.Switch.doSwitch(Switch.java:69)
	at org.palladiosimulator.solver.core.visitors.SeffVisitor.caseInternalAction(SeffVisitor.java:262)
	at org.palladiosimulator.pcm.seff.util.SeffSwitch.doSwitch(SeffSwitch.java:432)
	at org.eclipse.emf.ecore.util.Switch.doSwitch(Switch.java:53)
	at org.eclipse.emf.ecore.util.Switch.doSwitch(Switch.java:69)
	at org.palladiosimulator.solver.core.visitors.SeffVisitor.caseStartAction(SeffVisitor.java:378)
	at org.palladiosimulator.pcm.seff.util.SeffSwitch.doSwitch(SeffSwitch.java:197)
	at org.eclipse.emf.ecore.util.Switch.doSwitch(Switch.java:53)
	at org.eclipse.emf.ecore.util.Switch.doSwitch(Switch.java:69)
	at org.palladiosimulator.solver.core.visitors.SeffVisitor.caseResourceDemandingSEFF(SeffVisitor.java:343)
	at org.palladiosimulator.pcm.seff.util.SeffSwitch.doSwitch(SeffSwitch.java:218)
	at org.eclipse.emf.ecore.util.Switch.doSwitch(Switch.java:53)
	at org.eclipse.emf.ecore.util.Switch.doSwitch(Switch.java:69)
	at org.palladiosimulator.solver.core.handler.ExternalCallActionHandler.visitSEFF(ExternalCallActionHandler.java:115)
	at org.palladiosimulator.solver.core.handler.ExternalCallActionHandler.handle(ExternalCallActionHandler.java:87)
	at org.palladiosimulator.solver.core.visitors.SeffVisitor.caseExternalCallAction(SeffVisitor.java:210)
	at org.palladiosimulator.pcm.seff.util.SeffSwitch.doSwitch(SeffSwitch.java:305)
	at org.eclipse.emf.ecore.util.Switch.doSwitch(Switch.java:53)
	at org.eclipse.emf.ecore.util.Switch.doSwitch(Switch.java:69)
	at org.palladiosimulator.solver.core.visitors.SeffVisitor.caseStartAction(SeffVisitor.java:378)
	at org.palladiosimulator.pcm.seff.util.SeffSwitch.doSwitch(SeffSwitch.java:197)
	at org.eclipse.emf.ecore.util.Switch.doSwitch(Switch.java:53)
	at org.eclipse.emf.ecore.util.Switch.doSwitch(Switch.java:69)
	at org.palladiosimulator.solver.core.visitors.SeffVisitor.caseResourceDemandingBehaviour(SeffVisitor.java:327)
	at org.palladiosimulator.pcm.seff.util.SeffSwitch.doSwitch(SeffSwitch.java:135)
	at org.eclipse.emf.ecore.util.Switch.doSwitch(Switch.java:53)
	at org.eclipse.emf.ecore.util.Switch.doSwitch(Switch.java:69)
	at org.palladiosimulator.solver.core.handler.AbstractLoopActionHandler.visitLoopBody(AbstractLoopActionHandler.java:49)
	at org.palladiosimulator.solver.core.handler.LoopActionHandler.handle(LoopActionHandler.java:37)
	at org.palladiosimulator.solver.core.visitors.SeffVisitor.caseLoopAction(SeffVisitor.java:279)
	at org.palladiosimulator.pcm.seff.util.SeffSwitch.doSwitch(SeffSwitch.java:255)
	at org.eclipse.emf.ecore.util.Switch.doSwitch(Switch.java:53)
	at org.eclipse.emf.ecore.util.Switch.doSwitch(Switch.java:69)
	at org.palladiosimulator.solver.core.visitors.SeffVisitor.caseInternalAction(SeffVisitor.java:262)
	at org.palladiosimulator.pcm.seff.util.SeffSwitch.doSwitch(SeffSwitch.java:432)
	at org.eclipse.emf.ecore.util.Switch.doSwitch(Switch.java:53)
	at org.eclipse.emf.ecore.util.Switch.doSwitch(Switch.java:69)
	at org.palladiosimulator.solver.core.visitors.SeffVisitor.caseStartAction(SeffVisitor.java:378)
	at org.palladiosimulator.pcm.seff.util.SeffSwitch.doSwitch(SeffSwitch.java:197)
	at org.eclipse.emf.ecore.util.Switch.doSwitch(Switch.java:53)
	at org.eclipse.emf.ecore.util.Switch.doSwitch(Switch.java:69)
	at org.palladiosimulator.solver.core.visitors.SeffVisitor.caseResourceDemandingSEFF(SeffVisitor.java:343)
	at org.palladiosimulator.pcm.seff.util.SeffSwitch.doSwitch(SeffSwitch.java:218)
	at org.eclipse.emf.ecore.util.Switch.doSwitch(Switch.java:53)
	at org.eclipse.emf.ecore.util.Switch.doSwitch(Switch.java:69)
	at org.palladiosimulator.solver.core.handler.ExternalCallActionHandler.visitSEFF(ExternalCallActionHandler.java:115)
	at org.palladiosimulator.solver.core.handler.ExternalCallActionHandler.handle(ExternalCallActionHandler.java:87)
	at org.palladiosimulator.solver.core.visitors.SeffVisitor.caseExternalCallAction(SeffVisitor.java:210)
	at org.palladiosimulator.pcm.seff.util.SeffSwitch.doSwitch(SeffSwitch.java:305)
	at org.eclipse.emf.ecore.util.Switch.doSwitch(Switch.java:53)
	at org.eclipse.emf.ecore.util.Switch.doSwitch(Switch.java:69)
	at org.palladiosimulator.solver.core.visitors.SeffVisitor.caseStartAction(SeffVisitor.java:378)
	at org.palladiosimulator.pcm.seff.util.SeffSwitch.doSwitch(SeffSwitch.java:197)
	at org.eclipse.emf.ecore.util.Switch.doSwitch(Switch.java:53)
	at org.eclipse.emf.ecore.util.Switch.doSwitch(Switch.java:69)
	at org.palladiosimulator.solver.core.visitors.SeffVisitor.caseResourceDemandingBehaviour(SeffVisitor.java:327)
	at org.palladiosimulator.pcm.seff.util.SeffSwitch.doSwitch(SeffSwitch.java:135)
	at org.eclipse.emf.ecore.util.Switch.doSwitch(Switch.java:53)
	at org.eclipse.emf.ecore.util.Switch.doSwitch(Switch.java:69)
	at org.palladiosimulator.solver.core.handler.AbstractLoopActionHandler.visitLoopBody(AbstractLoopActionHandler.java:49)
	at org.palladiosimulator.solver.core.handler.LoopActionHandler.handle(LoopActionHandler.java:37)
	at org.palladiosimulator.solver.core.visitors.SeffVisitor.caseLoopAction(SeffVisitor.java:279)
	at org.palladiosimulator.pcm.seff.util.SeffSwitch.doSwitch(SeffSwitch.java:255)
	at org.eclipse.emf.ecore.util.Switch.doSwitch(Switch.java:53)
	at org.eclipse.emf.ecore.util.Switch.doSwitch(Switch.java:69)
	at org.palladiosimulator.solver.core.visitors.SeffVisitor.caseInternalAction(SeffVisitor.java:262)
	at org.palladiosimulator.pcm.seff.util.SeffSwitch.doSwitch(SeffSwitch.java:432)
	at org.eclipse.emf.ecore.util.Switch.doSwitch(Switch.java:53)
	at org.eclipse.emf.ecore.util.Switch.doSwitch(Switch.java:69)
	at org.palladiosimulator.solver.core.visitors.SeffVisitor.caseStartAction(SeffVisitor.java:378)
	at org.palladiosimulator.pcm.seff.util.SeffSwitch.doSwitch(SeffSwitch.java:197)
	at org.eclipse.emf.ecore.util.Switch.doSwitch(Switch.java:53)
	at org.eclipse.emf.ecore.util.Switch.doSwitch(Switch.java:69)
	at org.palladiosimulator.solver.core.visitors.SeffVisitor.caseResourceDemandingSEFF(SeffVisitor.java:343)
	at org.palladiosimulator.pcm.seff.util.SeffSwitch.doSwitch(SeffSwitch.java:218)
	at org.eclipse.emf.ecore.util.Switch.doSwitch(Switch.java:53)
	at org.eclipse.emf.ecore.util.Switch.doSwitch(Switch.java:69)
	at org.palladiosimulator.solver.core.handler.ExternalCallActionHandler.visitSEFF(ExternalCallActionHandler.java:115)
	at org.palladiosimulator.solver.core.handler.ExternalCallActionHandler.handle(ExternalCallActionHandler.java:87)
	at org.palladiosimulator.solver.core.visitors.SeffVisitor.caseExternalCallAction(SeffVisitor.java:210)
	at org.palladiosimulator.pcm.seff.util.SeffSwitch.doSwitch(SeffSwitch.java:305)
	at org.eclipse.emf.ecore.util.Switch.doSwitch(Switch.java:53)
	at org.eclipse.emf.ecore.util.Switch.doSwitch(Switch.java:69)
	at org.palladiosimulator.solver.core.visitors.SeffVisitor.caseStartAction(SeffVisitor.java:378)
	at org.palladiosimulator.pcm.seff.util.SeffSwitch.doSwitch(SeffSwitch.java:197)
	at org.eclipse.emf.ecore.util.Switch.doSwitch(Switch.java:53)
	at org.eclipse.emf.ecore.util.Switch.doSwitch(Switch.java:69)
	at org.palladiosimulator.solver.core.visitors.SeffVisitor.caseResourceDemandingBehaviour(SeffVisitor.java:327)
	at org.palladiosimulator.pcm.seff.util.SeffSwitch.doSwitch(SeffSwitch.java:135)
	at org.eclipse.emf.ecore.util.Switch.doSwitch(Switch.java:53)
	at org.eclipse.emf.ecore.util.Switch.doSwitch(Switch.java:69)
	at org.palladiosimulator.solver.core.handler.AbstractLoopActionHandler.visitLoopBody(AbstractLoopActionHandler.java:49)
	at org.palladiosimulator.solver.core.handler.LoopActionHandler.handle(LoopActionHandler.java:37)
	at org.palladiosimulator.solver.core.visitors.SeffVisitor.caseLoopAction(SeffVisitor.java:279)
	at org.palladiosimulator.pcm.seff.util.SeffSwitch.doSwitch(SeffSwitch.java:255)
	at org.eclipse.emf.ecore.util.Switch.doSwitch(Switch.java:53)
	at org.eclipse.emf.ecore.util.Switch.doSwitch(Switch.java:69)
	at org.palladiosimulator.solver.core.visitors.SeffVisitor.caseInternalAction(SeffVisitor.java:262)
	at org.palladiosimulator.pcm.seff.util.SeffSwitch.doSwitch(SeffSwitch.java:432)
	at org.eclipse.emf.ecore.util.Switch.doSwitch(Switch.java:53)
	at org.eclipse.emf.ecore.util.Switch.doSwitch(Switch.java:69)
	at org.palladiosimulator.solver.core.visitors.SeffVisitor.caseStartAction(SeffVisitor.java:378)
	at org.palladiosimulator.pcm.seff.util.SeffSwitch.doSwitch(SeffSwitch.java:197)
	at org.eclipse.emf.ecore.util.Switch.doSwitch(Switch.java:53)
	at org.eclipse.emf.ecore.util.Switch.doSwitch(Switch.java:69)
	at org.palladiosimulator.solver.core.visitors.SeffVisitor.caseResourceDemandingSEFF(SeffVisitor.java:343)
	at org.palladiosimulator.pcm.seff.util.SeffSwitch.doSwitch(SeffSwitch.java:218)
	at org.eclipse.emf.ecore.util.Switch.doSwitch(Switch.java:53)
	at org.eclipse.emf.ecore.util.Switch.doSwitch(Switch.java:69)
	at org.palladiosimulator.solver.core.handler.ExternalCallActionHandler.visitSEFF(ExternalCallActionHandler.java:115)
	at org.palladiosimulator.solver.core.handler.ExternalCallActionHandler.handle(ExternalCallActionHandler.java:87)
	at org.palladiosimulator.solver.core.visitors.SeffVisitor.caseExternalCallAction(SeffVisitor.java:210)
	at org.palladiosimulator.pcm.seff.util.SeffSwitch.doSwitch(SeffSwitch.java:305)
	at org.eclipse.emf.ecore.util.Switch.doSwitch(Switch.java:53)
	at org.eclipse.emf.ecore.util.Switch.doSwitch(Switch.java:69)
	at org.palladiosimulator.solver.core.visitors.SeffVisitor.caseStartAction(SeffVisitor.java:378)
	at org.palladiosimulator.pcm.seff.util.SeffSwitch.doSwitch(SeffSwitch.java:197)
	at org.eclipse.emf.ecore.util.Switch.doSwitch(Switch.java:53)
	at org.eclipse.emf.ecore.util.Switch.doSwitch(Switch.java:69)
	at org.palladiosimulator.solver.core.visitors.SeffVisitor.caseResourceDemandingBehaviour(SeffVisitor.java:327)
	at org.palladiosimulator.pcm.seff.util.SeffSwitch.doSwitch(SeffSwitch.java:135)
	at org.eclipse.emf.ecore.util.Switch.doSwitch(Switch.java:53)
	at org.eclipse.emf.ecore.util.Switch.doSwitch(Switch.java:69)
	at org.palladiosimulator.solver.core.handler.AbstractLoopActionHandler.visitLoopBody(AbstractLoopActionHandler.java:49)
	at org.palladiosimulator.solver.core.handler.LoopActionHandler.handle(LoopActionHandler.java:37)
	at org.palladiosimulator.solver.core.visitors.SeffVisitor.caseLoopAction(SeffVisitor.java:279)
	at org.palladiosimulator.pcm.seff.util.SeffSwitch.doSwitch(SeffSwitch.java:255)
	at org.eclipse.emf.ecore.util.Switch.doSwitch(Switch.java:53)
	at org.eclipse.emf.ecore.util.Switch.doSwitch(Switch.java:69)
	at org.palladiosimulator.solver.core.visitors.SeffVisitor.caseInternalAction(SeffVisitor.java:262)
	at org.palladiosimulator.pcm.seff.util.SeffSwitch.doSwitch(SeffSwitch.java:432)
	at org.eclipse.emf.ecore.util.Switch.doSwitch(Switch.java:53)
	at org.eclipse.emf.ecore.util.Switch.doSwitch(Switch.java:69)
	at org.palladiosimulator.solver.core.visitors.SeffVisitor.caseStartAction(SeffVisitor.java:378)
	at org.palladiosimulator.pcm.seff.util.SeffSwitch.doSwitch(SeffSwitch.java:197)
	at org.eclipse.emf.ecore.util.Switch.doSwitch(Switch.java:53)
	at org.eclipse.emf.ecore.util.Switch.doSwitch(Switch.java:69)
	at org.palladiosimulator.solver.core.visitors.SeffVisitor.caseResourceDemandingSEFF(SeffVisitor.java:343)
	at org.palladiosimulator.pcm.seff.util.SeffSwitch.doSwitch(SeffSwitch.java:218)
	at org.eclipse.emf.ecore.util.Switch.doSwitch(Switch.java:53)
	at org.eclipse.emf.ecore.util.Switch.doSwitch(Switch.java:69)
	at org.palladiosimulator.solver.core.handler.ExternalCallActionHandler.visitSEFF(ExternalCallActionHandler.java:115)
	at org.palladiosimulator.solver.core.handler.ExternalCallActionHandler.handle(ExternalCallActionHandler.java:87)
	at org.palladiosimulator.solver.core.visitors.SeffVisitor.caseExternalCallAction(SeffVisitor.java:210)
	at org.palladiosimulator.pcm.seff.util.SeffSwitch.doSwitch(SeffSwitch.java:305)
	at org.eclipse.emf.ecore.util.Switch.doSwitch(Switch.java:53)
	at org.eclipse.emf.ecore.util.Switch.doSwitch(Switch.java:69)
	at org.palladiosimulator.solver.core.visitors.SeffVisitor.caseStartAction(SeffVisitor.java:378)
	at org.palladiosimulator.pcm.seff.util.SeffSwitch.doSwitch(SeffSwitch.java:197)
	at org.eclipse.emf.ecore.util.Switch.doSwitch(Switch.java:53)
	at org.eclipse.emf.ecore.util.Switch.doSwitch(Switch.java:69)
	at org.palladiosimulator.solver.core.visitors.SeffVisitor.caseResourceDemandingBehaviour(SeffVisitor.java:327)
	at org.palladiosimulator.pcm.seff.util.SeffSwitch.doSwitch(SeffSwitch.java:135)
	at org.eclipse.emf.ecore.util.Switch.doSwitch(Switch.java:53)
	at org.eclipse.emf.ecore.util.Switch.doSwitch(Switch.java:69)
	at org.palladiosimulator.solver.core.handler.AbstractLoopActionHandler.visitLoopBody(AbstractLoopActionHandler.java:49)
	at org.palladiosimulator.solver.core.handler.LoopActionHandler.handle(LoopActionHandler.java:37)
	at org.palladiosimulator.solver.core.visitors.SeffVisitor.caseLoopAction(SeffVisitor.java:279)
	at org.palladiosimulator.pcm.seff.util.SeffSwitch.doSwitch(SeffSwitch.java:255)
	at org.eclipse.emf.ecore.util.Switch.doSwitch(Switch.java:53)
	at org.eclipse.emf.ecore.util.Switch.doSwitch(Switch.java:69)
	at org.palladiosimulator.solver.core.visitors.SeffVisitor.caseInternalAction(SeffVisitor.java:262)
	at org.palladiosimulator.pcm.seff.util.SeffSwitch.doSwitch(SeffSwitch.java:432)
	at org.eclipse.emf.ecore.util.Switch.doSwitch(Switch.java:53)
	at org.eclipse.emf.ecore.util.Switch.doSwitch(Switch.java:69)
	at org.palladiosimulator.solver.core.visitors.SeffVisitor.caseStartAction(SeffVisitor.java:378)
	at org.palladiosimulator.pcm.seff.util.SeffSwitch.doSwitch(SeffSwitch.java:197)
	at org.eclipse.emf.ecore.util.Switch.doSwitch(Switch.java:53)
	at org.eclipse.emf.ecore.util.Switch.doSwitch(Switch.java:69)
	at org.palladiosimulator.solver.core.visitors.SeffVisitor.caseResourceDemandingSEFF(SeffVisitor.java:343)
	at org.palladiosimulator.pcm.seff.util.SeffSwitch.doSwitch(SeffSwitch.java:218)
	at org.eclipse.emf.ecore.util.Switch.doSwitch(Switch.java:53)
	at org.eclipse.emf.ecore.util.Switch.doSwitch(Switch.java:69)
	at org.palladiosimulator.solver.core.handler.ExternalCallActionHandler.visitSEFF(ExternalCallActionHandler.java:115)
	at org.palladiosimulator.solver.core.handler.ExternalCallActionHandler.handle(ExternalCallActionHandler.java:87)
	at org.palladiosimulator.solver.core.visitors.SeffVisitor.caseExternalCallAction(SeffVisitor.java:210)
	at org.palladiosimulator.pcm.seff.util.SeffSwitch.doSwitch(SeffSwitch.java:305)
	at org.eclipse.emf.ecore.util.Switch.doSwitch(Switch.java:53)
	at org.eclipse.emf.ecore.util.Switch.doSwitch(Switch.java:69)
	at org.palladiosimulator.solver.core.visitors.SeffVisitor.caseStartAction(SeffVisitor.java:378)
	at org.palladiosimulator.pcm.seff.util.SeffSwitch.doSwitch(SeffSwitch.java:197)
	at org.eclipse.emf.ecore.util.Switch.doSwitch(Switch.java:53)
	at org.eclipse.emf.ecore.util.Switch.doSwitch(Switch.java:69)
	at org.palladiosimulator.solver.core.visitors.SeffVisitor.caseResourceDemandingBehaviour(SeffVisitor.java:327)
	at org.palladiosimulator.pcm.seff.util.SeffSwitch.doSwitch(SeffSwitch.java:135)
	at org.eclipse.emf.ecore.util.Switch.doSwitch(Switch.java:53)
	at org.eclipse.emf.ecore.util.Switch.doSwitch(Switch.java:69)
	at org.palladiosimulator.solver.core.handler.AbstractLoopActionHandler.visitLoopBody(AbstractLoopActionHandler.java:49)
	at org.palladiosimulator.solver.core.handler.LoopActionHandler.handle(LoopActionHandler.java:37)
	at org.palladiosimulator.solver.core.visitors.SeffVisitor.caseLoopAction(SeffVisitor.java:279)
	at org.palladiosimulator.pcm.seff.util.SeffSwitch.doSwitch(SeffSwitch.java:255)
	at org.eclipse.emf.ecore.util.Switch.doSwitch(Switch.java:53)
	at org.eclipse.emf.ecore.util.Switch.doSwitch(Switch.java:69)
	at org.palladiosimulator.solver.core.visitors.SeffVisitor.caseInternalAction(SeffVisitor.java:262)
	at org.palladiosimulator.pcm.seff.util.SeffSwitch.doSwitch(SeffSwitch.java:432)
	at org.eclipse.emf.ecore.util.Switch.doSwitch(Switch.java:53)
	at org.eclipse.emf.ecore.util.Switch.doSwitch(Switch.java:69)
	at org.palladiosimulator.solver.core.visitors.SeffVisitor.caseStartAction(SeffVisitor.java:378)
	at org.palladiosimulator.pcm.seff.util.SeffSwitch.doSwitch(SeffSwitch.java:197)
	at org.eclipse.emf.ecore.util.Switch.doSwitch(Switch.java:53)
	at org.eclipse.emf.ecore.util.Switch.doSwitch(Switch.java:69)
	at org.palladiosimulator.solver.core.visitors.SeffVisitor.caseResourceDemandingSEFF(SeffVisitor.java:343)
	at org.palladiosimulator.pcm.seff.util.SeffSwitch.doSwitch(SeffSwitch.java:218)
	at org.eclipse.emf.ecore.util.Switch.doSwitch(Switch.java:53)
	at org.eclipse.emf.ecore.util.Switch.doSwitch(Switch.java:69)
	at org.palladiosimulator.solver.core.handler.ExternalCallActionHandler.visitSEFF(ExternalCallActionHandler.java:115)
	at org.palladiosimulator.solver.core.handler.ExternalCallActionHandler.handle(ExternalCallActionHandler.java:87)
	at org.palladiosimulator.solver.core.visitors.SeffVisitor.caseExternalCallAction(SeffVisitor.java:210)
	at org.palladiosimulator.pcm.seff.util.SeffSwitch.doSwitch(SeffSwitch.java:305)
	at org.eclipse.emf.ecore.util.Switch.doSwitch(Switch.java:53)
	at org.eclipse.emf.ecore.util.Switch.doSwitch(Switch.java:69)
	at org.palladiosimulator.solver.core.visitors.SeffVisitor.caseStartAction(SeffVisitor.java:378)
	at org.palladiosimulator.pcm.seff.util.SeffSwitch.doSwitch(SeffSwitch.java:197)
	at org.eclipse.emf.ecore.util.Switch.doSwitch(Switch.java:53)
	at org.eclipse.emf.ecore.util.Switch.doSwitch(Switch.java:69)
	at org.palladiosimulator.solver.core.visitors.SeffVisitor.caseResourceDemandingBehaviour(SeffVisitor.java:327)
	at org.palladiosimulator.pcm.seff.util.SeffSwitch.doSwitch(SeffSwitch.java:135)
	at org.eclipse.emf.ecore.util.Switch.doSwitch(Switch.java:53)
	at org.eclipse.emf.ecore.util.Switch.doSwitch(Switch.java:69)
	at org.palladiosimulator.solver.core.handler.AbstractLoopActionHandler.visitLoopBody(AbstractLoopActionHandler.java:49)
	at org.palladiosimulator.solver.core.handler.LoopActionHandler.handle(LoopActionHandler.java:37)
	at org.palladiosimulator.solver.core.visitors.SeffVisitor.caseLoopAction(SeffVisitor.java:279)
	at org.palladiosimulator.pcm.seff.util.SeffSwitch.doSwitch(SeffSwitch.java:255)
	at org.eclipse.emf.ecore.util.Switch.doSwitch(Switch.java:53)
	at org.eclipse.emf.ecore.util.Switch.doSwitch(Switch.java:69)
	at org.palladiosimulator.solver.core.visitors.SeffVisitor.caseInternalAction(SeffVisitor.java:262)
	at org.palladiosimulator.pcm.seff.util.SeffSwitch.doSwitch(SeffSwitch.java:432)
	at org.eclipse.emf.ecore.util.Switch.doSwitch(Switch.java:53)
	at org.eclipse.emf.ecore.util.Switch.doSwitch(Switch.java:69)
	at org.palladiosimulator.solver.core.visitors.SeffVisitor.caseStartAction(SeffVisitor.java:378)
	at org.palladiosimulator.pcm.seff.util.SeffSwitch.doSwitch(SeffSwitch.java:197)
	at org.eclipse.emf.ecore.util.Switch.doSwitch(Switch.java:53)
	at org.eclipse.emf.ecore.util.Switch.doSwitch(Switch.java:69)
	at org.palladiosimulator.solver.core.visitors.SeffVisitor.caseResourceDemandingSEFF(SeffVisitor.java:343)
	at org.palladiosimulator.pcm.seff.util.SeffSwitch.doSwitch(SeffSwitch.java:218)
	at org.eclipse.emf.ecore.util.Switch.doSwitch(Switch.java:53)
	at org.eclipse.emf.ecore.util.Switch.doSwitch(Switch.java:69)
	at org.palladiosimulator.solver.core.handler.ExternalCallActionHandler.visitSEFF(ExternalCallActionHandler.java:115)
	at org.palladiosimulator.solver.core.handler.ExternalCallActionHandler.handle(ExternalCallActionHandler.java:87)
	at org.palladiosimulator.solver.core.visitors.SeffVisitor.caseExternalCallAction(SeffVisitor.java:210)
	at org.palladiosimulator.pcm.seff.util.SeffSwitch.doSwitch(SeffSwitch.java:305)
	at org.eclipse.emf.ecore.util.Switch.doSwitch(Switch.java:53)
	at org.eclipse.emf.ecore.util.Switch.doSwitch(Switch.java:69)
	at org.palladiosimulator.solver.core.visitors.SeffVisitor.caseStartAction(SeffVisitor.java:378)
	at org.palladiosimulator.pcm.seff.util.SeffSwitch.doSwitch(SeffSwitch.java:197)
	at org.eclipse.emf.ecore.util.Switch.doSwitch(Switch.java:53)
	at org.eclipse.emf.ecore.util.Switch.doSwitch(Switch.java:69)
	at org.palladiosimulator.solver.core.visitors.SeffVisitor.caseResourceDemandingBehaviour(SeffVisitor.java:327)
	at org.palladiosimulator.pcm.seff.util.SeffSwitch.doSwitch(SeffSwitch.java:135)
	at org.eclipse.emf.ecore.util.Switch.doSwitch(Switch.java:53)
	at org.eclipse.emf.ecore.util.Switch.doSwitch(Switch.java:69)
	at org.palladiosimulator.solver.core.handler.AbstractLoopActionHandler.visitLoopBody(AbstractLoopActionHandler.java:49)
	at org.palladiosimulator.solver.core.handler.LoopActionHandler.handle(LoopActionHandler.java:37)
	at org.palladiosimulator.solver.core.visitors.SeffVisitor.caseLoopAction(SeffVisitor.java:279)
	at org.palladiosimulator.pcm.seff.util.SeffSwitch.doSwitch(SeffSwitch.java:255)
	at org.eclipse.emf.ecore.util.Switch.doSwitch(Switch.java:53)
	at org.eclipse.emf.ecore.util.Switch.doSwitch(Switch.java:69)
	at org.palladiosimulator.solver.core.visitors.SeffVisitor.caseInternalAction(SeffVisitor.java:262)
	at org.palladiosimulator.pcm.seff.util.SeffSwitch.doSwitch(SeffSwitch.java:432)
	at org.eclipse.emf.ecore.util.Switch.doSwitch(Switch.java:53)
	at org.eclipse.emf.ecore.util.Switch.doSwitch(Switch.java:69)
	at org.palladiosimulator.solver.core.visitors.SeffVisitor.caseStartAction(SeffVisitor.java:378)
	at org.palladiosimulator.pcm.seff.util.SeffSwitch.doSwitch(SeffSwitch.java:197)
	at org.eclipse.emf.ecore.util.Switch.doSwitch(Switch.java:53)
	at org.eclipse.emf.ecore.util.Switch.doSwitch(Switch.java:69)
	at org.palladiosimulator.solver.core.visitors.SeffVisitor.caseResourceDemandingSEFF(SeffVisitor.java:343)
	at org.palladiosimulator.pcm.seff.util.SeffSwitch.doSwitch(SeffSwitch.java:218)
	at org.eclipse.emf.ecore.util.Switch.doSwitch(Switch.java:53)
	at org.eclipse.emf.ecore.util.Switch.doSwitch(Switch.java:69)
	at org.palladiosimulator.solver.core.handler.ExternalCallActionHandler.visitSEFF(ExternalCallActionHandler.java:115)
	at org.palladiosimulator.solver.core.handler.ExternalCallActionHandler.handle(ExternalCallActionHandler.java:87)
	at org.palladiosimulator.solver.core.visitors.SeffVisitor.caseExternalCallAction(SeffVisitor.java:210)
	at org.palladiosimulator.pcm.seff.util.SeffSwitch.doSwitch(SeffSwitch.java:305)
	at org.eclipse.emf.ecore.util.Switch.doSwitch(Switch.java:53)
	at org.eclipse.emf.ecore.util.Switch.doSwitch(Switch.java:69)
	at org.palladiosimulator.solver.core.visitors.SeffVisitor.caseStartAction(SeffVisitor.java:378)
	at org.palladiosimulator.pcm.seff.util.SeffSwitch.doSwitch(SeffSwitch.java:197)
	at org.eclipse.emf.ecore.util.Switch.doSwitch(Switch.java:53)
	at org.eclipse.emf.ecore.util.Switch.doSwitch(Switch.java:69)
	at org.palladiosimulator.solver.core.visitors.SeffVisitor.caseResourceDemandingBehaviour(SeffVisitor.java:327)
	at org.palladiosimulator.pcm.seff.util.SeffSwitch.doSwitch(SeffSwitch.java:135)
	at org.eclipse.emf.ecore.util.Switch.doSwitch(Switch.java:53)
	at org.eclipse.emf.ecore.util.Switch.doSwitch(Switch.java:69)
	at org.palladiosimulator.solver.core.handler.AbstractLoopActionHandler.visitLoopBody(AbstractLoopActionHandler.java:49)
	at org.palladiosimulator.solver.core.handler.LoopActionHandler.handle(LoopActionHandler.java:37)
	at org.palladiosimulator.solver.core.visitors.SeffVisitor.caseLoopAction(SeffVisitor.java:279)
	at org.palladiosimulator.pcm.seff.util.SeffSwitch.doSwitch(SeffSwitch.java:255)
	at org.eclipse.emf.ecore.util.Switch.doSwitch(Switch.java:53)
	at org.eclipse.emf.ecore.util.Switch.doSwitch(Switch.java:69)
	at org.palladiosimulator.solver.core.visitors.SeffVisitor.caseInternalAction(SeffVisitor.java:262)
	at org.palladiosimulator.pcm.seff.util.SeffSwitch.doSwitch(SeffSwitch.java:432)
	at org.eclipse.emf.ecore.util.Switch.doSwitch(Switch.java:53)
	at org.eclipse.emf.ecore.util.Switch.doSwitch(Switch.java:69)
	at org.palladiosimulator.solver.core.visitors.SeffVisitor.caseStartAction(SeffVisitor.java:378)
	at org.palladiosimulator.pcm.seff.util.SeffSwitch.doSwitch(SeffSwitch.java:197)
	at org.eclipse.emf.ecore.util.Switch.doSwitch(Switch.java:53)
	at org.eclipse.emf.ecore.util.Switch.doSwitch(Switch.java:69)
	at org.palladiosimulator.solver.core.visitors.SeffVisitor.caseResourceDemandingSEFF(SeffVisitor.java:343)
	at org.palladiosimulator.pcm.seff.util.SeffSwitch.doSwitch(SeffSwitch.java:218)
	at org.eclipse.emf.ecore.util.Switch.doSwitch(Switch.java:53)
	at org.eclipse.emf.ecore.util.Switch.doSwitch(Switch.java:69)
	at org.palladiosimulator.solver.core.handler.ExternalCallActionHandler.visitSEFF(ExternalCallActionHandler.java:115)
	at org.palladiosimulator.solver.core.handler.ExternalCallActionHandler.handle(ExternalCallActionHandler.java:87)
	at org.palladiosimulator.solver.core.visitors.SeffVisitor.caseExternalCallAction(SeffVisitor.java:210)
	at org.palladiosimulator.pcm.seff.util.SeffSwitch.doSwitch(SeffSwitch.java:305)
	at org.eclipse.emf.ecore.util.Switch.doSwitch(Switch.java:53)
	at org.eclipse.emf.ecore.util.Switch.doSwitch(Switch.java:69)
	at org.palladiosimulator.solver.core.visitors.SeffVisitor.caseStartAction(SeffVisitor.java:378)
	at org.palladiosimulator.pcm.seff.util.SeffSwitch.doSwitch(SeffSwitch.java:197)
	at org.eclipse.emf.ecore.util.Switch.doSwitch(Switch.java:53)
	at org.eclipse.emf.ecore.util.Switch.doSwitch(Switch.java:69)
	at org.palladiosimulator.solver.core.visitors.SeffVisitor.caseResourceDemandingBehaviour(SeffVisitor.java:327)
	at org.palladiosimulator.pcm.seff.util.SeffSwitch.doSwitch(SeffSwitch.java:135)
	at org.eclipse.emf.ecore.util.Switch.doSwitch(Switch.java:53)
	at org.eclipse.emf.ecore.util.Switch.doSwitch(Switch.java:69)
	at org.palladiosimulator.solver.core.handler.AbstractLoopActionHandler.visitLoopBody(AbstractLoopActionHandler.java:49)
	at org.palladiosimulator.solver.core.handler.LoopActionHandler.handle(LoopActionHandler.java:37)
	at org.palladiosimulator.solver.core.visitors.SeffVisitor.caseLoopAction(SeffVisitor.java:279)
	at org.palladiosimulator.pcm.seff.util.SeffSwitch.doSwitch(SeffSwitch.java:255)
	at org.eclipse.emf.ecore.util.Switch.doSwitch(Switch.java:53)
	at org.eclipse.emf.ecore.util.Switch.doSwitch(Switch.java:69)
	at org.palladiosimulator.solver.core.visitors.SeffVisitor.caseInternalAction(SeffVisitor.java:262)
	at org.palladiosimulator.pcm.seff.util.SeffSwitch.doSwitch(SeffSwitch.java:432)
	at org.eclipse.emf.ecore.util.Switch.doSwitch(Switch.java:53)
	at org.eclipse.emf.ecore.util.Switch.doSwitch(Switch.java:69)
	at org.palladiosimulator.solver.core.visitors.SeffVisitor.caseStartAction(SeffVisitor.java:378)
	at org.palladiosimulator.pcm.seff.util.SeffSwitch.doSwitch(SeffSwitch.java:197)
	at org.eclipse.emf.ecore.util.Switch.doSwitch(Switch.java:53)
	at org.eclipse.emf.ecore.util.Switch.doSwitch(Switch.java:69)
	at org.palladiosimulator.solver.core.visitors.SeffVisitor.caseResourceDemandingSEFF(SeffVisitor.java:343)
	at org.palladiosimulator.pcm.seff.util.SeffSwitch.doSwitch(SeffSwitch.java:218)
	at org.eclipse.emf.ecore.util.Switch.doSwitch(Switch.java:53)
	at org.eclipse.emf.ecore.util.Switch.doSwitch(Switch.java:69)
	at org.palladiosimulator.solver.core.handler.ExternalCallActionHandler.visitSEFF(ExternalCallActionHandler.java:115)
	at org.palladiosimulator.solver.core.handler.ExternalCallActionHandler.handle(ExternalCallActionHandler.java:87)
	at org.palladiosimulator.solver.core.visitors.SeffVisitor.caseExternalCallAction(SeffVisitor.java:210)
	at org.palladiosimulator.pcm.seff.util.SeffSwitch.doSwitch(SeffSwitch.java:305)
	at org.eclipse.emf.ecore.util.Switch.doSwitch(Switch.java:53)
	at org.eclipse.emf.ecore.util.Switch.doSwitch(Switch.java:69)
	at org.palladiosimulator.solver.core.visitors.SeffVisitor.caseStartAction(SeffVisitor.java:378)
	at org.palladiosimulator.pcm.seff.util.SeffSwitch.doSwitch(SeffSwitch.java:197)
	at org.eclipse.emf.ecore.util.Switch.doSwitch(Switch.java:53)
	at org.eclipse.emf.ecore.util.Switch.doSwitch(Switch.java:69)
	at org.palladiosimulator.solver.core.visitors.SeffVisitor.caseResourceDemandingBehaviour(SeffVisitor.java:327)
	at org.palladiosimulator.pcm.seff.util.SeffSwitch.doSwitch(SeffSwitch.java:135)
	at org.eclipse.emf.ecore.util.Switch.doSwitch(Switch.java:53)
	at org.eclipse.emf.ecore.util.Switch.doSwitch(Switch.java:69)
	at org.palladiosimulator.solver.core.handler.AbstractLoopActionHandler.visitLoopBody(AbstractLoopActionHandler.java:49)
	at org.palladiosimulator.solver.core.handler.LoopActionHandler.handle(LoopActionHandler.java:37)
	at org.palladiosimulator.solver.core.visitors.SeffVisitor.caseLoopAction(SeffVisitor.java:279)
	at org.palladiosimulator.pcm.seff.util.SeffSwitch.doSwitch(SeffSwitch.java:255)
	at org.eclipse.emf.ecore.util.Switch.doSwitch(Switch.java:53)
	at org.eclipse.emf.ecore.util.Switch.doSwitch(Switch.java:69)
	at org.palladiosimulator.solver.core.visitors.SeffVisitor.caseInternalAction(SeffVisitor.java:262)
	at org.palladiosimulator.pcm.seff.util.SeffSwitch.doSwitch(SeffSwitch.java:432)
	at org.eclipse.emf.ecore.util.Switch.doSwitch(Switch.java:53)
	at org.eclipse.emf.ecore.util.Switch.doSwitch(Switch.java:69)
	at org.palladiosimulator.solver.core.visitors.SeffVisitor.caseStartAction(SeffVisitor.java:378)
	at org.palladiosimulator.pcm.seff.util.SeffSwitch.doSwitch(SeffSwitch.java:197)
	at org.eclipse.emf.ecore.util.Switch.doSwitch(Switch.java:53)
	at org.eclipse.emf.ecore.util.Switch.doSwitch(Switch.java:69)
	at org.palladiosimulator.solver.core.visitors.SeffVisitor.caseResourceDemandingSEFF(SeffVisitor.java:343)
	at org.palladiosimulator.pcm.seff.util.SeffSwitch.doSwitch(SeffSwitch.java:218)
	at org.eclipse.emf.ecore.util.Switch.doSwitch(Switch.java:53)
	at org.eclipse.emf.ecore.util.Switch.doSwitch(Switch.java:69)
	at org.palladiosimulator.solver.core.handler.ExternalCallActionHandler.visitSEFF(ExternalCallActionHandler.java:115)
	at org.palladiosimulator.solver.core.handler.ExternalCallActionHandler.handle(ExternalCallActionHandler.java:87)
	at org.palladiosimulator.solver.core.visitors.SeffVisitor.caseExternalCallAction(SeffVisitor.java:210)
	at org.palladiosimulator.pcm.seff.util.SeffSwitch.doSwitch(SeffSwitch.java:305)
	at org.eclipse.emf.ecore.util.Switch.doSwitch(Switch.java:53)
	at org.eclipse.emf.ecore.util.Switch.doSwitch(Switch.java:69)
	at org.palladiosimulator.solver.core.visitors.SeffVisitor.caseStartAction(SeffVisitor.java:378)
	at org.palladiosimulator.pcm.seff.util.SeffSwitch.doSwitch(SeffSwitch.java:197)
	at org.eclipse.emf.ecore.util.Switch.doSwitch(Switch.java:53)
	at org.eclipse.emf.ecore.util.Switch.doSwitch(Switch.java:69)
	at org.palladiosimulator.solver.core.visitors.SeffVisitor.caseResourceDemandingBehaviour(SeffVisitor.java:327)
	at org.palladiosimulator.pcm.seff.util.SeffSwitch.doSwitch(SeffSwitch.java:135)
	at org.eclipse.emf.ecore.util.Switch.doSwitch(Switch.java:53)
	at org.eclipse.emf.ecore.util.Switch.doSwitch(Switch.java:69)
	at org.palladiosimulator.solver.core.handler.AbstractLoopActionHandler.visitLoopBody(AbstractLoopActionHandler.java:49)
	at org.palladiosimulator.solver.core.handler.LoopActionHandler.handle(LoopActionHandler.java:37)
	at org.palladiosimulator.solver.core.visitors.SeffVisitor.caseLoopAction(SeffVisitor.java:279)
	at org.palladiosimulator.pcm.seff.util.SeffSwitch.doSwitch(SeffSwitch.java:255)
	at org.eclipse.emf.ecore.util.Switch.doSwitch(Switch.java:53)
	at org.eclipse.emf.ecore.util.Switch.doSwitch(Switch.java:69)
	at org.palladiosimulator.solver.core.visitors.SeffVisitor.caseInternalAction(SeffVisitor.java:262)
	at org.palladiosimulator.pcm.seff.util.SeffSwitch.doSwitch(SeffSwitch.java:432)
	at org.eclipse.emf.ecore.util.Switch.doSwitch(Switch.java:53)
	at org.eclipse.emf.ecore.util.Switch.doSwitch(Switch.java:69)
	at org.palladiosimulator.solver.core.visitors.SeffVisitor.caseStartAction(SeffVisitor.java:378)
	at org.palladiosimulator.pcm.seff.util.SeffSwitch.doSwitch(SeffSwitch.java:197)
	at org.eclipse.emf.ecore.util.Switch.doSwitch(Switch.java:53)
	at org.eclipse.emf.ecore.util.Switch.doSwitch(Switch.java:69)
	at org.palladiosimulator.solver.core.visitors.SeffVisitor.caseResourceDemandingSEFF(SeffVisitor.java:343)
	at org.palladiosimulator.pcm.seff.util.SeffSwitch.doSwitch(SeffSwitch.java:218)
	at org.eclipse.emf.ecore.util.Switch.doSwitch(Switch.java:53)
	at org.eclipse.emf.ecore.util.Switch.doSwitch(Switch.java:69)
	at org.palladiosimulator.solver.core.handler.ExternalCallActionHandler.visitSEFF(ExternalCallActionHandler.java:115)
	at org.palladiosimulator.solver.core.handler.ExternalCallActionHandler.handle(ExternalCallActionHandler.java:87)
	at org.palladiosimulator.solver.core.visitors.SeffVisitor.caseExternalCallAction(SeffVisitor.java:210)
	at org.palladiosimulator.pcm.seff.util.SeffSwitch.doSwitch(SeffSwitch.java:305)
	at org.eclipse.emf.ecore.util.Switch.doSwitch(Switch.java:53)
	at org.eclipse.emf.ecore.util.Switch.doSwitch(Switch.java:69)
	at org.palladiosimulator.solver.core.visitors.SeffVisitor.caseStartAction(SeffVisitor.java:378)
	at org.palladiosimulator.pcm.seff.util.SeffSwitch.doSwitch(SeffSwitch.java:197)
	at org.eclipse.emf.ecore.util.Switch.doSwitch(Switch.java:53)
	at org.eclipse.emf.ecore.util.Switch.doSwitch(Switch.java:69)
	at org.palladiosimulator.solver.core.visitors.SeffVisitor.caseResourceDemandingBehaviour(SeffVisitor.java:327)
	at org.palladiosimulator.pcm.seff.util.SeffSwitch.doSwitch(SeffSwitch.java:135)
	at org.eclipse.emf.ecore.util.Switch.doSwitch(Switch.java:53)
	at org.eclipse.emf.ecore.util.Switch.doSwitch(Switch.java:69)
	at org.palladiosimulator.solver.core.handler.AbstractLoopActionHandler.visitLoopBody(AbstractLoopActionHandler.java:49)
	at org.palladiosimulator.solver.core.handler.LoopActionHandler.handle(LoopActionHandler.java:37)
	at org.palladiosimulator.solver.core.visitors.SeffVisitor.caseLoopAction(SeffVisitor.java:279)
	at org.palladiosimulator.pcm.seff.util.SeffSwitch.doSwitch(SeffSwitch.java:255)
	at org.eclipse.emf.ecore.util.Switch.doSwitch(Switch.java:53)
	at org.eclipse.emf.ecore.util.Switch.doSwitch(Switch.java:69)
	at org.palladiosimulator.solver.core.visitors.SeffVisitor.caseInternalAction(SeffVisitor.java:262)
	at org.palladiosimulator.pcm.seff.util.SeffSwitch.doSwitch(SeffSwitch.java:432)
	at org.eclipse.emf.ecore.util.Switch.doSwitch(Switch.java:53)
	at org.eclipse.emf.ecore.util.Switch.doSwitch(Switch.java:69)
	at org.palladiosimulator.solver.core.visitors.SeffVisitor.caseStartAction(SeffVisitor.java:378)
	at org.palladiosimulator.pcm.seff.util.SeffSwitch.doSwitch(SeffSwitch.java:197)
	at org.eclipse.emf.ecore.util.Switch.doSwitch(Switch.java:53)
	at org.eclipse.emf.ecore.util.Switch.doSwitch(Switch.java:69)
	at org.palladiosimulator.solver.core.visitors.SeffVisitor.caseResourceDemandingSEFF(SeffVisitor.java:343)
	at org.palladiosimulator.pcm.seff.util.SeffSwitch.doSwitch(SeffSwitch.java:218)
	at org.eclipse.emf.ecore.util.Switch.doSwitch(Switch.java:53)
	at org.eclipse.emf.ecore.util.Switch.doSwitch(Switch.java:69)
	at org.palladiosimulator.solver.core.handler.ExternalCallActionHandler.visitSEFF(ExternalCallActionHandler.java:115)
	at org.palladiosimulator.solver.core.handler.ExternalCallActionHandler.handle(ExternalCallActionHandler.java:87)
	at org.palladiosimulator.solver.core.visitors.SeffVisitor.caseExternalCallAction(SeffVisitor.java:210)
	at org.palladiosimulator.pcm.seff.util.SeffSwitch.doSwitch(SeffSwitch.java:305)
	at org.eclipse.emf.ecore.util.Switch.doSwitch(Switch.java:53)
	at org.eclipse.emf.ecore.util.Switch.doSwitch(Switch.java:69)
	at org.palladiosimulator.solver.core.visitors.SeffVisitor.caseStartAction(SeffVisitor.java:378)
	at org.palladiosimulator.pcm.seff.util.SeffSwitch.doSwitch(SeffSwitch.java:197)
	at org.eclipse.emf.ecore.util.Switch.doSwitch(Switch.java:53)
	at org.eclipse.emf.ecore.util.Switch.doSwitch(Switch.java:69)
	at org.palladiosimulator.solver.core.visitors.SeffVisitor.caseResourceDemandingBehaviour(SeffVisitor.java:327)
	at org.palladiosimulator.pcm.seff.util.SeffSwitch.doSwitch(SeffSwitch.java:135)
	at org.eclipse.emf.ecore.util.Switch.doSwitch(Switch.java:53)
	at org.eclipse.emf.ecore.util.Switch.doSwitch(Switch.java:69)
	at org.palladiosimulator.solver.core.handler.AbstractLoopActionHandler.visitLoopBody(AbstractLoopActionHandler.java:49)
	at org.palladiosimulator.solver.core.handler.LoopActionHandler.handle(LoopActionHandler.java:37)
	at org.palladiosimulator.solver.core.visitors.SeffVisitor.caseLoopAction(SeffVisitor.java:279)
	at org.palladiosimulator.pcm.seff.util.SeffSwitch.doSwitch(SeffSwitch.java:255)
	at org.eclipse.emf.ecore.util.Switch.doSwitch(Switch.java:53)
	at org.eclipse.emf.ecore.util.Switch.doSwitch(Switch.java:69)
	at org.palladiosimulator.solver.core.visitors.SeffVisitor.caseInternalAction(SeffVisitor.java:262)
	at org.palladiosimulator.pcm.seff.util.SeffSwitch.doSwitch(SeffSwitch.java:432)
	at org.eclipse.emf.ecore.util.Switch.doSwitch(Switch.java:53)
	at org.eclipse.emf.ecore.util.Switch.doSwitch(Switch.java:69)
	at org.palladiosimulator.solver.core.visitors.SeffVisitor.caseStartAction(SeffVisitor.java:378)
	at org.palladiosimulator.pcm.seff.util.SeffSwitch.doSwitch(SeffSwitch.java:197)
	at org.eclipse.emf.ecore.util.Switch.doSwitch(Switch.java:53)
	at org.eclipse.emf.ecore.util.Switch.doSwitch(Switch.java:69)
	at org.palladiosimulator.solver.core.visitors.SeffVisitor.caseResourceDemandingSEFF(SeffVisitor.java:343)
	at org.palladiosimulator.pcm.seff.util.SeffSwitch.doSwitch(SeffSwitch.java:218)
	at org.eclipse.emf.ecore.util.Switch.doSwitch(Switch.java:53)
	at org.eclipse.emf.ecore.util.Switch.doSwitch(Switch.java:69)
	at org.palladiosimulator.solver.core.handler.ExternalCallActionHandler.visitSEFF(ExternalCallActionHandler.java:115)
	at org.palladiosimulator.solver.core.handler.ExternalCallActionHandler.handle(ExternalCallActionHandler.java:87)
	at org.palladiosimulator.solver.core.visitors.SeffVisitor.caseExternalCallAction(SeffVisitor.java:210)
	at org.palladiosimulator.pcm.seff.util.SeffSwitch.doSwitch(SeffSwitch.java:305)
	at org.eclipse.emf.ecore.util.Switch.doSwitch(Switch.java:53)
	at org.eclipse.emf.ecore.util.Switch.doSwitch(Switch.java:69)
	at org.palladiosimulator.solver.core.visitors.SeffVisitor.caseStartAction(SeffVisitor.java:378)
	at org.palladiosimulator.pcm.seff.util.SeffSwitch.doSwitch(SeffSwitch.java:197)
	at org.eclipse.emf.ecore.util.Switch.doSwitch(Switch.java:53)
	at org.eclipse.emf.ecore.util.Switch.doSwitch(Switch.java:69)
	at org.palladiosimulator.solver.core.visitors.SeffVisitor.caseResourceDemandingBehaviour(SeffVisitor.java:327)
	at org.palladiosimulator.pcm.seff.util.SeffSwitch.doSwitch(SeffSwitch.java:135)
	at org.eclipse.emf.ecore.util.Switch.doSwitch(Switch.java:53)
	at org.eclipse.emf.ecore.util.Switch.doSwitch(Switch.java:69)
	at org.palladiosimulator.solver.core.handler.AbstractLoopActionHandler.visitLoopBody(AbstractLoopActionHandler.java:49)
	at org.palladiosimulator.solver.core.handler.LoopActionHandler.handle(LoopActionHandler.java:37)
	at org.palladiosimulator.solver.core.visitors.SeffVisitor.caseLoopAction(SeffVisitor.java:279)
	at org.palladiosimulator.pcm.seff.util.SeffSwitch.doSwitch(SeffSwitch.java:255)
	at org.eclipse.emf.ecore.util.Switch.doSwitch(Switch.java:53)
	at org.eclipse.emf.ecore.util.Switch.doSwitch(Switch.java:69)
	at org.palladiosimulator.solver.core.visitors.SeffVisitor.caseInternalAction(SeffVisitor.java:262)
	at org.palladiosimulator.pcm.seff.util.SeffSwitch.doSwitch(SeffSwitch.java:432)
	at org.eclipse.emf.ecore.util.Switch.doSwitch(Switch.java:53)
	at org.eclipse.emf.ecore.util.Switch.doSwitch(Switch.java:69)
	at org.palladiosimulator.solver.core.visitors.SeffVisitor.caseStartAction(SeffVisitor.java:378)
	at org.palladiosimulator.pcm.seff.util.SeffSwitch.doSwitch(SeffSwitch.java:197)
	at org.eclipse.emf.ecore.util.Switch.doSwitch(Switch.java:53)
	at org.eclipse.emf.ecore.util.Switch.doSwitch(Switch.java:69)
	at org.palladiosimulator.solver.core.visitors.SeffVisitor.caseResourceDemandingSEFF(SeffVisitor.java:343)
	at org.palladiosimulator.pcm.seff.util.SeffSwitch.doSwitch(SeffSwitch.java:218)
	at org.eclipse.emf.ecore.util.Switch.doSwitch(Switch.java:53)
	at org.eclipse.emf.ecore.util.Switch.doSwitch(Switch.java:69)
	at org.palladiosimulator.solver.core.handler.ExternalCallActionHandler.visitSEFF(ExternalCallActionHandler.java:115)
	at org.palladiosimulator.solver.core.handler.ExternalCallActionHandler.handle(ExternalCallActionHandler.java:87)
	at org.palladiosimulator.solver.core.visitors.SeffVisitor.caseExternalCallAction(SeffVisitor.java:210)
	at org.palladiosimulator.pcm.seff.util.SeffSwitch.doSwitch(SeffSwitch.java:305)
	at org.eclipse.emf.ecore.util.Switch.doSwitch(Switch.java:53)
	at org.eclipse.emf.ecore.util.Switch.doSwitch(Switch.java:69)
	at org.palladiosimulator.solver.core.visitors.SeffVisitor.caseStartAction(SeffVisitor.java:378)
	at org.palladiosimulator.pcm.seff.util.SeffSwitch.doSwitch(SeffSwitch.java:197)
	at org.eclipse.emf.ecore.util.Switch.doSwitch(Switch.java:53)
	at org.eclipse.emf.ecore.util.Switch.doSwitch(Switch.java:69)
	at org.palladiosimulator.solver.core.visitors.SeffVisitor.caseResourceDemandingBehaviour(SeffVisitor.java:327)
	at org.palladiosimulator.pcm.seff.util.SeffSwitch.doSwitch(SeffSwitch.java:135)
	at org.eclipse.emf.ecore.util.Switch.doSwitch(Switch.java:53)
	at org.eclipse.emf.ecore.util.Switch.doSwitch(Switch.java:69)
	at org.palladiosimulator.solver.core.handler.AbstractLoopActionHandler.visitLoopBody(AbstractLoopActionHandler.java:49)
	at org.palladiosimulator.solver.core.handler.LoopActionHandler.handle(LoopActionHandler.java:37)
	at org.palladiosimulator.solver.core.visitors.SeffVisitor.caseLoopAction(SeffVisitor.java:279)
	at org.palladiosimulator.pcm.seff.util.SeffSwitch.doSwitch(SeffSwitch.java:255)
	at org.eclipse.emf.ecore.util.Switch.doSwitch(Switch.java:53)
	at org.eclipse.emf.ecore.util.Switch.doSwitch(Switch.java:69)
	at org.palladiosimulator.solver.core.visitors.SeffVisitor.caseInternalAction(SeffVisitor.java:262)
	at org.palladiosimulator.pcm.seff.util.SeffSwitch.doSwitch(SeffSwitch.java:432)
	at org.eclipse.emf.ecore.util.Switch.doSwitch(Switch.java:53)
	at org.eclipse.emf.ecore.util.Switch.doSwitch(Switch.java:69)
	at org.palladiosimulator.solver.core.visitors.SeffVisitor.caseStartAction(SeffVisitor.java:378)
	at org.palladiosimulator.pcm.seff.util.SeffSwitch.doSwitch(SeffSwitch.java:197)
	at org.eclipse.emf.ecore.util.Switch.doSwitch(Switch.java:53)
	at org.eclipse.emf.ecore.util.Switch.doSwitch(Switch.java:69)
	at org.palladiosimulator.solver.core.visitors.SeffVisitor.caseResourceDemandingSEFF(SeffVisitor.java:343)
	at org.palladiosimulator.pcm.seff.util.SeffSwitch.doSwitch(SeffSwitch.java:218)
	at org.eclipse.emf.ecore.util.Switch.doSwitch(Switch.java:53)
	at org.eclipse.emf.ecore.util.Switch.doSwitch(Switch.java:69)
	at org.palladiosimulator.solver.core.handler.ExternalCallActionHandler.visitSEFF(ExternalCallActionHandler.java:115)
	at org.palladiosimulator.solver.core.handler.ExternalCallActionHandler.handle(ExternalCallActionHandler.java:87)
	at org.palladiosimulator.solver.core.visitors.SeffVisitor.caseExternalCallAction(SeffVisitor.java:210)
	at org.palladiosimulator.pcm.seff.util.SeffSwitch.doSwitch(SeffSwitch.java:305)
	at org.eclipse.emf.ecore.util.Switch.doSwitch(Switch.java:53)
	at org.eclipse.emf.ecore.util.Switch.doSwitch(Switch.java:69)
	at org.palladiosimulator.solver.core.visitors.SeffVisitor.caseStartAction(SeffVisitor.java:378)
	at org.palladiosimulator.pcm.seff.util.SeffSwitch.doSwitch(SeffSwitch.java:197)
	at org.eclipse.emf.ecore.util.Switch.doSwitch(Switch.java:53)
	at org.eclipse.emf.ecore.util.Switch.doSwitch(Switch.java:69)
	at org.palladiosimulator.solver.core.visitors.SeffVisitor.caseResourceDemandingBehaviour(SeffVisitor.java:327)
	at org.palladiosimulator.pcm.seff.util.SeffSwitch.doSwitch(SeffSwitch.java:135)
	at org.eclipse.emf.ecore.util.Switch.doSwitch(Switch.java:53)
	at org.eclipse.emf.ecore.util.Switch.doSwitch(Switch.java:69)
	at org.palladiosimulator.solver.core.handler.AbstractLoopActionHandler.visitLoopBody(AbstractLoopActionHandler.java:49)
	at org.palladiosimulator.solver.core.handler.LoopActionHandler.handle(LoopActionHandler.java:37)
	at org.palladiosimulator.solver.core.visitors.SeffVisitor.caseLoopAction(SeffVisitor.java:279)
	at org.palladiosimulator.pcm.seff.util.SeffSwitch.doSwitch(SeffSwitch.java:255)
	at org.eclipse.emf.ecore.util.Switch.doSwitch(Switch.java:53)
	at org.eclipse.emf.ecore.util.Switch.doSwitch(Switch.java:69)
	at org.palladiosimulator.solver.core.visitors.SeffVisitor.caseInternalAction(SeffVisitor.java:262)
	at org.palladiosimulator.pcm.seff.util.SeffSwitch.doSwitch(SeffSwitch.java:432)
	at org.eclipse.emf.ecore.util.Switch.doSwitch(Switch.java:53)
	at org.eclipse.emf.ecore.util.Switch.doSwitch(Switch.java:69)
	at org.palladiosimulator.solver.core.visitors.SeffVisitor.caseStartAction(SeffVisitor.java:378)
	at org.palladiosimulator.pcm.seff.util.SeffSwitch.doSwitch(SeffSwitch.java:197)
	at org.eclipse.emf.ecore.util.Switch.doSwitch(Switch.java:53)
	at org.eclipse.emf.ecore.util.Switch.doSwitch(Switch.java:69)
	at org.palladiosimulator.solver.core.visitors.SeffVisitor.caseResourceDemandingSEFF(SeffVisitor.java:343)
	at org.palladiosimulator.pcm.seff.util.SeffSwitch.doSwitch(SeffSwitch.java:218)
	at org.eclipse.emf.ecore.util.Switch.doSwitch(Switch.java:53)
	at org.eclipse.emf.ecore.util.Switch.doSwitch(Switch.java:69)
	at org.palladiosimulator.solver.core.handler.ExternalCallActionHandler.visitSEFF(ExternalCallActionHandler.java:115)
	at org.palladiosimulator.solver.core.handler.ExternalCallActionHandler.handle(ExternalCallActionHandler.java:87)
	at org.palladiosimulator.solver.core.visitors.SeffVisitor.caseExternalCallAction(SeffVisitor.java:210)
	at org.palladiosimulator.pcm.seff.util.SeffSwitch.doSwitch(SeffSwitch.java:305)
	at org.eclipse.emf.ecore.util.Switch.doSwitch(Switch.java:53)
	at org.eclipse.emf.ecore.util.Switch.doSwitch(Switch.java:69)
	at org.palladiosimulator.solver.core.visitors.SeffVisitor.caseStartAction(SeffVisitor.java:378)
	at org.palladiosimulator.pcm.seff.util.SeffSwitch.doSwitch(SeffSwitch.java:197)
	at org.eclipse.emf.ecore.util.Switch.doSwitch(Switch.java:53)
	at org.eclipse.emf.ecore.util.Switch.doSwitch(Switch.java:69)
	at org.palladiosimulator.solver.core.visitors.SeffVisitor.caseResourceDemandingBehaviour(SeffVisitor.java:327)
	at org.palladiosimulator.pcm.seff.util.SeffSwitch.doSwitch(SeffSwitch.java:135)
	at org.eclipse.emf.ecore.util.Switch.doSwitch(Switch.java:53)
	at org.eclipse.emf.ecore.util.Switch.doSwitch(Switch.java:69)
	at org.palladiosimulator.solver.core.handler.AbstractLoopActionHandler.visitLoopBody(AbstractLoopActionHandler.java:49)
	at org.palladiosimulator.solver.core.handler.LoopActionHandler.handle(LoopActionHandler.java:37)
	at org.palladiosimulator.solver.core.visitors.SeffVisitor.caseLoopAction(SeffVisitor.java:279)
	at org.palladiosimulator.pcm.seff.util.SeffSwitch.doSwitch(SeffSwitch.java:255)
	at org.eclipse.emf.ecore.util.Switch.doSwitch(Switch.java:53)
	at org.eclipse.emf.ecore.util.Switch.doSwitch(Switch.java:69)
	at org.palladiosimulator.solver.core.visitors.SeffVisitor.caseInternalAction(SeffVisitor.java:262)
	at org.palladiosimulator.pcm.seff.util.SeffSwitch.doSwitch(SeffSwitch.java:432)
	at org.eclipse.emf.ecore.util.Switch.doSwitch(Switch.java:53)
	at org.eclipse.emf.ecore.util.Switch.doSwitch(Switch.java:69)
	at org.palladiosimulator.solver.core.visitors.SeffVisitor.caseStartAction(SeffVisitor.java:378)
	at org.palladiosimulator.pcm.seff.util.SeffSwitch.doSwitch(SeffSwitch.java:197)
	at org.eclipse.emf.ecore.util.Switch.doSwitch(Switch.java:53)
	at org.eclipse.emf.ecore.util.Switch.doSwitch(Switch.java:69)
	at org.palladiosimulator.solver.core.visitors.SeffVisitor.caseResourceDemandingSEFF(SeffVisitor.java:343)
	at org.palladiosimulator.pcm.seff.util.SeffSwitch.doSwitch(SeffSwitch.java:218)
	at org.eclipse.emf.ecore.util.Switch.doSwitch(Switch.java:53)
	at org.eclipse.emf.ecore.util.Switch.doSwitch(Switch.java:69)
	at org.palladiosimulator.solver.core.handler.ExternalCallActionHandler.visitSEFF(ExternalCallActionHandler.java:115)
	at org.palladiosimulator.solver.core.handler.ExternalCallActionHandler.handle(ExternalCallActionHandler.java:87)
	at org.palladiosimulator.solver.core.visitors.SeffVisitor.caseExternalCallAction(SeffVisitor.java:210)
	at org.palladiosimulator.pcm.seff.util.SeffSwitch.doSwitch(SeffSwitch.java:305)
	at org.eclipse.emf.ecore.util.Switch.doSwitch(Switch.java:53)
	at org.eclipse.emf.ecore.util.Switch.doSwitch(Switch.java:69)
	at org.palladiosimulator.solver.core.visitors.SeffVisitor.caseStartAction(SeffVisitor.java:378)
	at org.palladiosimulator.pcm.seff.util.SeffSwitch.doSwitch(SeffSwitch.java:197)
	at org.eclipse.emf.ecore.util.Switch.doSwitch(Switch.java:53)
	at org.eclipse.emf.ecore.util.Switch.doSwitch(Switch.java:69)
	at org.palladiosimulator.solver.core.visitors.SeffVisitor.caseResourceDemandingBehaviour(SeffVisitor.java:327)
	at org.palladiosimulator.pcm.seff.util.SeffSwitch.doSwitch(SeffSwitch.java:135)
	at org.eclipse.emf.ecore.util.Switch.doSwitch(Switch.java:53)
	at org.eclipse.emf.ecore.util.Switch.doSwitch(Switch.java:69)
	at org.palladiosimulator.solver.core.handler.AbstractLoopActionHandler.visitLoopBody(AbstractLoopActionHandler.java:49)
	at org.palladiosimulator.solver.core.handler.LoopActionHandler.handle(LoopActionHandler.java:37)
	at org.palladiosimulator.solver.core.visitors.SeffVisitor.caseLoopAction(SeffVisitor.java:279)
	at org.palladiosimulator.pcm.seff.util.SeffSwitch.doSwitch(SeffSwitch.java:255)
	at org.eclipse.emf.ecore.util.Switch.doSwitch(Switch.java:53)
	at org.eclipse.emf.ecore.util.Switch.doSwitch(Switch.java:69)
	at org.palladiosimulator.solver.core.visitors.SeffVisitor.caseInternalAction(SeffVisitor.java:262)
	at org.palladiosimulator.pcm.seff.util.SeffSwitch.doSwitch(SeffSwitch.java:432)
	at org.eclipse.emf.ecore.util.Switch.doSwitch(Switch.java:53)
	at org.eclipse.emf.ecore.util.Switch.doSwitch(Switch.java:69)
	at org.palladiosimulator.solver.core.visitors.SeffVisitor.caseStartAction(SeffVisitor.java:378)
	at org.palladiosimulator.pcm.seff.util.SeffSwitch.doSwitch(SeffSwitch.java:197)
	at org.eclipse.emf.ecore.util.Switch.doSwitch(Switch.java:53)
	at org.eclipse.emf.ecore.util.Switch.doSwitch(Switch.java:69)
	at org.palladiosimulator.solver.core.visitors.SeffVisitor.caseResourceDemandingSEFF(SeffVisitor.java:343)
	at org.palladiosimulator.pcm.seff.util.SeffSwitch.doSwitch(SeffSwitch.java:218)
	at org.eclipse.emf.ecore.util.Switch.doSwitch(Switch.java:53)
	at org.eclipse.emf.ecore.util.Switch.doSwitch(Switch.java:69)
	at org.palladiosimulator.solver.core.handler.ExternalCallActionHandler.visitSEFF(ExternalCallActionHandler.java:115)
	at org.palladiosimulator.solver.core.handler.ExternalCallActionHandler.handle(ExternalCallActionHandler.java:87)
	at org.palladiosimulator.solver.core.visitors.SeffVisitor.caseExternalCallAction(SeffVisitor.java:210)
	at org.palladiosimulator.pcm.seff.util.SeffSwitch.doSwitch(SeffSwitch.java:305)
	at org.eclipse.emf.ecore.util.Switch.doSwitch(Switch.java:53)
	at org.eclipse.emf.ecore.util.Switch.doSwitch(Switch.java:69)
	at org.palladiosimulator.solver.core.visitors.SeffVisitor.caseStartAction(SeffVisitor.java:378)
	at org.palladiosimulator.pcm.seff.util.SeffSwitch.doSwitch(SeffSwitch.java:197)
	at org.eclipse.emf.ecore.util.Switch.doSwitch(Switch.java:53)
	at org.eclipse.emf.ecore.util.Switch.doSwitch(Switch.java:69)
	at org.palladiosimulator.solver.core.visitors.SeffVisitor.caseResourceDemandingBehaviour(SeffVisitor.java:327)
	at org.palladiosimulator.pcm.seff.util.SeffSwitch.doSwitch(SeffSwitch.java:135)
	at org.eclipse.emf.ecore.util.Switch.doSwitch(Switch.java:53)
	at org.eclipse.emf.ecore.util.Switch.doSwitch(Switch.java:69)
	at org.palladiosimulator.solver.core.handler.AbstractLoopActionHandler.visitLoopBody(AbstractLoopActionHandler.java:49)
	at org.palladiosimulator.solver.core.handler.LoopActionHandler.handle(LoopActionHandler.java:37)
	at org.palladiosimulator.solver.core.visitors.SeffVisitor.caseLoopAction(SeffVisitor.java:279)
	at org.palladiosimulator.pcm.seff.util.SeffSwitch.doSwitch(SeffSwitch.java:255)
	at org.eclipse.emf.ecore.util.Switch.doSwitch(Switch.java:53)
	at org.eclipse.emf.ecore.util.Switch.doSwitch(Switch.java:69)
	at org.palladiosimulator.solver.core.visitors.SeffVisitor.caseInternalAction(SeffVisitor.java:262)
	at org.palladiosimulator.pcm.seff.util.SeffSwitch.doSwitch(SeffSwitch.java:432)
	at org.eclipse.emf.ecore.util.Switch.doSwitch(Switch.java:53)
	at org.eclipse.emf.ecore.util.Switch.doSwitch(Switch.java:69)
	at org.palladiosimulator.solver.core.visitors.SeffVisitor.caseStartAction(SeffVisitor.java:378)
	at org.palladiosimulator.pcm.seff.util.SeffSwitch.doSwitch(SeffSwitch.java:197)
	at org.eclipse.emf.ecore.util.Switch.doSwitch(Switch.java:53)
	at org.eclipse.emf.ecore.util.Switch.doSwitch(Switch.java:69)
	at org.palladiosimulator.solver.core.visitors.SeffVisitor.caseResourceDemandingSEFF(SeffVisitor.java:343)
	at org.palladiosimulator.pcm.seff.util.SeffSwitch.doSwitch(SeffSwitch.java:218)
	at org.eclipse.emf.ecore.util.Switch.doSwitch(Switch.java:53)
	at org.eclipse.emf.ecore.util.Switch.doSwitch(Switch.java:69)
	at org.palladiosimulator.solver.core.handler.ExternalCallActionHandler.visitSEFF(ExternalCallActionHandler.java:115)
	at org.palladiosimulator.solver.core.handler.ExternalCallActionHandler.handle(ExternalCallActionHandler.java:87)
	at org.palladiosimulator.solver.core.visitors.SeffVisitor.caseExternalCallAction(SeffVisitor.java:210)
	at org.palladiosimulator.pcm.seff.util.SeffSwitch.doSwitch(SeffSwitch.java:305)
	at org.eclipse.emf.ecore.util.Switch.doSwitch(Switch.java:53)
	at org.eclipse.emf.ecore.util.Switch.doSwitch(Switch.java:69)
	at org.palladiosimulator.solver.core.visitors.SeffVisitor.caseStartAction(SeffVisitor.java:378)
	at org.palladiosimulator.pcm.seff.util.SeffSwitch.doSwitch(SeffSwitch.java:197)
	at org.eclipse.emf.ecore.util.Switch.doSwitch(Switch.java:53)
	at org.eclipse.emf.ecore.util.Switch.doSwitch(Switch.java:69)
	at org.palladiosimulator.solver.core.visitors.SeffVisitor.caseResourceDemandingBehaviour(SeffVisitor.java:327)
	at org.palladiosimulator.pcm.seff.util.SeffSwitch.doSwitch(SeffSwitch.java:135)
	at org.eclipse.emf.ecore.util.Switch.doSwitch(Switch.java:53)
	at org.eclipse.emf.ecore.util.Switch.doSwitch(Switch.java:69)
	at org.palladiosimulator.solver.core.handler.AbstractLoopActionHandler.visitLoopBody(AbstractLoopActionHandler.java:49)
	at org.palladiosimulator.solver.core.handler.LoopActionHandler.handle(LoopActionHandler.java:37)
	at org.palladiosimulator.solver.core.visitors.SeffVisitor.caseLoopAction(SeffVisitor.java:279)
	at org.palladiosimulator.pcm.seff.util.SeffSwitch.doSwitch(SeffSwitch.java:255)
	at org.eclipse.emf.ecore.util.Switch.doSwitch(Switch.java:53)
	at org.eclipse.emf.ecore.util.Switch.doSwitch(Switch.java:69)
	at org.palladiosimulator.solver.core.visitors.SeffVisitor.caseInternalAction(SeffVisitor.java:262)
	at org.palladiosimulator.pcm.seff.util.SeffSwitch.doSwitch(SeffSwitch.java:432)
	at org.eclipse.emf.ecore.util.Switch.doSwitch(Switch.java:53)
	at org.eclipse.emf.ecore.util.Switch.doSwitch(Switch.java:69)
	at org.palladiosimulator.solver.core.visitors.SeffVisitor.caseStartAction(SeffVisitor.java:378)
	at org.palladiosimulator.pcm.seff.util.SeffSwitch.doSwitch(SeffSwitch.java:197)
	at org.eclipse.emf.ecore.util.Switch.doSwitch(Switch.java:53)
	at org.eclipse.emf.ecore.util.Switch.doSwitch(Switch.java:69)
	at org.palladiosimulator.solver.core.visitors.SeffVisitor.caseResourceDemandingSEFF(SeffVisitor.java:343)
	at org.palladiosimulator.pcm.seff.util.SeffSwitch.doSwitch(SeffSwitch.java:218)
	at org.eclipse.emf.ecore.util.Switch.doSwitch(Switch.java:53)
	at org.eclipse.emf.ecore.util.Switch.doSwitch(Switch.java:69)
	at org.palladiosimulator.solver.core.handler.ExternalCallActionHandler.visitSEFF(ExternalCallActionHandler.java:115)
	at org.palladiosimulator.solver.core.handler.ExternalCallActionHandler.handle(ExternalCallActionHandler.java:87)
	at org.palladiosimulator.solver.core.visitors.SeffVisitor.caseExternalCallAction(SeffVisitor.java:210)
	at org.palladiosimulator.pcm.seff.util.SeffSwitch.doSwitch(SeffSwitch.java:305)
	at org.eclipse.emf.ecore.util.Switch.doSwitch(Switch.java:53)
	at org.eclipse.emf.ecore.util.Switch.doSwitch(Switch.java:69)
	at org.palladiosimulator.solver.core.visitors.SeffVisitor.caseStartAction(SeffVisitor.java:378)
	at org.palladiosimulator.pcm.seff.util.SeffSwitch.doSwitch(SeffSwitch.java:197)
	at org.eclipse.emf.ecore.util.Switch.doSwitch(Switch.java:53)
	at org.eclipse.emf.ecore.util.Switch.doSwitch(Switch.java:69)
	at org.palladiosimulator.solver.core.visitors.SeffVisitor.caseResourceDemandingBehaviour(SeffVisitor.java:327)
	at org.palladiosimulator.pcm.seff.util.SeffSwitch.doSwitch(SeffSwitch.java:135)
	at org.eclipse.emf.ecore.util.Switch.doSwitch(Switch.java:53)
	at org.eclipse.emf.ecore.util.Switch.doSwitch(Switch.java:69)
	at org.palladiosimulator.solver.core.handler.AbstractLoopActionHandler.visitLoopBody(AbstractLoopActionHandler.java:49)
	at org.palladiosimulator.solver.core.handler.LoopActionHandler.handle(LoopActionHandler.java:37)
	at org.palladiosimulator.solver.core.visitors.SeffVisitor.caseLoopAction(SeffVisitor.java:279)
	at org.palladiosimulator.pcm.seff.util.SeffSwitch.doSwitch(SeffSwitch.java:255)
	at org.eclipse.emf.ecore.util.Switch.doSwitch(Switch.java:53)
	at org.eclipse.emf.ecore.util.Switch.doSwitch(Switch.java:69)
	at org.palladiosimulator.solver.core.visitors.SeffVisitor.caseInternalAction(SeffVisitor.java:262)
	at org.palladiosimulator.pcm.seff.util.SeffSwitch.doSwitch(SeffSwitch.java:432)
	at org.eclipse.emf.ecore.util.Switch.doSwitch(Switch.java:53)
	at org.eclipse.emf.ecore.util.Switch.doSwitch(Switch.java:69)
	at org.palladiosimulator.solver.core.visitors.SeffVisitor.caseStartAction(SeffVisitor.java:378)
	at org.palladiosimulator.pcm.seff.util.SeffSwitch.doSwitch(SeffSwitch.java:197)
	at org.eclipse.emf.ecore.util.Switch.doSwitch(Switch.java:53)
	at org.eclipse.emf.ecore.util.Switch.doSwitch(Switch.java:69)
	at org.palladiosimulator.solver.core.visitors.SeffVisitor.caseResourceDemandingSEFF(SeffVisitor.java:343)
	at org.palladiosimulator.pcm.seff.util.SeffSwitch.doSwitch(SeffSwitch.java:218)
	at org.eclipse.emf.ecore.util.Switch.doSwitch(Switch.java:53)
	at org.eclipse.emf.ecore.util.Switch.doSwitch(Switch.java:69)
	at org.palladiosimulator.solver.core.handler.ExternalCallActionHandler.visitSEFF(ExternalCallActionHandler.java:115)
	at org.palladiosimulator.solver.core.handler.ExternalCallActionHandler.handle(ExternalCallActionHandler.java:87)
	at org.palladiosimulator.solver.core.visitors.SeffVisitor.caseExternalCallAction(SeffVisitor.java:210)
	at org.palladiosimulator.pcm.seff.util.SeffSwitch.doSwitch(SeffSwitch.java:305)
	at org.eclipse.emf.ecore.util.Switch.doSwitch(Switch.java:53)
	at org.eclipse.emf.ecore.util.Switch.doSwitch(Switch.java:69)
	at org.palladiosimulator.solver.core.visitors.SeffVisitor.caseStartAction(SeffVisitor.java:378)
	at org.palladiosimulator.pcm.seff.util.SeffSwitch.doSwitch(SeffSwitch.java:197)
	at org.eclipse.emf.ecore.util.Switch.doSwitch(Switch.java:53)
	at org.eclipse.emf.ecore.util.Switch.doSwitch(Switch.java:69)
	at org.palladiosimulator.solver.core.visitors.SeffVisitor.caseResourceDemandingBehaviour(SeffVisitor.java:327)
	at org.palladiosimulator.pcm.seff.util.SeffSwitch.doSwitch(SeffSwitch.java:135)
	at org.eclipse.emf.ecore.util.Switch.doSwitch(Switch.java:53)
	at org.eclipse.emf.ecore.util.Switch.doSwitch(Switch.java:69)
	at org.palladiosimulator.solver.core.handler.AbstractLoopActionHandler.visitLoopBody(AbstractLoopActionHandler.java:49)
	at org.palladiosimulator.solver.core.handler.LoopActionHandler.handle(LoopActionHandler.java:37)
	at org.palladiosimulator.solver.core.visitors.SeffVisitor.caseLoopAction(SeffVisitor.java:279)
	at org.palladiosimulator.pcm.seff.util.SeffSwitch.doSwitch(SeffSwitch.java:255)
	at org.eclipse.emf.ecore.util.Switch.doSwitch(Switch.java:53)
	at org.eclipse.emf.ecore.util.Switch.doSwitch(Switch.java:69)
	at org.palladiosimulator.solver.core.visitors.SeffVisitor.caseInternalAction(SeffVisitor.java:262)
	at org.palladiosimulator.pcm.seff.util.SeffSwitch.doSwitch(SeffSwitch.java:432)
	at org.eclipse.emf.ecore.util.Switch.doSwitch(Switch.java:53)
	at org.eclipse.emf.ecore.util.Switch.doSwitch(Switch.java:69)
	at org.palladiosimulator.solver.core.visitors.SeffVisitor.caseStartAction(SeffVisitor.java:378)
	at org.palladiosimulator.pcm.seff.util.SeffSwitch.doSwitch(SeffSwitch.java:197)
	at org.eclipse.emf.ecore.util.Switch.doSwitch(Switch.java:53)
	at org.eclipse.emf.ecore.util.Switch.doSwitch(Switch.java:69)
	at org.palladiosimulator.solver.core.visitors.SeffVisitor.caseResourceDemandingSEFF(SeffVisitor.java:343)
	at org.palladiosimulator.pcm.seff.util.SeffSwitch.doSwitch(SeffSwitch.java:218)
	at org.eclipse.emf.ecore.util.Switch.doSwitch(Switch.java:53)
	at org.eclipse.emf.ecore.util.Switch.doSwitch(Switch.java:69)
	at org.palladiosimulator.solver.core.handler.ExternalCallActionHandler.visitSEFF(ExternalCallActionHandler.java:115)
	at org.palladiosimulator.solver.core.handler.ExternalCallActionHandler.handle(ExternalCallActionHandler.java:87)
	at org.palladiosimulator.solver.core.visitors.SeffVisitor.caseExternalCallAction(SeffVisitor.java:210)
	at org.palladiosimulator.pcm.seff.util.SeffSwitch.doSwitch(SeffSwitch.java:305)
	at org.eclipse.emf.ecore.util.Switch.doSwitch(Switch.java:53)
	at org.eclipse.emf.ecore.util.Switch.doSwitch(Switch.java:69)
	at org.palladiosimulator.solver.core.visitors.SeffVisitor.caseStartAction(SeffVisitor.java:378)
	at org.palladiosimulator.pcm.seff.util.SeffSwitch.doSwitch(SeffSwitch.java:197)
	at org.eclipse.emf.ecore.util.Switch.doSwitch(Switch.java:53)
	at org.eclipse.emf.ecore.util.Switch.doSwitch(Switch.java:69)
	at org.palladiosimulator.solver.core.visitors.SeffVisitor.caseResourceDemandingBehaviour(SeffVisitor.java:327)
	at org.palladiosimulator.pcm.seff.util.SeffSwitch.doSwitch(SeffSwitch.java:135)
	at org.eclipse.emf.ecore.util.Switch.doSwitch(Switch.java:53)
	at org.eclipse.emf.ecore.util.Switch.doSwitch(Switch.java:69)
	at org.palladiosimulator.solver.core.handler.AbstractLoopActionHandler.visitLoopBody(AbstractLoopActionHandler.java:49)
	at org.palladiosimulator.solver.core.handler.LoopActionHandler.handle(LoopActionHandler.java:37)
	at org.palladiosimulator.solver.core.visitors.SeffVisitor.caseLoopAction(SeffVisitor.java:279)
	at org.palladiosimulator.pcm.seff.util.SeffSwitch.doSwitch(SeffSwitch.java:255)
	at org.eclipse.emf.ecore.util.Switch.doSwitch(Switch.java:53)
	at org.eclipse.emf.ecore.util.Switch.doSwitch(Switch.java:69)
	at org.palladiosimulator.solver.core.visitors.SeffVisitor.caseInternalAction(SeffVisitor.java:262)
	at org.palladiosimulator.pcm.seff.util.SeffSwitch.doSwitch(SeffSwitch.java:432)
	at org.eclipse.emf.ecore.util.Switch.doSwitch(Switch.java:53)
	at org.eclipse.emf.ecore.util.Switch.doSwitch(Switch.java:69)
	at org.palladiosimulator.solver.core.visitors.SeffVisitor.caseStartAction(SeffVisitor.java:378)
	at org.palladiosimulator.pcm.seff.util.SeffSwitch.doSwitch(SeffSwitch.java:197)
	at org.eclipse.emf.ecore.util.Switch.doSwitch(Switch.java:53)
	at org.eclipse.emf.ecore.util.Switch.doSwitch(Switch.java:69)
	at org.palladiosimulator.solver.core.visitors.SeffVisitor.caseResourceDemandingSEFF(SeffVisitor.java:343)
	at org.palladiosimulator.pcm.seff.util.SeffSwitch.doSwitch(SeffSwitch.java:218)
	at org.eclipse.emf.ecore.util.Switch.doSwitch(Switch.java:53)
	at org.eclipse.emf.ecore.util.Switch.doSwitch(Switch.java:69)
	at org.palladiosimulator.solver.core.handler.ExternalCallActionHandler.visitSEFF(ExternalCallActionHandler.java:115)
	at org.palladiosimulator.solver.core.handler.ExternalCallActionHandler.handle(ExternalCallActionHandler.java:87)
	at org.palladiosimulator.solver.core.visitors.SeffVisitor.caseExternalCallAction(SeffVisitor.java:210)
	at org.palladiosimulator.pcm.seff.util.SeffSwitch.doSwitch(SeffSwitch.java:305)
	at org.eclipse.emf.ecore.util.Switch.doSwitch(Switch.java:53)
	at org.eclipse.emf.ecore.util.Switch.doSwitch(Switch.java:69)
	at org.palladiosimulator.solver.core.visitors.SeffVisitor.caseStartAction(SeffVisitor.java:378)
	at org.palladiosimulator.pcm.seff.util.SeffSwitch.doSwitch(SeffSwitch.java:197)
	at org.eclipse.emf.ecore.util.Switch.doSwitch(Switch.java:53)
