audit	Read preserved health only and compare historical decoder versions	﻿2026-09-08T10:46:52.8942847Z ##[group]Run mkdir -p workflow-results/health-prefix-audit
audit	Read preserved health only and compare historical decoder versions	2026-09-08T10:46:52.8943348Z [36;1mmkdir -p workflow-results/health-prefix-audit[0m
audit	Read preserved health only and compare historical decoder versions	2026-09-08T10:46:52.8944029Z [36;1m/usr/bin/time -v -o workflow-results/health-prefix-audit/resource-usage.txt python -m telemetry_availability.health_prefix_audit[0m
audit	Read preserved health only and compare historical decoder versions	2026-09-08T10:46:52.8983379Z shell: /usr/bin/bash -e {0}
audit	Read preserved health only and compare historical decoder versions	2026-09-08T10:46:52.8983639Z env:
audit	Read preserved health only and compare historical decoder versions	2026-09-08T10:46:52.8983919Z   pythonLocation: /opt/hostedtoolcache/Python/3.13.15/x64
audit	Read preserved health only and compare historical decoder versions	2026-09-08T10:46:52.8984373Z   PKG_CONFIG_PATH: /opt/hostedtoolcache/Python/3.13.15/x64/lib/pkgconfig
audit	Read preserved health only and compare historical decoder versions	2026-09-08T10:46:52.8985173Z   Python_ROOT_DIR: /opt/hostedtoolcache/Python/3.13.15/x64
audit	Read preserved health only and compare historical decoder versions	2026-09-08T10:46:52.8985574Z   Python2_ROOT_DIR: /opt/hostedtoolcache/Python/3.13.15/x64
audit	Read preserved health only and compare historical decoder versions	2026-09-08T10:46:52.8985958Z   Python3_ROOT_DIR: /opt/hostedtoolcache/Python/3.13.15/x64
audit	Read preserved health only and compare historical decoder versions	2026-09-08T10:46:52.8986348Z   LD_LIBRARY_PATH: /opt/hostedtoolcache/Python/3.13.15/x64/lib
audit	Read preserved health only and compare historical decoder versions	2026-09-08T10:46:52.8989368Z   GH_TOKEN: ***
audit	Read preserved health only and compare historical decoder versions	2026-09-08T10:46:52.8989620Z ##[endgroup]
audit	Read preserved health only and compare historical decoder versions	2026-09-08T10:47:01.1017258Z Traceback (most recent call last):
audit	Read preserved health only and compare historical decoder versions	2026-09-08T10:47:01.1028837Z   File "<frozen runpy>", line 203, in _run_module_as_main
audit	Read preserved health only and compare historical decoder versions	2026-09-08T10:47:01.1029485Z   File "<frozen runpy>", line 88, in _run_code
audit	Read preserved health only and compare historical decoder versions	2026-09-08T10:47:01.1030509Z   File "/home/runner/work/telemetry-availability-identification/telemetry-availability-identification/src/telemetry_availability/health_prefix_audit.py", line 165, in <module>
audit	Read preserved health only and compare historical decoder versions	2026-09-08T10:47:01.1031709Z     main()
audit	Read preserved health only and compare historical decoder versions	2026-09-08T10:47:01.1031916Z     ~~~~^^
audit	Read preserved health only and compare historical decoder versions	2026-09-08T10:47:01.1032659Z   File "/home/runner/work/telemetry-availability-identification/telemetry-availability-identification/src/telemetry_availability/health_prefix_audit.py", line 109, in main
audit	Read preserved health only and compare historical decoder versions	2026-09-08T10:47:01.1033464Z     assert manifest['usable'] is True
audit	Read preserved health only and compare historical decoder versions	2026-09-08T10:47:01.1033731Z            ~~~~~~~~^^^^^^^^^^
audit	Read preserved health only and compare historical decoder versions	2026-09-08T10:47:01.1033964Z KeyError: 'usable'
audit	Read preserved health only and compare historical decoder versions	2026-09-08T10:47:01.1944878Z ##[error]Process completed with exit code 1.
