bootstrap	Run actions/setup-java@v5	﻿2026-09-08T07:21:00.5407726Z ##[group]Run actions/setup-java@v5
bootstrap	Run actions/setup-java@v5	2026-09-08T07:21:00.5408004Z with:
bootstrap	Run actions/setup-java@v5	2026-09-08T07:21:00.5408196Z   distribution: temurin
bootstrap	Run actions/setup-java@v5	2026-09-08T07:21:00.5408396Z   java-version: 17.0.20.1+1
bootstrap	Run actions/setup-java@v5	2026-09-08T07:21:00.5408599Z   java-package: jdk
bootstrap	Run actions/setup-java@v5	2026-09-08T07:21:00.5408759Z   check-latest: false
bootstrap	Run actions/setup-java@v5	2026-09-08T07:21:00.5408880Z   set-default: true
bootstrap	Run actions/setup-java@v5	2026-09-08T07:21:00.5409001Z   verify-signature: false
bootstrap	Run actions/setup-java@v5	2026-09-08T07:21:00.5409132Z   server-id: github
bootstrap	Run actions/setup-java@v5	2026-09-08T07:21:00.5409309Z   server-username: GITHUB_ACTOR
bootstrap	Run actions/setup-java@v5	2026-09-08T07:21:00.5409530Z   server-password: GITHUB_TOKEN
bootstrap	Run actions/setup-java@v5	2026-09-08T07:21:00.5409747Z   overwrite-settings: true
bootstrap	Run actions/setup-java@v5	2026-09-08T07:21:00.5409949Z   job-status: success
bootstrap	Run actions/setup-java@v5	2026-09-08T07:21:00.5412433Z   token: ***
bootstrap	Run actions/setup-java@v5	2026-09-08T07:21:00.5412568Z   show-download-progress: false
bootstrap	Run actions/setup-java@v5	2026-09-08T07:21:00.5412798Z env:
bootstrap	Run actions/setup-java@v5	2026-09-08T07:21:00.5413012Z   pythonLocation: /opt/hostedtoolcache/Python/3.13.15/x64
bootstrap	Run actions/setup-java@v5	2026-09-08T07:21:00.5413383Z   PKG_CONFIG_PATH: /opt/hostedtoolcache/Python/3.13.15/x64/lib/pkgconfig
bootstrap	Run actions/setup-java@v5	2026-09-08T07:21:00.5413962Z   Python_ROOT_DIR: /opt/hostedtoolcache/Python/3.13.15/x64
bootstrap	Run actions/setup-java@v5	2026-09-08T07:21:00.5414332Z   Python2_ROOT_DIR: /opt/hostedtoolcache/Python/3.13.15/x64
bootstrap	Run actions/setup-java@v5	2026-09-08T07:21:00.5414759Z   Python3_ROOT_DIR: /opt/hostedtoolcache/Python/3.13.15/x64
bootstrap	Run actions/setup-java@v5	2026-09-08T07:21:00.5415089Z   LD_LIBRARY_PATH: /opt/hostedtoolcache/Python/3.13.15/x64/lib
bootstrap	Run actions/setup-java@v5	2026-09-08T07:21:00.5415367Z ##[endgroup]
bootstrap	Run actions/setup-java@v5	2026-09-08T07:21:00.6407423Z ##[group]Installed distributions
bootstrap	Run actions/setup-java@v5	2026-09-08T07:21:00.6440615Z ##[error]The string '17.0.20.1+1' is not valid SemVer notation for a Java version. Please check README file for code snippets and more detailed information
bootstrap	Run actions/upload-artifact@v7	﻿2026-09-08T07:21:00.6592152Z ##[group]Run actions/upload-artifact@v7
bootstrap	Run actions/upload-artifact@v7	2026-09-08T07:21:00.6592434Z with:
bootstrap	Run actions/upload-artifact@v7	2026-09-08T07:21:00.6592613Z   name: petclinic-build-34198870157
bootstrap	Run actions/upload-artifact@v7	2026-09-08T07:21:00.6592978Z   path: workflow-results/petclinic-build
bootstrap	Run actions/upload-artifact@v7	!workflow-results/petclinic-build/image-context
bootstrap	Run actions/upload-artifact@v7	
bootstrap	Run actions/upload-artifact@v7	2026-09-08T07:21:00.6593358Z   retention-days: 90
bootstrap	Run actions/upload-artifact@v7	2026-09-08T07:21:00.6593542Z   if-no-files-found: error
bootstrap	Run actions/upload-artifact@v7	2026-09-08T07:21:00.6593761Z   compression-level: 1
bootstrap	Run actions/upload-artifact@v7	2026-09-08T07:21:00.6593940Z   overwrite: false
bootstrap	Run actions/upload-artifact@v7	2026-09-08T07:21:00.6594122Z   include-hidden-files: false
bootstrap	Run actions/upload-artifact@v7	2026-09-08T07:21:00.6594319Z   archive: true
bootstrap	Run actions/upload-artifact@v7	2026-09-08T07:21:00.6594669Z env:
bootstrap	Run actions/upload-artifact@v7	2026-09-08T07:21:00.6594876Z   pythonLocation: /opt/hostedtoolcache/Python/3.13.15/x64
bootstrap	Run actions/upload-artifact@v7	2026-09-08T07:21:00.6595221Z   PKG_CONFIG_PATH: /opt/hostedtoolcache/Python/3.13.15/x64/lib/pkgconfig
bootstrap	Run actions/upload-artifact@v7	2026-09-08T07:21:00.6595567Z   Python_ROOT_DIR: /opt/hostedtoolcache/Python/3.13.15/x64
bootstrap	Run actions/upload-artifact@v7	2026-09-08T07:21:00.6595944Z   Python2_ROOT_DIR: /opt/hostedtoolcache/Python/3.13.15/x64
bootstrap	Run actions/upload-artifact@v7	2026-09-08T07:21:00.6596258Z   Python3_ROOT_DIR: /opt/hostedtoolcache/Python/3.13.15/x64
bootstrap	Run actions/upload-artifact@v7	2026-09-08T07:21:00.6596606Z   LD_LIBRARY_PATH: /opt/hostedtoolcache/Python/3.13.15/x64/lib
bootstrap	Run actions/upload-artifact@v7	2026-09-08T07:21:00.6596874Z ##[endgroup]
bootstrap	Run actions/upload-artifact@v7	2026-09-08T07:21:00.7505817Z ##[error]No files were found with the provided path: workflow-results/petclinic-build
bootstrap	Run actions/upload-artifact@v7	!workflow-results/petclinic-build/image-context. No artifacts will be uploaded.
bootstrap	Run actions/upload-artifact@v7	﻿2026-09-08T07:21:00.7622476Z ##[group]Run actions/upload-artifact@v7
bootstrap	Run actions/upload-artifact@v7	2026-09-08T07:21:00.7622668Z with:
bootstrap	Run actions/upload-artifact@v7	2026-09-08T07:21:00.7622797Z   name: petclinic-probe-34198870157
bootstrap	Run actions/upload-artifact@v7	2026-09-08T07:21:00.7622958Z   path: workflow-results/petclinic-probe
bootstrap	Run actions/upload-artifact@v7	2026-09-08T07:21:00.7623108Z   retention-days: 90
bootstrap	Run actions/upload-artifact@v7	2026-09-08T07:21:00.7623233Z   if-no-files-found: error
bootstrap	Run actions/upload-artifact@v7	2026-09-08T07:21:00.7623366Z   compression-level: 6
bootstrap	Run actions/upload-artifact@v7	2026-09-08T07:21:00.7623487Z   overwrite: false
bootstrap	Run actions/upload-artifact@v7	2026-09-08T07:21:00.7623611Z   include-hidden-files: false
bootstrap	Run actions/upload-artifact@v7	2026-09-08T07:21:00.7623743Z   archive: true
bootstrap	Run actions/upload-artifact@v7	2026-09-08T07:21:00.7623855Z env:
bootstrap	Run actions/upload-artifact@v7	2026-09-08T07:21:00.7623993Z   pythonLocation: /opt/hostedtoolcache/Python/3.13.15/x64
bootstrap	Run actions/upload-artifact@v7	2026-09-08T07:21:00.7624223Z   PKG_CONFIG_PATH: /opt/hostedtoolcache/Python/3.13.15/x64/lib/pkgconfig
bootstrap	Run actions/upload-artifact@v7	2026-09-08T07:21:00.7624610Z   Python_ROOT_DIR: /opt/hostedtoolcache/Python/3.13.15/x64
bootstrap	Run actions/upload-artifact@v7	2026-09-08T07:21:00.7624923Z   Python2_ROOT_DIR: /opt/hostedtoolcache/Python/3.13.15/x64
bootstrap	Run actions/upload-artifact@v7	2026-09-08T07:21:00.7625231Z   Python3_ROOT_DIR: /opt/hostedtoolcache/Python/3.13.15/x64
bootstrap	Run actions/upload-artifact@v7	2026-09-08T07:21:00.7625529Z   LD_LIBRARY_PATH: /opt/hostedtoolcache/Python/3.13.15/x64/lib
bootstrap	Run actions/upload-artifact@v7	2026-09-08T07:21:00.7625704Z ##[endgroup]
bootstrap	Run actions/upload-artifact@v7	2026-09-08T07:21:00.8530714Z ##[error]No files were found with the provided path: workflow-results/petclinic-probe. No artifacts will be uploaded.
bootstrap	Run actions/upload-artifact@v7	﻿2026-09-08T07:21:01.5410229Z ##[group]Run actions/upload-artifact@v7
bootstrap	Run actions/upload-artifact@v7	2026-09-08T07:21:01.5410398Z with:
bootstrap	Run actions/upload-artifact@v7	2026-09-08T07:21:01.5410520Z   name: petclinic-compact-34198870157
bootstrap	Run actions/upload-artifact@v7	2026-09-08T07:21:01.5410673Z   path: workflow-results/petclinic-compact
bootstrap	Run actions/upload-artifact@v7	2026-09-08T07:21:01.5410819Z   retention-days: 90
bootstrap	Run actions/upload-artifact@v7	2026-09-08T07:21:01.5410937Z   if-no-files-found: error
bootstrap	Run actions/upload-artifact@v7	2026-09-08T07:21:01.5411063Z   compression-level: 6
bootstrap	Run actions/upload-artifact@v7	2026-09-08T07:21:01.5411178Z   overwrite: false
bootstrap	Run actions/upload-artifact@v7	2026-09-08T07:21:01.5411293Z   include-hidden-files: false
bootstrap	Run actions/upload-artifact@v7	2026-09-08T07:21:01.5411416Z   archive: true
bootstrap	Run actions/upload-artifact@v7	2026-09-08T07:21:01.5411518Z env:
bootstrap	Run actions/upload-artifact@v7	2026-09-08T07:21:01.5411651Z   pythonLocation: /opt/hostedtoolcache/Python/3.13.15/x64
bootstrap	Run actions/upload-artifact@v7	2026-09-08T07:21:01.5411873Z   PKG_CONFIG_PATH: /opt/hostedtoolcache/Python/3.13.15/x64/lib/pkgconfig
bootstrap	Run actions/upload-artifact@v7	2026-09-08T07:21:01.5412089Z   Python_ROOT_DIR: /opt/hostedtoolcache/Python/3.13.15/x64
bootstrap	Run actions/upload-artifact@v7	2026-09-08T07:21:01.5412297Z   Python2_ROOT_DIR: /opt/hostedtoolcache/Python/3.13.15/x64
bootstrap	Run actions/upload-artifact@v7	2026-09-08T07:21:01.5412489Z   Python3_ROOT_DIR: /opt/hostedtoolcache/Python/3.13.15/x64
bootstrap	Run actions/upload-artifact@v7	2026-09-08T07:21:01.5412700Z   LD_LIBRARY_PATH: /opt/hostedtoolcache/Python/3.13.15/x64/lib
bootstrap	Run actions/upload-artifact@v7	2026-09-08T07:21:01.5412864Z ##[endgroup]
bootstrap	Run actions/upload-artifact@v7	2026-09-08T07:21:01.6320077Z ##[error]No files were found with the provided path: workflow-results/petclinic-compact. No artifacts will be uploaded.
