compare (spring_petclinic_microservices)	Verify all native backends on bounded exact controls	2026-09-11T11:45:11.5359359Z native control passed: prepared_specialized
compare (spring_petclinic_microservices)	Verify all native backends on bounded exact controls	2026-09-11T11:45:11.6811580Z native control passed: cudd_controls_first
compare (spring_petclinic_microservices)	Verify all native backends on bounded exact controls	2026-09-11T11:45:11.7009580Z native control passed: cudd_sift_once
compare (spring_petclinic_microservices)	Verify all native backends on bounded exact controls	2026-09-11T11:45:11.7329038Z Traceback (most recent call last):
compare (spring_petclinic_microservices)	Verify all native backends on bounded exact controls	2026-09-11T11:45:11.7336907Z   File "/home/runner/work/telemetry-availability-identification/telemetry-availability-identification/scripts/benchmark_v3_exact_backends_v1.py", line 52, in native_controls
compare (spring_petclinic_microservices)	Verify all native backends on bounded exact controls	2026-09-11T11:45:11.7338612Z   File "/home/runner/work/telemetry-availability-identification/telemetry-availability-identification/scripts/benchmark_v3_exact_backends_v1.py", line 35, in backend
compare (spring_petclinic_microservices)	Verify all native backends on bounded exact controls	2026-09-11T11:45:11.7340331Z   File "/home/runner/work/telemetry-availability-identification/telemetry-availability-identification/src/telemetry_availability/agrum_exact_v1.py", line 30, in __init__
compare (spring_petclinic_microservices)	Verify all native backends on bounded exact controls	2026-09-11T11:45:11.7342032Z   File "/home/runner/work/telemetry-availability-identification/telemetry-availability-identification/src/telemetry_availability/agrum_exact_v1.py", line 56, in update
compare (spring_petclinic_microservices)	Verify all native backends on bounded exact controls	2026-09-11T11:45:11.7343084Z   File "/opt/hostedtoolcache/Python/3.11.16/x64/lib/python3.11/site-packages/pyagrum/pyagrum.py", line 17402, in setMaxMemory
compare (spring_petclinic_microservices)	Verify all native backends on bounded exact controls	2026-09-11T11:45:11.7344231Z TypeError: in method 'LazyPropagation_setMaxMemory', argument 2 of type 'int'
compare (spring_petclinic_microservices)	Verify all native backends on bounded exact controls	2026-09-11T11:45:11.8362712Z native control passed: storm_exact
compare (spring_petclinic_microservices)	Verify all native backends on bounded exact controls	2026-09-11T11:45:11.8363147Z Traceback (most recent call last):
compare (spring_petclinic_microservices)	Verify all native backends on bounded exact controls	2026-09-11T11:45:11.8364205Z   File "/home/runner/work/telemetry-availability-identification/telemetry-availability-identification/scripts/benchmark_v3_exact_backends_v1.py", line 183, in <module>
compare (spring_petclinic_microservices)	Verify all native backends on bounded exact controls	2026-09-11T11:45:11.8366634Z   File "/home/runner/work/telemetry-availability-identification/telemetry-availability-identification/scripts/benchmark_v3_exact_backends_v1.py", line 178, in main
compare (spring_petclinic_microservices)	Verify all native backends on bounded exact controls	2026-09-11T11:45:11.8368995Z   File "/home/runner/work/telemetry-availability-identification/telemetry-availability-identification/scripts/benchmark_v3_exact_backends_v1.py", line 58, in native_controls
compare (spring_petclinic_microservices)	Verify all native backends on bounded exact controls	2026-09-11T11:45:11.8371559Z   File "/home/runner/work/telemetry-availability-identification/telemetry-availability-identification/scripts/benchmark_v3_exact_backends_v1.py", line 27, in require
compare (spring_petclinic_microservices)	Verify all native backends on bounded exact controls	2026-09-11T11:45:11.8373436Z ValueError: native controls failed: ["agrum_lazy: in method 'LazyPropagation_setMaxMemory', argument 2 of type 'int'"]
compare (synthetic)	Verify all native backends on bounded exact controls	2026-09-11T11:45:08.8247482Z native control passed: prepared_specialized
compare (synthetic)	Verify all native backends on bounded exact controls	2026-09-11T11:45:09.0154390Z native control passed: cudd_controls_first
compare (synthetic)	Verify all native backends on bounded exact controls	2026-09-11T11:45:09.0353638Z native control passed: cudd_sift_once
compare (synthetic)	Verify all native backends on bounded exact controls	2026-09-11T11:45:09.0640135Z Traceback (most recent call last):
compare (synthetic)	Verify all native backends on bounded exact controls	2026-09-11T11:45:09.0648130Z   File "/home/runner/work/telemetry-availability-identification/telemetry-availability-identification/scripts/benchmark_v3_exact_backends_v1.py", line 52, in native_controls
compare (synthetic)	Verify all native backends on bounded exact controls	2026-09-11T11:45:09.0651268Z   File "/home/runner/work/telemetry-availability-identification/telemetry-availability-identification/scripts/benchmark_v3_exact_backends_v1.py", line 35, in backend
compare (synthetic)	Verify all native backends on bounded exact controls	2026-09-11T11:45:09.0653441Z   File "/home/runner/work/telemetry-availability-identification/telemetry-availability-identification/src/telemetry_availability/agrum_exact_v1.py", line 30, in __init__
compare (synthetic)	Verify all native backends on bounded exact controls	2026-09-11T11:45:09.0656174Z   File "/home/runner/work/telemetry-availability-identification/telemetry-availability-identification/src/telemetry_availability/agrum_exact_v1.py", line 56, in update
compare (synthetic)	Verify all native backends on bounded exact controls	2026-09-11T11:45:09.0657868Z   File "/opt/hostedtoolcache/Python/3.11.16/x64/lib/python3.11/site-packages/pyagrum/pyagrum.py", line 17402, in setMaxMemory
compare (synthetic)	Verify all native backends on bounded exact controls	2026-09-11T11:45:09.0659724Z TypeError: in method 'LazyPropagation_setMaxMemory', argument 2 of type 'int'
compare (synthetic)	Verify all native backends on bounded exact controls	2026-09-11T11:45:09.2250579Z native control passed: storm_exact
compare (synthetic)	Verify all native backends on bounded exact controls	2026-09-11T11:45:09.2251151Z Traceback (most recent call last):
compare (synthetic)	Verify all native backends on bounded exact controls	2026-09-11T11:45:09.2252234Z   File "/home/runner/work/telemetry-availability-identification/telemetry-availability-identification/scripts/benchmark_v3_exact_backends_v1.py", line 183, in <module>
compare (synthetic)	Verify all native backends on bounded exact controls	2026-09-11T11:45:09.2254532Z   File "/home/runner/work/telemetry-availability-identification/telemetry-availability-identification/scripts/benchmark_v3_exact_backends_v1.py", line 178, in main
compare (synthetic)	Verify all native backends on bounded exact controls	2026-09-11T11:45:09.2256725Z   File "/home/runner/work/telemetry-availability-identification/telemetry-availability-identification/scripts/benchmark_v3_exact_backends_v1.py", line 58, in native_controls
compare (synthetic)	Verify all native backends on bounded exact controls	2026-09-11T11:45:09.2259163Z   File "/home/runner/work/telemetry-availability-identification/telemetry-availability-identification/scripts/benchmark_v3_exact_backends_v1.py", line 27, in require
compare (synthetic)	Verify all native backends on bounded exact controls	2026-09-11T11:45:09.2261173Z ValueError: native controls failed: ["agrum_lazy: in method 'LazyPropagation_setMaxMemory', argument 2 of type 'int'"]
compare (opentelemetry_demo)	Verify all native backends on bounded exact controls	2026-09-11T11:45:19.0334372Z native control passed: prepared_specialized
compare (opentelemetry_demo)	Verify all native backends on bounded exact controls	2026-09-11T11:45:19.2473942Z native control passed: cudd_controls_first
compare (opentelemetry_demo)	Verify all native backends on bounded exact controls	2026-09-11T11:45:19.2755792Z native control passed: cudd_sift_once
compare (opentelemetry_demo)	Verify all native backends on bounded exact controls	2026-09-11T11:45:19.3171915Z Traceback (most recent call last):
compare (opentelemetry_demo)	Verify all native backends on bounded exact controls	2026-09-11T11:45:19.3182342Z   File "/home/runner/work/telemetry-availability-identification/telemetry-availability-identification/scripts/benchmark_v3_exact_backends_v1.py", line 52, in native_controls
compare (opentelemetry_demo)	Verify all native backends on bounded exact controls	2026-09-11T11:45:19.3185562Z   File "/home/runner/work/telemetry-availability-identification/telemetry-availability-identification/scripts/benchmark_v3_exact_backends_v1.py", line 35, in backend
compare (opentelemetry_demo)	Verify all native backends on bounded exact controls	2026-09-11T11:45:19.3188276Z   File "/home/runner/work/telemetry-availability-identification/telemetry-availability-identification/src/telemetry_availability/agrum_exact_v1.py", line 30, in __init__
compare (opentelemetry_demo)	Verify all native backends on bounded exact controls	2026-09-11T11:45:19.3191413Z   File "/home/runner/work/telemetry-availability-identification/telemetry-availability-identification/src/telemetry_availability/agrum_exact_v1.py", line 56, in update
compare (opentelemetry_demo)	Verify all native backends on bounded exact controls	2026-09-11T11:45:19.3193080Z   File "/opt/hostedtoolcache/Python/3.11.16/x64/lib/python3.11/site-packages/pyagrum/pyagrum.py", line 17402, in setMaxMemory
compare (opentelemetry_demo)	Verify all native backends on bounded exact controls	2026-09-11T11:45:19.3194881Z TypeError: in method 'LazyPropagation_setMaxMemory', argument 2 of type 'int'
compare (opentelemetry_demo)	Verify all native backends on bounded exact controls	2026-09-11T11:45:19.5331109Z Traceback (most recent call last):
compare (opentelemetry_demo)	Verify all native backends on bounded exact controls	2026-09-11T11:45:19.5333181Z   File "/home/runner/work/telemetry-availability-identification/telemetry-availability-identification/scripts/benchmark_v3_exact_backends_v1.py", line 183, in <module>
compare (opentelemetry_demo)	Verify all native backends on bounded exact controls	2026-09-11T11:45:19.5334992Z native control passed: storm_exact
compare (opentelemetry_demo)	Verify all native backends on bounded exact controls	2026-09-11T11:45:19.5337891Z   File "/home/runner/work/telemetry-availability-identification/telemetry-availability-identification/scripts/benchmark_v3_exact_backends_v1.py", line 178, in main
compare (opentelemetry_demo)	Verify all native backends on bounded exact controls	2026-09-11T11:45:19.5340435Z   File "/home/runner/work/telemetry-availability-identification/telemetry-availability-identification/scripts/benchmark_v3_exact_backends_v1.py", line 58, in native_controls
compare (opentelemetry_demo)	Verify all native backends on bounded exact controls	2026-09-11T11:45:19.5343566Z   File "/home/runner/work/telemetry-availability-identification/telemetry-availability-identification/scripts/benchmark_v3_exact_backends_v1.py", line 27, in require
compare (opentelemetry_demo)	Verify all native backends on bounded exact controls	2026-09-11T11:45:19.5391981Z ValueError: native controls failed: ["agrum_lazy: in method 'LazyPropagation_setMaxMemory', argument 2 of type 'int'"]
compare (deathstarbench_social_network)	Verify all native backends on bounded exact controls	2026-09-11T11:45:12.7060662Z native control passed: prepared_specialized
compare (deathstarbench_social_network)	Verify all native backends on bounded exact controls	2026-09-11T11:45:13.0456387Z native control passed: cudd_controls_first
compare (deathstarbench_social_network)	Verify all native backends on bounded exact controls	2026-09-11T11:45:13.0685419Z native control passed: cudd_sift_once
compare (deathstarbench_social_network)	Verify all native backends on bounded exact controls	2026-09-11T11:45:13.0996933Z Traceback (most recent call last):
compare (deathstarbench_social_network)	Verify all native backends on bounded exact controls	2026-09-11T11:45:13.1003580Z   File "/home/runner/work/telemetry-availability-identification/telemetry-availability-identification/scripts/benchmark_v3_exact_backends_v1.py", line 52, in native_controls
compare (deathstarbench_social_network)	Verify all native backends on bounded exact controls	2026-09-11T11:45:13.1006051Z   File "/home/runner/work/telemetry-availability-identification/telemetry-availability-identification/scripts/benchmark_v3_exact_backends_v1.py", line 35, in backend
compare (deathstarbench_social_network)	Verify all native backends on bounded exact controls	2026-09-11T11:45:13.1007790Z   File "/home/runner/work/telemetry-availability-identification/telemetry-availability-identification/src/telemetry_availability/agrum_exact_v1.py", line 30, in __init__
compare (deathstarbench_social_network)	Verify all native backends on bounded exact controls	2026-09-11T11:45:13.1009804Z   File "/home/runner/work/telemetry-availability-identification/telemetry-availability-identification/src/telemetry_availability/agrum_exact_v1.py", line 56, in update
compare (deathstarbench_social_network)	Verify all native backends on bounded exact controls	2026-09-11T11:45:13.1011077Z   File "/opt/hostedtoolcache/Python/3.11.16/x64/lib/python3.11/site-packages/pyagrum/pyagrum.py", line 17402, in setMaxMemory
compare (deathstarbench_social_network)	Verify all native backends on bounded exact controls	2026-09-11T11:45:13.1012562Z TypeError: in method 'LazyPropagation_setMaxMemory', argument 2 of type 'int'
compare (deathstarbench_social_network)	Verify all native backends on bounded exact controls	2026-09-11T11:45:13.5052203Z Traceback (most recent call last):
compare (deathstarbench_social_network)	Verify all native backends on bounded exact controls	2026-09-11T11:45:13.5053982Z   File "/home/runner/work/telemetry-availability-identification/telemetry-availability-identification/scripts/benchmark_v3_exact_backends_v1.py", line 183, in <module>
compare (deathstarbench_social_network)	Verify all native backends on bounded exact controls	2026-09-11T11:45:13.5055053Z native control passed: storm_exact
compare (deathstarbench_social_network)	Verify all native backends on bounded exact controls	2026-09-11T11:45:13.5058094Z   File "/home/runner/work/telemetry-availability-identification/telemetry-availability-identification/scripts/benchmark_v3_exact_backends_v1.py", line 178, in main
compare (deathstarbench_social_network)	Verify all native backends on bounded exact controls	2026-09-11T11:45:13.5061994Z   File "/home/runner/work/telemetry-availability-identification/telemetry-availability-identification/scripts/benchmark_v3_exact_backends_v1.py", line 58, in native_controls
compare (deathstarbench_social_network)	Verify all native backends on bounded exact controls	2026-09-11T11:45:13.5066115Z   File "/home/runner/work/telemetry-availability-identification/telemetry-availability-identification/scripts/benchmark_v3_exact_backends_v1.py", line 27, in require
compare (deathstarbench_social_network)	Verify all native backends on bounded exact controls	2026-09-11T11:45:13.5069274Z ValueError: native controls failed: ["agrum_lazy: in method 'LazyPropagation_setMaxMemory', argument 2 of type 'int'"]
