compare (synthetic)	Verify all native backends on bounded exact controls	2026-09-11T11:42:32.2288334Z native control passed: prepared_specialized
compare (synthetic)	Verify all native backends on bounded exact controls	2026-09-11T11:42:32.8894810Z native control passed: cudd_controls_first
compare (synthetic)	Verify all native backends on bounded exact controls	2026-09-11T11:42:32.9153041Z native control passed: cudd_sift_once
compare (synthetic)	Verify all native backends on bounded exact controls	2026-09-11T11:42:32.9401193Z Traceback (most recent call last):
compare (synthetic)	Verify all native backends on bounded exact controls	2026-09-11T11:42:32.9409340Z   File "/home/runner/work/telemetry-availability-identification/telemetry-availability-identification/scripts/benchmark_v3_exact_backends_v1.py", line 177, in <module>
compare (synthetic)	Verify all native backends on bounded exact controls	2026-09-11T11:42:32.9412687Z   File "/home/runner/work/telemetry-availability-identification/telemetry-availability-identification/scripts/benchmark_v3_exact_backends_v1.py", line 172, in main
compare (synthetic)	Verify all native backends on bounded exact controls	2026-09-11T11:42:32.9414921Z   File "/home/runner/work/telemetry-availability-identification/telemetry-availability-identification/scripts/benchmark_v3_exact_backends_v1.py", line 49, in native_controls
compare (synthetic)	Verify all native backends on bounded exact controls	2026-09-11T11:42:32.9416951Z   File "/home/runner/work/telemetry-availability-identification/telemetry-availability-identification/scripts/benchmark_v3_exact_backends_v1.py", line 35, in backend
compare (synthetic)	Verify all native backends on bounded exact controls	2026-09-11T11:42:32.9419186Z   File "/home/runner/work/telemetry-availability-identification/telemetry-availability-identification/src/telemetry_availability/agrum_exact_v1.py", line 24, in __init__
compare (synthetic)	Verify all native backends on bounded exact controls	2026-09-11T11:42:32.9421335Z   File "/opt/hostedtoolcache/Python/3.11.16/x64/lib/python3.11/site-packages/pyagrum/pyagrum.py", line 14550, in addArc
compare (synthetic)	Verify all native backends on bounded exact controls	2026-09-11T11:42:32.9422759Z TypeError: expected bytes, int found
compare (deathstarbench_social_network)	Verify all native backends on bounded exact controls	2026-09-11T11:42:22.2195962Z native control passed: prepared_specialized
compare (deathstarbench_social_network)	Verify all native backends on bounded exact controls	2026-09-11T11:42:22.4138597Z native control passed: cudd_controls_first
compare (deathstarbench_social_network)	Verify all native backends on bounded exact controls	2026-09-11T11:42:22.4395960Z native control passed: cudd_sift_once
compare (deathstarbench_social_network)	Verify all native backends on bounded exact controls	2026-09-11T11:42:22.4727383Z Traceback (most recent call last):
compare (deathstarbench_social_network)	Verify all native backends on bounded exact controls	2026-09-11T11:42:22.4735562Z   File "/home/runner/work/telemetry-availability-identification/telemetry-availability-identification/scripts/benchmark_v3_exact_backends_v1.py", line 177, in <module>
compare (deathstarbench_social_network)	Verify all native backends on bounded exact controls	2026-09-11T11:42:22.4739317Z   File "/home/runner/work/telemetry-availability-identification/telemetry-availability-identification/scripts/benchmark_v3_exact_backends_v1.py", line 172, in main
compare (deathstarbench_social_network)	Verify all native backends on bounded exact controls	2026-09-11T11:42:22.4751012Z   File "/home/runner/work/telemetry-availability-identification/telemetry-availability-identification/scripts/benchmark_v3_exact_backends_v1.py", line 49, in native_controls
compare (deathstarbench_social_network)	Verify all native backends on bounded exact controls	2026-09-11T11:42:22.4754096Z   File "/home/runner/work/telemetry-availability-identification/telemetry-availability-identification/scripts/benchmark_v3_exact_backends_v1.py", line 35, in backend
compare (deathstarbench_social_network)	Verify all native backends on bounded exact controls	2026-09-11T11:42:22.4756730Z   File "/home/runner/work/telemetry-availability-identification/telemetry-availability-identification/src/telemetry_availability/agrum_exact_v1.py", line 24, in __init__
compare (deathstarbench_social_network)	Verify all native backends on bounded exact controls	2026-09-11T11:42:22.4759510Z   File "/opt/hostedtoolcache/Python/3.11.16/x64/lib/python3.11/site-packages/pyagrum/pyagrum.py", line 14550, in addArc
compare (deathstarbench_social_network)	Verify all native backends on bounded exact controls	2026-09-11T11:42:22.4761152Z TypeError: expected bytes, int found
compare (opentelemetry_demo)	Verify all native backends on bounded exact controls	2026-09-11T11:42:20.2668374Z native control passed: prepared_specialized
compare (opentelemetry_demo)	Verify all native backends on bounded exact controls	2026-09-11T11:42:20.4972761Z native control passed: cudd_controls_first
compare (opentelemetry_demo)	Verify all native backends on bounded exact controls	2026-09-11T11:42:20.5226672Z native control passed: cudd_sift_once
compare (opentelemetry_demo)	Verify all native backends on bounded exact controls	2026-09-11T11:42:20.5506782Z Traceback (most recent call last):
compare (opentelemetry_demo)	Verify all native backends on bounded exact controls	2026-09-11T11:42:20.5516087Z   File "/home/runner/work/telemetry-availability-identification/telemetry-availability-identification/scripts/benchmark_v3_exact_backends_v1.py", line 177, in <module>
compare (opentelemetry_demo)	Verify all native backends on bounded exact controls	2026-09-11T11:42:20.5519588Z   File "/home/runner/work/telemetry-availability-identification/telemetry-availability-identification/scripts/benchmark_v3_exact_backends_v1.py", line 172, in main
compare (opentelemetry_demo)	Verify all native backends on bounded exact controls	2026-09-11T11:42:20.5523032Z   File "/home/runner/work/telemetry-availability-identification/telemetry-availability-identification/scripts/benchmark_v3_exact_backends_v1.py", line 49, in native_controls
compare (opentelemetry_demo)	Verify all native backends on bounded exact controls	2026-09-11T11:42:20.5526323Z   File "/home/runner/work/telemetry-availability-identification/telemetry-availability-identification/scripts/benchmark_v3_exact_backends_v1.py", line 35, in backend
compare (opentelemetry_demo)	Verify all native backends on bounded exact controls	2026-09-11T11:42:20.5529264Z   File "/home/runner/work/telemetry-availability-identification/telemetry-availability-identification/src/telemetry_availability/agrum_exact_v1.py", line 24, in __init__
compare (opentelemetry_demo)	Verify all native backends on bounded exact controls	2026-09-11T11:42:20.5532320Z   File "/opt/hostedtoolcache/Python/3.11.16/x64/lib/python3.11/site-packages/pyagrum/pyagrum.py", line 14550, in addArc
compare (opentelemetry_demo)	Verify all native backends on bounded exact controls	2026-09-11T11:42:20.5534109Z TypeError: expected bytes, int found
compare (spring_petclinic_microservices)	Verify all native backends on bounded exact controls	2026-09-11T11:42:21.5632099Z native control passed: prepared_specialized
compare (spring_petclinic_microservices)	Verify all native backends on bounded exact controls	2026-09-11T11:42:21.7622105Z native control passed: cudd_controls_first
compare (spring_petclinic_microservices)	Verify all native backends on bounded exact controls	2026-09-11T11:42:21.7883770Z native control passed: cudd_sift_once
compare (spring_petclinic_microservices)	Verify all native backends on bounded exact controls	2026-09-11T11:42:21.8210379Z Traceback (most recent call last):
compare (spring_petclinic_microservices)	Verify all native backends on bounded exact controls	2026-09-11T11:42:21.8220638Z   File "/home/runner/work/telemetry-availability-identification/telemetry-availability-identification/scripts/benchmark_v3_exact_backends_v1.py", line 177, in <module>
compare (spring_petclinic_microservices)	Verify all native backends on bounded exact controls	2026-09-11T11:42:21.8223182Z   File "/home/runner/work/telemetry-availability-identification/telemetry-availability-identification/scripts/benchmark_v3_exact_backends_v1.py", line 172, in main
compare (spring_petclinic_microservices)	Verify all native backends on bounded exact controls	2026-09-11T11:42:21.8225357Z   File "/home/runner/work/telemetry-availability-identification/telemetry-availability-identification/scripts/benchmark_v3_exact_backends_v1.py", line 49, in native_controls
compare (spring_petclinic_microservices)	Verify all native backends on bounded exact controls	2026-09-11T11:42:21.8227385Z   File "/home/runner/work/telemetry-availability-identification/telemetry-availability-identification/scripts/benchmark_v3_exact_backends_v1.py", line 35, in backend
compare (spring_petclinic_microservices)	Verify all native backends on bounded exact controls	2026-09-11T11:42:21.8229057Z   File "/home/runner/work/telemetry-availability-identification/telemetry-availability-identification/src/telemetry_availability/agrum_exact_v1.py", line 24, in __init__
compare (spring_petclinic_microservices)	Verify all native backends on bounded exact controls	2026-09-11T11:42:21.8230857Z   File "/opt/hostedtoolcache/Python/3.11.16/x64/lib/python3.11/site-packages/pyagrum/pyagrum.py", line 14550, in addArc
compare (spring_petclinic_microservices)	Verify all native backends on bounded exact controls	2026-09-11T11:42:21.8232235Z TypeError: expected bytes, int found
